Archive member included to satisfy reference by file (symbol)

e:/stm32-gcc/gcc-arm-none-eabi-10.3-2021.10/bin/../lib/gcc/arm-none-eabi/10.3.1/../../../../arm-none-eabi/lib/thumb/v7e-m+fp/hard\libc.a(lib_a-exit.o)
                              e:/stm32-gcc/gcc-arm-none-eabi-10.3-2021.10/bin/../lib/gcc/arm-none-eabi/10.3.1/../../../../arm-none-eabi/lib/thumb/v7e-m+fp/hard/crt0.o (exit)
e:/stm32-gcc/gcc-arm-none-eabi-10.3-2021.10/bin/../lib/gcc/arm-none-eabi/10.3.1/../../../../arm-none-eabi/lib/thumb/v7e-m+fp/hard\libc.a(lib_a-impure.o)
                              e:/stm32-gcc/gcc-arm-none-eabi-10.3-2021.10/bin/../lib/gcc/arm-none-eabi/10.3.1/../../../../arm-none-eabi/lib/thumb/v7e-m+fp/hard\libc.a(lib_a-exit.o) (_global_impure_ptr)
e:/stm32-gcc/gcc-arm-none-eabi-10.3-2021.10/bin/../lib/gcc/arm-none-eabi/10.3.1/../../../../arm-none-eabi/lib/thumb/v7e-m+fp/hard\libc.a(lib_a-init.o)
                              e:/stm32-gcc/gcc-arm-none-eabi-10.3-2021.10/bin/../lib/gcc/arm-none-eabi/10.3.1/../../../../arm-none-eabi/lib/thumb/v7e-m+fp/hard/crt0.o (__libc_init_array)
e:/stm32-gcc/gcc-arm-none-eabi-10.3-2021.10/bin/../lib/gcc/arm-none-eabi/10.3.1/../../../../arm-none-eabi/lib/thumb/v7e-m+fp/hard\libc.a(lib_a-memcpy.o)
                              build/flash.o (memcpy)
e:/stm32-gcc/gcc-arm-none-eabi-10.3-2021.10/bin/../lib/gcc/arm-none-eabi/10.3.1/../../../../arm-none-eabi/lib/thumb/v7e-m+fp/hard\libc.a(lib_a-memset.o)
                              e:/stm32-gcc/gcc-arm-none-eabi-10.3-2021.10/bin/../lib/gcc/arm-none-eabi/10.3.1/../../../../arm-none-eabi/lib/thumb/v7e-m+fp/hard/crt0.o (memset)
e:/stm32-gcc/gcc-arm-none-eabi-10.3-2021.10/bin/../lib/gcc/arm-none-eabi/10.3.1/../../../../arm-none-eabi/lib/thumb/v7e-m+fp/hard\libc.a(lib_a-strlen.o)
                              build/command.o (strlen)
e:/stm32-gcc/gcc-arm-none-eabi-10.3-2021.10/bin/../lib/gcc/arm-none-eabi/10.3.1/../../../../arm-none-eabi/lib/thumb/v7e-m+fp/hard\libc.a(lib_a-strncpy.o)
                              build/command.o (strncpy)
e:/stm32-gcc/gcc-arm-none-eabi-10.3-2021.10/bin/../lib/gcc/arm-none-eabi/10.3.1/../../../../arm-none-eabi/lib/thumb/v7e-m+fp/hard\libc.a(lib_a-vsnprintf.o)
                              build/command.o (vsnprintf)
e:/stm32-gcc/gcc-arm-none-eabi-10.3-2021.10/bin/../lib/gcc/arm-none-eabi/10.3.1/../../../../arm-none-eabi/lib/thumb/v7e-m+fp/hard\libc.a(lib_a-__call_atexit.o)
                              e:/stm32-gcc/gcc-arm-none-eabi-10.3-2021.10/bin/../lib/gcc/arm-none-eabi/10.3.1/../../../../arm-none-eabi/lib/thumb/v7e-m+fp/hard\libc.a(lib_a-exit.o) (__call_exitprocs)
e:/stm32-gcc/gcc-arm-none-eabi-10.3-2021.10/bin/../lib/gcc/arm-none-eabi/10.3.1/../../../../arm-none-eabi/lib/thumb/v7e-m+fp/hard\libc.a(lib_a-atexit.o)
                              e:/stm32-gcc/gcc-arm-none-eabi-10.3-2021.10/bin/../lib/gcc/arm-none-eabi/10.3.1/../../../../arm-none-eabi/lib/thumb/v7e-m+fp/hard\libc.a(lib_a-__call_atexit.o) (atexit)
e:/stm32-gcc/gcc-arm-none-eabi-10.3-2021.10/bin/../lib/gcc/arm-none-eabi/10.3.1/../../../../arm-none-eabi/lib/thumb/v7e-m+fp/hard\libc.a(lib_a-fini.o)
                              e:/stm32-gcc/gcc-arm-none-eabi-10.3-2021.10/bin/../lib/gcc/arm-none-eabi/10.3.1/../../../../arm-none-eabi/lib/thumb/v7e-m+fp/hard\libc.a(lib_a-__call_atexit.o) (__libc_fini_array)
e:/stm32-gcc/gcc-arm-none-eabi-10.3-2021.10/bin/../lib/gcc/arm-none-eabi/10.3.1/../../../../arm-none-eabi/lib/thumb/v7e-m+fp/hard\libc.a(lib_a-lock.o)
                              e:/stm32-gcc/gcc-arm-none-eabi-10.3-2021.10/bin/../lib/gcc/arm-none-eabi/10.3.1/../../../../arm-none-eabi/lib/thumb/v7e-m+fp/hard\libc.a(lib_a-__call_atexit.o) (__retarget_lock_acquire_recursive)
e:/stm32-gcc/gcc-arm-none-eabi-10.3-2021.10/bin/../lib/gcc/arm-none-eabi/10.3.1/../../../../arm-none-eabi/lib/thumb/v7e-m+fp/hard\libc.a(lib_a-svfprintf.o)
                              e:/stm32-gcc/gcc-arm-none-eabi-10.3-2021.10/bin/../lib/gcc/arm-none-eabi/10.3.1/../../../../arm-none-eabi/lib/thumb/v7e-m+fp/hard\libc.a(lib_a-vsnprintf.o) (_svfprintf_r)
e:/stm32-gcc/gcc-arm-none-eabi-10.3-2021.10/bin/../lib/gcc/arm-none-eabi/10.3.1/../../../../arm-none-eabi/lib/thumb/v7e-m+fp/hard\libc.a(lib_a-__atexit.o)
                              e:/stm32-gcc/gcc-arm-none-eabi-10.3-2021.10/bin/../lib/gcc/arm-none-eabi/10.3.1/../../../../arm-none-eabi/lib/thumb/v7e-m+fp/hard\libc.a(lib_a-atexit.o) (__register_exitproc)
e:/stm32-gcc/gcc-arm-none-eabi-10.3-2021.10/bin/../lib/gcc/arm-none-eabi/10.3.1/../../../../arm-none-eabi/lib/thumb/v7e-m+fp/hard\libc.a(lib_a-dtoa.o)
                              e:/stm32-gcc/gcc-arm-none-eabi-10.3-2021.10/bin/../lib/gcc/arm-none-eabi/10.3.1/../../../../arm-none-eabi/lib/thumb/v7e-m+fp/hard\libc.a(lib_a-svfprintf.o) (_dtoa_r)
e:/stm32-gcc/gcc-arm-none-eabi-10.3-2021.10/bin/../lib/gcc/arm-none-eabi/10.3.1/../../../../arm-none-eabi/lib/thumb/v7e-m+fp/hard\libc.a(lib_a-freer.o)
[...]
Memory Configuration

Name             Origin             Length             Attributes
RAM              0x20000000         0x00020000         xrw
CCMRAM           0x10000000         0x00010000         xrw
FLASH            0x08000000         0x00080000         xr
*default*        0x00000000         0xffffffff

Linker script and memory map

LOAD e:/stm32-gcc/gcc-arm-none-eabi-10.3-2021.10/bin/../lib/gcc/arm-none-eabi/10.3.1/thumb/v7e-m+fp/hard/crti.o
LOAD e:/stm32-gcc/gcc-arm-none-eabi-10.3-2021.10/bin/../lib/gcc/arm-none-eabi/10.3.1/thumb/v7e-m+fp/hard/crtbegin.o
LOAD e:/stm32-gcc/gcc-arm-none-eabi-10.3-2021.10/bin/../lib/gcc/arm-none-eabi/10.3.1/../../../../arm-none-eabi/lib/thumb/v7e-m+fp/hard/crt0.o
LOAD build/main.o
LOAD build/stm32f4xx_it.o
LOAD build/stm32f4xx_hal_msp.o
LOAD build/stm32f4xx_hal_adc.o
LOAD build/stm32f4xx_hal_adc_ex.o
LOAD build/stm32f4xx_hal_dac.o
LOAD build/stm32f4xx_hal_dac_ex.o
LOAD build/stm32f4xx_ll_adc.o
LOAD build/stm32f4xx_hal_tim.o
LOAD build/stm32f4xx_hal_tim_ex.o
LOAD build/stm32f4xx_hal_uart.o
LOAD build/stm32f4xx_hal_rcc.o
LOAD build/stm32f4xx_hal_rcc_ex.o
LOAD build/stm32f4xx_hal_flash.o
LOAD build/stm32f4xx_hal_flash_ex.o
LOAD build/stm32f4xx_hal_flash_ramfunc.o
LOAD build/stm32f4xx_hal_gpio.o
LOAD build/stm32f4xx_hal_dma_ex.o
LOAD build/stm32f4xx_hal_dma.o
LOAD build/stm32f4xx_hal_pwr.o
LOAD build/stm32f4xx_hal_pwr_ex.o
LOAD build/stm32f4xx_hal_cortex.o
LOAD build/stm32f4xx_hal.o
LOAD build/stm32f4xx_hal_exti.o
LOAD build/stm32f4xx_hal_spi.o
LOAD build/system_stm32f4xx.o
LOAD build/soft_i2c.o
LOAD build/rtc_i2c.o
LOAD build/current.o
LOAD build/flash.o
LOAD build/rtc.o
LOAD build/temp.o
LOAD build/power.o
LOAD build/voltage.o
LOAD build/drv_wave1006.o
LOAD build/command.o
LOAD build/manager.o
LOAD build/log.o
LOAD build/task.o
LOAD build/control.o
LOAD build/calculate.o
LOAD build/startup_stm32f407xx.o
LOAD e:/stm32-gcc/gcc-arm-none-eabi-10.3-2021.10/bin/../lib/gcc/arm-none-eabi/10.3.1/../../../../arm-none-eabi/lib/thumb/v7e-m+fp/hard\libc.a
LOAD e:/stm32-gcc/gcc-arm-none-eabi-10.3-2021.10/bin/../lib/gcc/arm-none-eabi/10.3.1/../../../../arm-none-eabi/lib/thumb/v7e-m+fp/hard\libm.a
LOAD e:/stm32-gcc/gcc-arm-none-eabi-10.3-2021.10/bin/../lib/gcc/arm-none-eabi/10.3.1/../../../../arm-none-eabi/lib/thumb/v7e-m+fp/hard\libnosys.a
START GROUP
LOAD e:/stm32-gcc/gcc-arm-none-eabi-10.3-2021.10/bin/../lib/gcc/arm-none-eabi/10.3.1/thumb/v7e-m+fp/hard\libgcc.a
LOAD e:/stm32-gcc/gcc-arm-none-eabi-10.3-2021.10/bin/../lib/gcc/arm-none-eabi/10.3.1/../../../../arm-none-eabi/lib/thumb/v7e-m+fp/hard\libc.a
END GROUP
LOAD e:/stm32-gcc/gcc-arm-none-eabi-10.3-2021.10/bin/../lib/gcc/arm-none-eabi/10.3.1/thumb/v7e-m+fp/hard/crtend.o
LOAD e:/stm32-gcc/gcc-arm-none-eabi-10.3-2021.10/bin/../lib/gcc/arm-none-eabi/10.3.1/thumb/v7e-m+fp/hard/crtn.o
                0x20020000                _estack = (ORIGIN (RAM) + LENGTH (RAM))
                0x00000200                _Min_Heap_Size = 0x200
                0x00000400                _Min_Stack_Size = 0x400

.isr_vector     0x08000000      0x188
                0x08000000                . = ALIGN (0x4)
 *(.isr_vector)
 .isr_vector    0x08000000      0x188 build/startup_stm32f407xx.o
                0x08000000                g_pfnVectors
                0x08000188                . = ALIGN (0x4)

.text           0x080001c0    0x128c0
                0x080001c0                . = ALIGN (0x4)
 *(.text)
 .text          0x080001c0       0x40 e:/stm32-gcc/gcc-arm-none-eabi-10.3-2021.10/bin/../lib/gcc/arm-none-eabi/10.3.1/thumb/v7e-m+fp/hard/crtbegin.o
 .text          0x08000200      0x134 e:/stm32-gcc/gcc-arm-none-eabi-10.3-2021.10/bin/../lib/gcc/arm-none-eabi/10.3.1/../../../../arm-none-eabi/lib/thumb/v7e-m+fp/hard\libc.a(lib_a-memcpy.o)
                0x08000200                memcpy
 *fill*         0x08000334        0xc 
 .text          0x08000340       0xdc e:/stm32-gcc/gcc-arm-none-eabi-10.3-2021.10/bin/../lib/gcc/arm-none-eabi/10.3.1/../../../../arm-none-eabi/lib/thumb/v7e-m+fp/hard\libc.a(lib_a-strlen.o)
                0x08000340                strlen
 *fill*         0x0800041c        0x4 
 .text          0x08000420       0xa0 e:/stm32-gcc/gcc-arm-none-eabi-10.3-2021.10/bin/../lib/gcc/arm-none-eabi/10.3.1/../../../../arm-none-eabi/lib/thumb/v7e-m+fp/hard\libc.a(lib_a-memchr.o)
                0x08000420                memchr
 .text          0x080004c0      0x378 e:/stm32-gcc/gcc-arm-none-eabi-10.3-2021.10/bin/../lib/gcc/arm-none-eabi/10.3.1/thumb/v7e-m+fp/hard\libgcc.a(_arm_addsubdf3.o)
                0x080004c0                __aeabi_drsub
                0x080004c8                __aeabi_dsub
                0x080004c8                __subdf3
                0x080004cc                __aeabi_dadd
                0x080004cc                __adddf3
                0x08000744                __floatunsidf
                0x08000744                __aeabi_ui2d
                0x08000764                __floatsidf
                0x08000764                __aeabi_i2d
                0x08000788                __aeabi_f2d
                0x08000788                __extendsfdf2
                0x080007cc                __floatundidf
                0x080007cc                __aeabi_ul2d
                0x080007dc                __floatdidf
                0x080007dc                __aeabi_l2d
 .text          0x08000838      0x424 e:/stm32-gcc/gcc-arm-none-eabi-10.3-2021.10/bin/../lib/gcc/arm-none-eabi/10.3.1/thumb/v7e-m+fp/hard\libgcc.a(_arm_muldivdf3.o)
                0x08000838                __aeabi_dmul
                0x08000838                __muldf3
                0x08000a8c                __divdf3
                0x08000a8c                __aeabi_ddiv
 .text          0x08000c5c      0x110 e:/stm32-gcc/gcc-arm-none-eabi-10.3-2021.10/bin/../lib/gcc/arm-none-eabi/10.3.1/thumb/v7e-m+fp/hard\libgcc.a(_arm_cmpdf2.o)
                0x08000c5c                __gtdf2
                0x08000c5c                __gedf2
                0x08000c64                __ltdf2
                0x08000c64                __ledf2
                0x08000c6c                __nedf2
                0x08000c6c                __eqdf2
                0x08000c6c                __cmpdf2
                0x08000ce8                __aeabi_cdrcmple
                0x08000cf8                __aeabi_cdcmpeq
                0x08000cf8                __aeabi_cdcmple
                0x08000d08                __aeabi_dcmpeq
                0x08000d1c                __aeabi_dcmplt
                0x08000d30                __aeabi_dcmple
                0x08000d44                __aeabi_dcmpge
                0x08000d58                __aeabi_dcmpgt
 .text          0x08000d6c       0x2c e:/stm32-gcc/gcc-arm-none-eabi-10.3-2021.10/bin/../lib/gcc/arm-none-eabi/10.3.1/thumb/v7e-m+fp/hard\libgcc.a(_arm_unorddf2.o)
                0x08000d6c                __unorddf2
                0x08000d6c                __aeabi_dcmpun
 .text          0x08000d98       0x50 e:/stm32-gcc/gcc-arm-none-eabi-10.3-2021.10/bin/../lib/gcc/arm-none-eabi/10.3.1/thumb/v7e-m+fp/hard\libgcc.a(_arm_fixdfsi.o)
                0x08000d98                __aeabi_d2iz
                0x08000d98                __fixdfsi
 .text          0x08000de8       0x40 e:/stm32-gcc/gcc-arm-none-eabi-10.3-2021.10/bin/../lib/gcc/arm-none-eabi/10.3.1/thumb/v7e-m+fp/hard\libgcc.a(_arm_fixunsdfsi.o)
                0x08000de8                __aeabi_d2uiz
                0x08000de8                __fixunsdfsi
 .text          0x08000e28       0xa0 e:/stm32-gcc/gcc-arm-none-eabi-10.3-2021.10/bin/../lib/gcc/arm-none-eabi/10.3.1/thumb/v7e-m+fp/hard\libgcc.a(_arm_truncdfsf2.o)
                0x08000e28                __truncdfsf2
                0x08000e28                __aeabi_d2f
 .text          0x08000ec8       0x30 e:/stm32-gcc/gcc-arm-none-eabi-10.3-2021.10/bin/../lib/gcc/arm-none-eabi/10.3.1/thumb/v7e-m+fp/hard\libgcc.a(_aeabi_uldivmod.o)
                0x08000ec8                __aeabi_uldivmod
 .text          0x08000ef8      0x2d0 e:/stm32-gcc/gcc-arm-none-eabi-10.3-2021.10/bin/../lib/gcc/arm-none-eabi/10.3.1/thumb/v7e-m+fp/hard\libgcc.a(_udivmoddi4.o)
                0x08000ef8                __udivmoddi4
 .text          0x080011c8        0x4 e:/stm32-gcc/gcc-arm-none-eabi-10.3-2021.10/bin/../lib/gcc/arm-none-eabi/10.3.1/thumb/v7e-m+fp/hard\libgcc.a(_dvmd_tls.o)
                0x080011c8                __aeabi_idiv0
                0x080011c8                __aeabi_ldiv0
 *(.text*)
 .text.MX_GPIO_Init
                0x080011cc      0x1bc build/main.o
 .text.Error_Handler
                0x08001388        0x4 build/main.o
                0x08001388                Error_Handler
 .text.MX_USART1_UART_Init
                0x0800138c       0x34 build/main.o
 .text.MX_ADC1_Init
                0x080013c0       0x6c build/main.o
 .text.MX_SPI1_Init
                0x0800142c       0x40 build/main.o
 .text.MX_USART2_UART_Init
                0x0800146c       0x34 build/main.o
 .text.MX_USART3_UART_Init
                0x080014a0       0x34 build/main.o
 .text.MX_DAC_Init
                0x080014d4       0x3c build/main.o
 .text.SystemClock_Config
                0x08001510       0xa8 build/main.o
                0x08001510                SystemClock_Config
 .text.main     0x080015b8       0x50 build/main.o
                0x080015b8                main
 .text.NMI_Handler
                0x08001608        0x2 build/stm32f4xx_it.o
                0x08001608                NMI_Handler
 .text.HardFault_Handler
                0x0800160a        0x2 build/stm32f4xx_it.o
                0x0800160a                HardFault_Handler
 .text.MemManage_Handler
                0x0800160c        0x2 build/stm32f4xx_it.o
                0x0800160c                MemManage_Handler
 .text.BusFault_Handler
                0x0800160e        0x2 build/stm32f4xx_it.o
                0x0800160e                BusFault_Handler
 .text.UsageFault_Handler
                0x08001610        0x2 build/stm32f4xx_it.o
                0x08001610                UsageFault_Handler
 .text.SVC_Handler
                0x08001612        0x2 build/stm32f4xx_it.o
                0x08001612                SVC_Handler
 .text.DebugMon_Handler
                0x08001614        0x2 build/stm32f4xx_it.o
                0x08001614                DebugMon_Handler
 .text.PendSV_Handler
                0x08001616        0x2 build/stm32f4xx_it.o
                0x08001616                PendSV_Handler
 .text.SysTick_Handler
                0x08001618        0x8 build/stm32f4xx_it.o
                0x08001618                SysTick_Handler
 .text.SPI1_IRQHandler
                0x08001620       0x10 build/stm32f4xx_it.o
                0x08001620                SPI1_IRQHandler
 .text.USART1_IRQHandler
                0x08001630       0x10 build/stm32f4xx_it.o
                0x08001630                USART1_IRQHandler
 .text.USART2_IRQHandler
                0x08001640       0x10 build/stm32f4xx_it.o
                0x08001640                USART2_IRQHandler
 .text.USART3_IRQHandler
                0x08001650       0x10 build/stm32f4xx_it.o
                0x08001650                USART3_IRQHandler
 .text.HAL_MspInit
                0x08001660       0x38 build/stm32f4xx_hal_msp.o
                0x08001660                HAL_MspInit
 .text.HAL_ADC_MspInit
                0x08001698       0x9c build/stm32f4xx_hal_msp.o
                0x08001698                HAL_ADC_MspInit
 .text.HAL_DAC_MspInit
                0x08001734       0x68 build/stm32f4xx_hal_msp.o
                0x08001734                HAL_DAC_MspInit
 .text.HAL_SPI_MspInit
                0x0800179c       0x7c build/stm32f4xx_hal_msp.o
                0x0800179c                HAL_SPI_MspInit
 .text.HAL_UART_MspInit
                0x08001818      0x148 build/stm32f4xx_hal_msp.o
                0x08001818                HAL_UART_MspInit
 .text.ADC_Init
                0x08001960      0x134 build/stm32f4xx_hal_adc.o
 .text.HAL_ADC_Init
                0x08001a94       0x56 build/stm32f4xx_hal_adc.o
                0x08001a94                HAL_ADC_Init
 *fill*         0x08001aea        0x2 
 .text.HAL_ADC_Start
                0x08001aec      0x144 build/stm32f4xx_hal_adc.o
                0x08001aec                HAL_ADC_Start
 .text.HAL_ADC_Stop
                0x08001c30       0x40 build/stm32f4xx_hal_adc.o
                0x08001c30                HAL_ADC_Stop
 .text.HAL_ADC_PollForConversion
                0x08001c70       0xb8 build/stm32f4xx_hal_adc.o
                0x08001c70                HAL_ADC_PollForConversion
 .text.HAL_ADC_GetValue
                0x08001d28        0x6 build/stm32f4xx_hal_adc.o
                0x08001d28                HAL_ADC_GetValue
 *fill*         0x08001d2e        0x2 
 .text.HAL_ADC_ConfigChannel
                0x08001d30      0x198 build/stm32f4xx_hal_adc.o
                0x08001d30                HAL_ADC_ConfigChannel
 .text.HAL_DAC_Init
                0x08001ec8       0x24 build/stm32f4xx_hal_dac.o
                0x08001ec8                HAL_DAC_Init
 .text.HAL_DAC_Start
                0x08001eec       0x68 build/stm32f4xx_hal_dac.o
                0x08001eec                HAL_DAC_Start
 .text.HAL_DAC_SetValue
                0x08001f54       0x2e build/stm32f4xx_hal_dac.o
                0x08001f54                HAL_DAC_SetValue
 .text.HAL_DAC_ConfigChannel
                0x08001f82       0x56 build/stm32f4xx_hal_dac.o
                0x08001f82                HAL_DAC_ConfigChannel
 .text.UART_EndRxTransfer
                0x08001fd8       0x5c build/stm32f4xx_hal_uart.o
 .text.UART_Transmit_IT
                0x08002034       0x60 build/stm32f4xx_hal_uart.o
 .text.UART_SetConfig
                0x08002094      0x110 build/stm32f4xx_hal_uart.o
 .text.UART_WaitOnFlagUntilTimeout
                0x080021a4       0x88 build/stm32f4xx_hal_uart.o
 .text.HAL_UART_Init
                0x0800222c       0x5e build/stm32f4xx_hal_uart.o
                0x0800222c                HAL_UART_Init
 .text.HAL_UART_Transmit
                0x0800228a       0xd8 build/stm32f4xx_hal_uart.o
                0x0800228a                HAL_UART_Transmit
 .text.HAL_UART_TxCpltCallback
                0x08002362        0x2 build/stm32f4xx_hal_uart.o
                0x08002362                HAL_UART_TxCpltCallback
 .text.UART_EndTransmit_IT
                0x08002364       0x1a build/stm32f4xx_hal_uart.o
 .text.HAL_UART_ErrorCallback
                0x0800237e        0x2 build/stm32f4xx_hal_uart.o
                0x0800237e                HAL_UART_ErrorCallback
 .text.UART_DMAAbortOnError
                0x08002380       0x10 build/stm32f4xx_hal_uart.o
 .text.HAL_UARTEx_RxEventCallback
                0x08002390        0x2 build/stm32f4xx_hal_uart.o
                0x08002390                HAL_UARTEx_RxEventCallback
 .text.UART_Receive_IT
                0x08002392       0xe2 build/stm32f4xx_hal_uart.o
 .text.HAL_UART_IRQHandler
                0x08002474      0x280 build/stm32f4xx_hal_uart.o
                0x08002474                HAL_UART_IRQHandler
 .text.UART_Start_Receive_IT
                0x080026f4       0x3a build/stm32f4xx_hal_uart.o
                0x080026f4                UART_Start_Receive_IT
 .text.HAL_UART_Receive_IT
                0x0800272e       0x38 build/stm32f4xx_hal_uart.o
                0x0800272e                HAL_UART_Receive_IT
 *fill*         0x08002766        0x2 
 .text.HAL_RCC_OscConfig
                0x08002768      0x3f8 build/stm32f4xx_hal_rcc.o
                0x08002768                HAL_RCC_OscConfig
 .text.HAL_RCC_GetSysClockFreq
                0x08002b60       0xa4 build/stm32f4xx_hal_rcc.o
                0x08002b60                HAL_RCC_GetSysClockFreq
 .text.HAL_RCC_ClockConfig
                0x08002c04      0x160 build/stm32f4xx_hal_rcc.o
                0x08002c04                HAL_RCC_ClockConfig
 .text.HAL_RCC_GetHCLKFreq
                0x08002d64        0xc build/stm32f4xx_hal_rcc.o
                0x08002d64                HAL_RCC_GetHCLKFreq
 .text.HAL_RCC_GetPCLK1Freq
                0x08002d70       0x20 build/stm32f4xx_hal_rcc.o
                0x08002d70                HAL_RCC_GetPCLK1Freq
 .text.HAL_RCC_GetPCLK2Freq
                0x08002d90       0x20 build/stm32f4xx_hal_rcc.o
                0x08002d90                HAL_RCC_GetPCLK2Freq
 .text.HAL_GPIO_Init
                0x08002db0      0x1e4 build/stm32f4xx_hal_gpio.o
                0x08002db0                HAL_GPIO_Init
 .text.HAL_GPIO_ReadPin
                0x08002f94        0xe build/stm32f4xx_hal_gpio.o
                0x08002f94                HAL_GPIO_ReadPin
 .text.HAL_GPIO_WritePin
                0x08002fa2        0xc build/stm32f4xx_hal_gpio.o
                0x08002fa2                HAL_GPIO_WritePin
 .text.HAL_GPIO_TogglePin
                0x08002fae       0x12 build/stm32f4xx_hal_gpio.o
                0x08002fae                HAL_GPIO_TogglePin
 .text.HAL_DMA_Abort
                0x08002fc0       0x94 build/stm32f4xx_hal_dma.o
                0x08002fc0                HAL_DMA_Abort
 .text.HAL_DMA_Abort_IT
                0x08003054       0x26 build/stm32f4xx_hal_dma.o
                0x08003054                HAL_DMA_Abort_IT
 *fill*         0x0800307a        0x2 
 .text.HAL_NVIC_SetPriorityGrouping
                0x0800307c       0x24 build/stm32f4xx_hal_cortex.o
                0x0800307c                HAL_NVIC_SetPriorityGrouping
 .text.HAL_NVIC_SetPriority
                0x080030a0       0x70 build/stm32f4xx_hal_cortex.o
                0x080030a0                HAL_NVIC_SetPriority
 .text.HAL_NVIC_EnableIRQ
                0x08003110       0x1c build/stm32f4xx_hal_cortex.o
                0x08003110                HAL_NVIC_EnableIRQ
 .text.HAL_SYSTICK_Config
                0x0800312c       0x28 build/stm32f4xx_hal_cortex.o
                0x0800312c                HAL_SYSTICK_Config
 .text.HAL_InitTick
                0x08003154       0x4c build/stm32f4xx_hal.o
                0x08003154                HAL_InitTick
 .text.HAL_Init
                0x080031a0       0x34 build/stm32f4xx_hal.o
                0x080031a0                HAL_Init
 .text.HAL_IncTick
                0x080031d4       0x18 build/stm32f4xx_hal.o
                0x080031d4                HAL_IncTick
 .text.HAL_GetTick
                0x080031ec        0xc build/stm32f4xx_hal.o
                0x080031ec                HAL_GetTick
 .text.HAL_Delay
                0x080031f8       0x28 build/stm32f4xx_hal.o
                0x080031f8                HAL_Delay
 .text.SPI_WaitFlagStateUntilTimeout
                0x08003220       0xd4 build/stm32f4xx_hal_spi.o
 .text.SPI_EndRxTxTransaction
                0x080032f4       0x68 build/stm32f4xx_hal_spi.o
 .text.SPI_EndRxTransaction
                0x0800335c       0x8c build/stm32f4xx_hal_spi.o
 .text.HAL_SPI_Init
                0x080033e8       0xbe build/stm32f4xx_hal_spi.o
                0x080033e8                HAL_SPI_Init
 .text.HAL_SPI_Transmit
                0x080034a6      0x1b8 build/stm32f4xx_hal_spi.o
                0x080034a6                HAL_SPI_Transmit
 .text.HAL_SPI_TransmitReceive
                0x0800365e      0x238 build/stm32f4xx_hal_spi.o
                0x0800365e                HAL_SPI_TransmitReceive
 .text.HAL_SPI_Receive
                0x08003896      0x180 build/stm32f4xx_hal_spi.o
                0x08003896                HAL_SPI_Receive
 .text.HAL_SPI_ErrorCallback
                0x08003a16        0x2 build/stm32f4xx_hal_spi.o
                0x08003a16                HAL_SPI_ErrorCallback
 .text.HAL_SPI_IRQHandler
                0x08003a18      0x124 build/stm32f4xx_hal_spi.o
                0x08003a18                HAL_SPI_IRQHandler
 .text.SPI_DMAAbortOnError
                0x08003b3c       0x10 build/stm32f4xx_hal_spi.o
 .text.SystemInit
                0x08003b4c       0x14 build/system_stm32f4xx.o
                0x08003b4c                SystemInit
 .text.i2c_read_sda
                0x08003b60       0x18 build/soft_i2c.o
 .text.i2c_start
                0x08003b78       0x90 build/soft_i2c.o
                0x08003b78                i2c_start
 .text.i2c_stop
                0x08003c08       0x7c build/soft_i2c.o
                0x08003c08                i2c_stop
 .text.i2c_ack  0x08003c84       0x54 build/soft_i2c.o
                0x08003c84                i2c_ack
 .text.i2c_nack
                0x08003cd8       0x54 build/soft_i2c.o
                0x08003cd8                i2c_nack
 .text.i2c_wait_ack
                0x08003d2c       0xa8 build/soft_i2c.o
                0x08003d2c                i2c_wait_ack
 .text.i2c_send_byte
                0x08003dd4       0x78 build/soft_i2c.o
                0x08003dd4                i2c_send_byte
 .text.i2c_receive_byte
                0x08003e4c       0xc0 build/soft_i2c.o
                0x08003e4c                i2c_receive_byte
 .text.i2c_read_multi_bytes
                0x08003f0c       0x78 build/soft_i2c.o
                0x08003f0c                i2c_read_multi_bytes
 .text.rtc_read_sda
                0x08003f84       0x14 build/rtc_i2c.o
 .text.rtc_scl_init
                0x08003f98       0x30 build/rtc_i2c.o
                0x08003f98                rtc_scl_init
 .text.rtc_set_channel
                0x08003fc8      0x13c build/rtc_i2c.o
                0x08003fc8                rtc_set_channel
 .text.rtc_sda_h
                0x08004104       0x30 build/rtc_i2c.o
                0x08004104                rtc_sda_h
 .text.rtc_sda_l
                0x08004134       0x30 build/rtc_i2c.o
                0x08004134                rtc_sda_l
 .text.rtc_scl_h
                0x08004164       0x14 build/rtc_i2c.o
                0x08004164                rtc_scl_h
 .text.rtc_scl_l
                0x08004178       0x14 build/rtc_i2c.o
                0x08004178                rtc_scl_l
 .text.rtc_start
                0x0800418c       0x70 build/rtc_i2c.o
                0x0800418c                rtc_start
 .text.rtc_stop
                0x080041fc       0x58 build/rtc_i2c.o
                0x080041fc                rtc_stop
 .text.rtc_ack  0x08004254       0x3c build/rtc_i2c.o
                0x08004254                rtc_ack
 .text.rtc_nack
                0x08004290       0x30 build/rtc_i2c.o
                0x08004290                rtc_nack
 .text.rtc_wait_ack
                0x080042c0       0x84 build/rtc_i2c.o
                0x080042c0                rtc_wait_ack
 .text.rtc_send_byte
                0x08004344       0x60 build/rtc_i2c.o
                0x08004344                rtc_send_byte
 .text.rtc_receive_byte
                0x080043a4       0xa4 build/rtc_i2c.o
                0x080043a4                rtc_receive_byte
 .text.rtc_write_multi_bytes
                0x08004448       0x5c build/rtc_i2c.o
                0x08004448                rtc_write_multi_bytes
 .text.rtc_read_multi_bytes
                0x080044a4       0x78 build/rtc_i2c.o
                0x080044a4                rtc_read_multi_bytes
 .text.rtc_write_lock_on
                0x0800451c       0x3a build/rtc_i2c.o
                0x0800451c                rtc_write_lock_on
 .text.rtc_write_lock_off
                0x08004556       0x3a build/rtc_i2c.o
                0x08004556                rtc_write_lock_off
 .text.rtc_download_otp_data
                0x08004590       0xb8 build/rtc_i2c.o
                0x08004590                rtc_download_otp_data
 .text.adc_clk_h
                0x08004648       0x14 build/current.o
 .text.adc_clk_l
                0x0800465c       0x14 build/current.o
 .text.adc_read_din
                0x08004670       0x18 build/current.o
 .text.CS1237OneClock
                0x08004688       0x20 build/current.o
                0x08004688                CS1237OneClock
 .text.CS1237Voltage
                0x080046a8       0x6c build/current.o
                0x080046a8                CS1237Voltage
 .text.CS1237Current
                0x08004714       0xf0 build/current.o
                0x08004714                CS1237Current
 .text.CheckBusy
                0x08004804       0x70 build/flash.o
                0x08004804                CheckBusy
 .text.address_32_to_8
                0x08004874       0x10 build/flash.o
                0x08004874                address_32_to_8
 .text.flash_erase
                0x08004884       0xc0 build/flash.o
                0x08004884                flash_erase
 .text.flash_write_data
                0x08004944       0xcc build/flash.o
                0x08004944                flash_write_data
 .text.flash_read_data
                0x08004a10       0x94 build/flash.o
                0x08004a10                flash_read_data
 .text.float_to_uint8
                0x08004aa4       0x12 build/flash.o
                0x08004aa4                float_to_uint8
 .text.uint8_to_float
                0x08004ab6       0x18 build/flash.o
                0x08004ab6                uint8_to_float
 .text.flash_test_flag_manage
                0x08004ace       0xa8 build/flash.o
                0x08004ace                flash_test_flag_manage
 .text.flash_test_data_read
                0x08004b76      0x22e build/flash.o
                0x08004b76                flash_test_data_read
 .text.flash_test_data_write_add
                0x08004da4      0x204 build/flash.o
                0x08004da4                flash_test_data_write_add
 .text.flash_test_data_clear
                0x08004fa8      0x108 build/flash.o
                0x08004fa8                flash_test_data_clear
 .text.test_data_printf
                0x080050b0      0x1a8 build/flash.o
                0x080050b0                test_data_printf
 .text.rtc_read_temp
                0x08005258       0x80 build/rtc.o
                0x08005258                rtc_read_temp
 .text.rtc_set_bat_charge
                0x080052d8       0x48 build/rtc.o
                0x080052d8                rtc_set_bat_charge
 .text.rtc_read_vbat
                0x08005320       0x88 build/rtc.o
                0x08005320                rtc_read_vbat
 .text.rtc_read_date
                0x080053a8       0xf0 build/rtc.o
                0x080053a8                rtc_read_date
 .text.rtc_write_date
                0x08005498       0xd8 build/rtc.o
                0x08005498                rtc_write_date
 .text.rtc_out_4096
                0x08005570       0x24 build/rtc.o
                0x08005570                rtc_out_4096
 .text.rtc_disable_int
                0x08005594       0x24 build/rtc.o
                0x08005594                rtc_disable_int
 .text.rtc_set_testcap
                0x080055b8       0x20 build/rtc.o
                0x080055b8                rtc_set_testcap
 .text.rtc_set_testmode
                0x080055d8        0x4 build/rtc.o
                0x080055d8                rtc_set_testmode
 .text.rtc_1006_set_testmode
                0x080055dc      0x11c build/rtc.o
                0x080055dc                rtc_1006_set_testmode
 .text.rtc_1006_exit_testmode
                0x080056f8       0x58 build/rtc.o
                0x080056f8                rtc_1006_exit_testmode
 .text.rtc_exit_testmode
                0x08005750       0x32 build/rtc.o
                0x08005750                rtc_exit_testmode
 .text.rtc_set_int_channel
                0x08005782        0x2 build/rtc.o
                0x08005782                rtc_set_int_channel
 .text.rtc_read_otp_data
                0x08005784       0x54 build/rtc.o
                0x08005784                rtc_read_otp_data
 .text.rtc_convert_temp_offset
                0x080057d8       0x38 build/rtc.o
                0x080057d8                rtc_convert_temp_offset
 .text.rtc_init_test_cap
                0x08005810       0xd4 build/rtc.o
                0x08005810                rtc_init_test_cap
 .text.cap_list_to_uint
                0x080058e4       0x1c build/rtc.o
                0x080058e4                cap_list_to_uint
 .text.cap_float_to_uint
                0x08005900       0x48 build/rtc.o
                0x08005900                cap_float_to_uint
 .text.wave1006_read_temp_adc
                0x08005948       0x84 build/rtc.o
                0x08005948                wave1006_read_temp_adc
 .text.system_get_rtc_temp
                0x080059cc       0x64 build/rtc.o
                0x080059cc                system_get_rtc_temp
 .text.temp_read_value
                0x08005a30       0x84 build/temp.o
                0x08005a30                temp_read_value
 .text.rtc_vertical_open_one
                0x08005ab4       0x18 build/power.o
                0x08005ab4                rtc_vertical_open_one
 .text.rtc_vertical_close_one
                0x08005acc       0x18 build/power.o
                0x08005acc                rtc_vertical_close_one
 .text.rtc_vertical_control
                0x08005ae4       0x6c build/power.o
                0x08005ae4                rtc_vertical_control
 .text.rtc_horizontal_vdd_control
                0x08005b50       0x78 build/power.o
                0x08005b50                rtc_horizontal_vdd_control
 .text.rtc_horizontal_bat_control
                0x08005bc8       0x70 build/power.o
                0x08005bc8                rtc_horizontal_bat_control
 .text.rtc_otp_power
                0x08005c38       0x58 build/power.o
                0x08005c38                rtc_otp_power
 .text.rtc_group_power
                0x08005c90      0x158 build/power.o
                0x08005c90                rtc_group_power
 .text.ststem_voltage
                0x08005de8       0x4c build/voltage.o
                0x08005de8                ststem_voltage
 .text.get_device_addr
                0x08005e34       0x28 build/drv_wave1006.o
                0x08005e34                get_device_addr
 .text.drv_wave1006_read_reg
                0x08005e5c       0x38 build/drv_wave1006.o
                0x08005e5c                drv_wave1006_read_reg
 .text.drv_wave1006_write_reg
                0x08005e94       0x38 build/drv_wave1006.o
                0x08005e94                drv_wave1006_write_reg
 .text.wave1006_write_otp_single
                0x08005ecc       0x5e build/drv_wave1006.o
 .text.wave1006_read_otp_single
                0x08005f2a       0x74 build/drv_wave1006.o
 *fill*         0x08005f9e        0x2 
 .text.wave1006_enter_test_mode
                0x08005fa0       0x88 build/drv_wave1006.o
                0x08005fa0                wave1006_enter_test_mode
 .text.wave1006_write_otp
                0x08006028      0x724 build/drv_wave1006.o
                0x08006028                wave1006_write_otp
 *fill*         0x0800674c        0x4 
 .text.sd8800_write_otp
                0x08006750      0x168 build/drv_wave1006.o
                0x08006750                sd8800_write_otp
 .text.AT_WRITECONFIG_Handle
                0x080068b8        0x2 build/command.o
                0x080068b8                AT_WRITECONFIG_Handle
 *fill*         0x080068ba        0x2 
 .text.UsbPrintf
                0x080068bc       0x50 build/command.o
                0x080068bc                UsbPrintf
 .text.AT_HELP_Handle
                0x0800690c       0x40 build/command.o
                0x0800690c                AT_HELP_Handle
 .text.AT_REALTIME_Handle
                0x0800694c       0x40 build/command.o
                0x0800694c                AT_REALTIME_Handle
 .text.AT_RTCCURRENT_Handle
                0x0800698c       0x20 build/command.o
                0x0800698c                AT_RTCCURRENT_Handle
 .text.AT_GROUPSETTEMP_Handle
                0x080069ac       0x1c build/command.o
                0x080069ac                AT_GROUPSETTEMP_Handle
 .text.AT_RTCVBAT_Handle
                0x080069c8       0x2c build/command.o
                0x080069c8                AT_RTCVBAT_Handle
 .text.AT_RTCOTP_Handle
                0x080069f4       0x10 build/command.o
                0x080069f4                AT_RTCOTP_Handle
 .text.AT_RTCMODE_Handle
                0x08006a04       0x54 build/command.o
                0x08006a04                AT_RTCMODE_Handle
 .text.AT_SYSTEMP_Handle
                0x08006a58       0x2c build/command.o
                0x08006a58                AT_SYSTEMP_Handle
 .text.AT_WRITEFLASH_Handle
                0x08006a84       0x28 build/command.o
                0x08006a84                AT_WRITEFLASH_Handle
 *fill*         0x08006aac        0x4 
 .text.AT_SYSVOLTAGE_Handle
                0x08006ab0       0xe0 build/command.o
                0x08006ab0                AT_SYSVOLTAGE_Handle
 .text.AT_TESTFLAG_Handle
                0x08006b90       0xc8 build/command.o
                0x08006b90                AT_TESTFLAG_Handle
 .text.AT_TEMPADC_Handle
                0x08006c58       0x28 build/command.o
                0x08006c58                AT_TEMPADC_Handle
 .text.DevicePrintf
                0x08006c80       0x50 build/command.o
                0x08006c80                DevicePrintf
 .text.AT_TESTMODE_Handle
                0x08006cd0       0x18 build/command.o
                0x08006cd0                AT_TESTMODE_Handle
 .text.UsartInit
                0x08006ce8       0xa0 build/command.o
                0x08006ce8                UsartInit
 .text.strSearch
                0x08006d88       0x4a build/command.o
                0x08006d88                strSearch
 *fill*         0x08006dd2        0x2 
 .text.AT_FREQTEST_Handle
                0x08006dd4       0x58 build/command.o
                0x08006dd4                AT_FREQTEST_Handle
 .text.AT_RESULT_Handle
                0x08006e2c      0x1b8 build/command.o
                0x08006e2c                AT_RESULT_Handle
 .text.AT_MACHINE_Handle
                0x08006fe4      0x114 build/command.o
                0x08006fe4                AT_MACHINE_Handle
 .text.CharToInt
                0x080070f8       0xe0 build/command.o
                0x080070f8                CharToInt
 .text.AT_READDATA_Handle
                0x080071d8       0x70 build/command.o
                0x080071d8                AT_READDATA_Handle
 .text.AT_SETTIME_Handle
                0x08007248      0x194 build/command.o
                0x08007248                AT_SETTIME_Handle
 .text.AT_RTC4096_Handle
                0x080073dc       0x48 build/command.o
                0x080073dc                AT_RTC4096_Handle
 .text.AT_RTCADJCAP_Handle
                0x08007424       0x78 build/command.o
                0x08007424                AT_RTCADJCAP_Handle
 .text.AT_READGROUP_Handle
                0x0800749c       0xac build/command.o
                0x0800749c                AT_READGROUP_Handle
 .text.AT_READFLASH_Handle
                0x08007548       0xa4 build/command.o
                0x08007548                AT_READFLASH_Handle
 .text.AT_ERASEFLASH_Handle
                0x080075ec       0x88 build/command.o
                0x080075ec                AT_ERASEFLASH_Handle
 .text.AT_SETCURRENT_Handle
                0x08007674       0xa0 build/command.o
                0x08007674                AT_SETCURRENT_Handle
 .text.AT_SYSTEST_Handle
                0x08007714       0x38 build/command.o
                0x08007714                AT_SYSTEST_Handle
 .text.AT_TESTDATA_Handle
                0x0800774c       0xd8 build/command.o
                0x0800774c                AT_TESTDATA_Handle
 *fill*         0x08007824        0x4 
 .text.AT_ATTEST_Handle
                0x08007828      0x120 build/command.o
                0x08007828                AT_ATTEST_Handle
 .text.AT_1006TMODE_Handle
                0x08007948      0x158 build/command.o
                0x08007948                AT_1006TMODE_Handle
 .text.AT_RTCLOAD_Handle
                0x08007aa0       0x3c build/command.o
                0x08007aa0                AT_RTCLOAD_Handle
 *fill*         0x08007adc        0x4 
 .text.CharToFloat
                0x08007ae0      0x10c build/command.o
                0x08007ae0                CharToFloat
 *fill*         0x08007bec        0x4 
 .text.AT_SD8800INT_Handle
                0x08007bf0      0x2f4 build/command.o
                0x08007bf0                AT_SD8800INT_Handle
 .text.AT_HOTVOLTAGE_Handle
                0x08007ee4       0x34 build/command.o
                0x08007ee4                AT_HOTVOLTAGE_Handle
 .text.CheckFreqValue
                0x08007f18       0x60 build/command.o
                0x08007f18                CheckFreqValue
 .text.HAL_UART_RxCpltCallback
                0x08007f78      0x110 build/command.o
                0x08007f78                HAL_UART_RxCpltCallback
 .text.CheckCommandList
                0x08008088       0xc4 build/command.o
                0x08008088                CheckCommandList
 .text.DeviceMassage
                0x0800814c       0xd8 build/command.o
                0x0800814c                DeviceMassage
 .text.manager_set_mode
                0x08008224        0xc build/manager.o
                0x08008224                manager_set_mode
 .text.system_manage_temp
                0x08008230      0x188 build/manager.o
                0x08008230                system_manage_temp
 .text.system_manage_download_cap
                0x080083b8       0xe0 build/manager.o
                0x080083b8                system_manage_download_cap
 .text.system_set_int
                0x08008498       0x58 build/manager.o
                0x08008498                system_set_int
 .text.check_system_temp
                0x080084f0       0xcc build/manager.o
                0x080084f0                check_system_temp
 .text.systm_cap_save_buffer
                0x080085bc       0x40 build/manager.o
                0x080085bc                systm_cap_save_buffer
 .text.system_check_test_dot
                0x080085fc       0x56 build/manager.o
                0x080085fc                system_check_test_dot
 *fill*         0x08008652        0x2 
 .text.system_cap_write_flash
                0x08008654       0x90 build/manager.o
                0x08008654                system_cap_write_flash
 .text.system_tool_calculate_sec
                0x080086e4       0xa4 build/manager.o
                0x080086e4                system_tool_calculate_sec
 .text.system_manage_test_mode
                0x08008788      0x6d8 build/manager.o
                0x08008788                system_manage_test_mode
 .text.log_list_init
                0x08008e60       0xb0 build/log.o
                0x08008e60                log_list_init
 .text.get_log_record_pages
                0x08008f10        0xc build/log.o
                0x08008f10                get_log_record_pages
 .text.log_list_write
                0x08008f1c       0x1e build/log.o
                0x08008f1c                log_list_write
 *fill*         0x08008f3a        0x2 
 .text.log_buffer_write
                0x08008f3c       0x68 build/log.o
                0x08008f3c                log_buffer_write
 .text.log_printf
                0x08008fa4       0x3c build/log.o
                0x08008fa4                log_printf
 .text.LedHeart
                0x08008fe0       0x30 build/task.o
                0x08008fe0                LedHeart
 .text.system_time_update
                0x08009010       0xa8 build/task.o
                0x08009010                system_time_update
 .text.system_set_real_time
                0x080090b8       0x4c build/task.o
                0x080090b8                system_set_real_time
 .text.system_get_real_time
                0x08009104       0x20 build/task.o
                0x08009104                system_get_real_time
 .text.rtc_freq_save
                0x08009124      0x11c build/task.o
                0x08009124                rtc_freq_save
 .text.rtc_freq_test
                0x08009240      0x46c build/task.o
                0x08009240                rtc_freq_test
 .text.system_manage
                0x080096ac       0x80 build/task.o
                0x080096ac                system_manage
 *fill*         0x0800972c        0x4 
 .text.system_machine_test_one
                0x08009730      0x5a0 build/task.o
                0x08009730                system_machine_test_one
 .text.make_chip_ID
                0x08009cd0       0x32 build/task.o
                0x08009cd0                make_chip_ID
 *fill*         0x08009d02        0x6 
 .text.system_machine_write_one
                0x08009d08      0x87c build/task.o
                0x08009d08                system_machine_write_one
 .text.ControlPrintf
                0x0800a584       0x50 build/control.o
                0x0800a584                ControlPrintf
 .text.CTL_CONNECT_Handle
                0x0800a5d4       0x20 build/control.o
                0x0800a5d4                CTL_CONNECT_Handle
 .text.CTL_REALTIME_Handle
                0x0800a5f4      0x198 build/control.o
                0x0800a5f4                CTL_REALTIME_Handle
 .text.ControlInit
                0x0800a78c       0x34 build/control.o
                0x0800a78c                ControlInit
 .text.OPERATE_READ_FLASH_Handle
                0x0800a7c0       0xc0 build/control.o
                0x0800a7c0                OPERATE_READ_FLASH_Handle
 .text.OPERATE_ERASE_FLASH_Handle
                0x0800a880       0x3c build/control.o
                0x0800a880                OPERATE_ERASE_FLASH_Handle
 .text.CheckFlashEarse
                0x0800a8bc       0xa8 build/control.o
                0x0800a8bc                CheckFlashEarse
 .text.OPERATE_IIC_TEST_Handle
                0x0800a964       0x54 build/control.o
                0x0800a964                OPERATE_IIC_TEST_Handle
 .text.OPERATE_READ_TEMP_Handle
                0x0800a9b8       0x98 build/control.o
                0x0800a9b8                OPERATE_READ_TEMP_Handle
 .text.OPERATE_SHOW_CONFIG9_Handle
                0x0800aa50       0x60 build/control.o
                0x0800aa50                OPERATE_SHOW_CONFIG9_Handle
 .text.OPERATE_CAPADJUST_RESULT_Handle
                0x0800aab0       0x84 build/control.o
                0x0800aab0                OPERATE_CAPADJUST_RESULT_Handle
 .text.OPERATE_RESULT_Handle
                0x0800ab34       0x50 build/control.o
                0x0800ab34                OPERATE_RESULT_Handle
 .text.CTL_OPERATE_Handle
                0x0800ab84      0x160 build/control.o
                0x0800ab84                CTL_OPERATE_Handle
 .text.control_usart_receive
                0x0800ace4       0x74 build/control.o
                0x0800ace4                control_usart_receive
 .text.CheckControlList
                0x0800ad58       0xc8 build/control.o
                0x0800ad58                CheckControlList
 .text.calcul_read_data
                0x0800ae20       0x88 build/calculate.o
                0x0800ae20                calcul_read_data
 .text.copy_parameter
                0x0800aea8       0x12 build/calculate.o
                0x0800aea8                copy_parameter
 .text.chip_temp_function
                0x0800aeba       0x78 build/calculate.o
                0x0800aeba                chip_temp_function
 *fill*         0x0800af32        0x6 
 .text.init_para_5dot
                0x0800af38      0x2d8 build/calculate.o
                0x0800af38                init_para_5dot
 .text.check_rtc_temp_success
                0x0800b210      0x154 build/calculate.o
                0x0800b210                check_rtc_temp_success
 *fill*         0x0800b364        0x4 
 .text.calculate_wave1006_temp_cap
                0x0800b368      0x1c0 build/calculate.o
                0x0800b368                calculate_wave1006_temp_cap
 .text.download_temp_cap
                0x0800b528      0x2a4 build/calculate.o
                0x0800b528                download_temp_cap
 .text.calculate_temp_cap
                0x0800b7cc      0x134 build/calculate.o
                0x0800b7cc                calculate_temp_cap
 .text.Reset_Handler
                0x0800b900       0x50 build/startup_stm32f407xx.o
                0x0800b900                Reset_Handler
 .text.Default_Handler
                0x0800b950        0x2 build/startup_stm32f407xx.o
                0x0800b950                RTC_Alarm_IRQHandler
                0x0800b950                HASH_RNG_IRQHandler
                0x0800b950                EXTI2_IRQHandler
                0x0800b950                TIM8_CC_IRQHandler
                0x0800b950                TIM1_CC_IRQHandler
                0x0800b950                DMA2_Stream5_IRQHandler
                0x0800b950                DMA1_Stream5_IRQHandler
                0x0800b950                PVD_IRQHandler
                0x0800b950                SDIO_IRQHandler
                0x0800b950                TAMP_STAMP_IRQHandler
                0x0800b950                CAN2_RX1_IRQHandler
                0x0800b950                EXTI3_IRQHandler
                0x0800b950                TIM8_TRG_COM_TIM14_IRQHandler
                0x0800b950                TIM1_UP_TIM10_IRQHandler
                0x0800b950                TIM8_UP_TIM13_IRQHandler
                0x0800b950                I2C3_ER_IRQHandler
                0x0800b950                EXTI0_IRQHandler
                0x0800b950                I2C2_EV_IRQHandler
                0x0800b950                DMA1_Stream2_IRQHandler
                0x0800b950                CAN1_RX0_IRQHandler
                0x0800b950                FPU_IRQHandler
                0x0800b950                OTG_HS_WKUP_IRQHandler
                0x0800b950                CAN2_SCE_IRQHandler
                0x0800b950                DMA2_Stream2_IRQHandler
                0x0800b950                TIM6_DAC_IRQHandler
                0x0800b950                TIM1_BRK_TIM9_IRQHandler
                0x0800b950                DCMI_IRQHandler
                0x0800b950                CAN2_RX0_IRQHandler
                0x0800b950                DMA2_Stream3_IRQHandler
                0x0800b950                USART6_IRQHandler
                0x0800b950                CAN1_RX1_IRQHandler
                0x0800b950                UART5_IRQHandler
                0x0800b950                DMA2_Stream0_IRQHandler
                0x0800b950                TIM4_IRQHandler
                0x0800b950                I2C1_EV_IRQHandler
                0x0800b950                DMA1_Stream6_IRQHandler
                0x0800b950                DMA1_Stream1_IRQHandler
                0x0800b950                UART4_IRQHandler
                0x0800b950                TIM3_IRQHandler
                0x0800b950                RCC_IRQHandler
                0x0800b950                TIM8_BRK_TIM12_IRQHandler
                0x0800b950                Default_Handler
                0x0800b950                EXTI15_10_IRQHandler
                0x0800b950                ADC_IRQHandler
                0x0800b950                DMA1_Stream7_IRQHandler
                0x0800b950                TIM7_IRQHandler
                0x0800b950                CAN2_TX_IRQHandler
                0x0800b950                TIM5_IRQHandler
                0x0800b950                DMA2_Stream7_IRQHandler
                0x0800b950                I2C3_EV_IRQHandler
                0x0800b950                EXTI9_5_IRQHandler
                0x0800b950                RTC_WKUP_IRQHandler
                0x0800b950                ETH_WKUP_IRQHandler
                0x0800b950                SPI2_IRQHandler
                0x0800b950                OTG_HS_EP1_IN_IRQHandler
                0x0800b950                DMA1_Stream0_IRQHandler
                0x0800b950                CAN1_TX_IRQHandler
                0x0800b950                EXTI4_IRQHandler
                0x0800b950                FSMC_IRQHandler
                0x0800b950                ETH_IRQHandler
                0x0800b950                OTG_HS_EP1_OUT_IRQHandler
                0x0800b950                WWDG_IRQHandler
                0x0800b950                TIM2_IRQHandler
                0x0800b950                OTG_FS_WKUP_IRQHandler
                0x0800b950                TIM1_TRG_COM_TIM11_IRQHandler
                0x0800b950                OTG_HS_IRQHandler
                0x0800b950                EXTI1_IRQHandler
                0x0800b950                I2C2_ER_IRQHandler
                0x0800b950                DMA2_Stream1_IRQHandler
                0x0800b950                CAN1_SCE_IRQHandler
                0x0800b950                FLASH_IRQHandler
                0x0800b950                DMA2_Stream4_IRQHandler
                0x0800b950                OTG_FS_IRQHandler
                0x0800b950                SPI3_IRQHandler
                0x0800b950                DMA1_Stream4_IRQHandler
                0x0800b950                I2C1_ER_IRQHandler
                0x0800b950                DMA2_Stream6_IRQHandler
                0x0800b950                DMA1_Stream3_IRQHandler
 *fill*         0x0800b952        0x2 
 .text.__libc_init_array
                0x0800b954       0x48 e:/stm32-gcc/gcc-arm-none-eabi-10.3-2021.10/bin/../lib/gcc/arm-none-eabi/10.3.1/../../../../arm-none-eabi/lib/thumb/v7e-m+fp/hard\libc.a(lib_a-init.o)
                0x0800b954                __libc_init_array
 .text.memset   0x0800b99c       0xa4 e:/stm32-gcc/gcc-arm-none-eabi-10.3-2021.10/bin/../lib/gcc/arm-none-eabi/10.3.1/../../../../arm-none-eabi/lib/thumb/v7e-m+fp/hard\libc.a(lib_a-memset.o)
                0x0800b99c                memset
 .text.strncpy  0x0800ba40       0x64 e:/stm32-gcc/gcc-arm-none-eabi-10.3-2021.10/bin/../lib/gcc/arm-none-eabi/10.3.1/../../../../arm-none-eabi/lib/thumb/v7e-m+fp/hard\libc.a(lib_a-strncpy.o)
                0x0800ba40                strncpy
 .text.vsnprintf
                0x0800baa4       0x70 e:/stm32-gcc/gcc-arm-none-eabi-10.3-2021.10/bin/../lib/gcc/arm-none-eabi/10.3.1/../../../../arm-none-eabi/lib/thumb/v7e-m+fp/hard\libc.a(lib_a-vsnprintf.o)
                0x0800baa4                vsnprintf
 .text.startup.register_fini
                0x0800bb14       0x14 e:/stm32-gcc/gcc-arm-none-eabi-10.3-2021.10/bin/../lib/gcc/arm-none-eabi/10.3.1/../../../../arm-none-eabi/lib/thumb/v7e-m+fp/hard\libc.a(lib_a-__call_atexit.o)
 .text.atexit   0x0800bb28        0xc e:/stm32-gcc/gcc-arm-none-eabi-10.3-2021.10/bin/../lib/gcc/arm-none-eabi/10.3.1/../../../../arm-none-eabi/lib/thumb/v7e-m+fp/hard\libc.a(lib_a-atexit.o)
                0x0800bb28                atexit
 .text.__libc_fini_array
                0x0800bb34       0x2c e:/stm32-gcc/gcc-arm-none-eabi-10.3-2021.10/bin/../lib/gcc/arm-none-eabi/10.3.1/../../../../arm-none-eabi/lib/thumb/v7e-m+fp/hard\libc.a(lib_a-fini.o)
                0x0800bb34                __libc_fini_array
 .text.__retarget_lock_init_recursive
                0x0800bb60        0x4 e:/stm32-gcc/gcc-arm-none-eabi-10.3-2021.10/bin/../lib/gcc/arm-none-eabi/10.3.1/../../../../arm-none-eabi/lib/thumb/v7e-m+fp/hard\libc.a(lib_a-lock.o)
                0x0800bb60                __retarget_lock_init_recursive
 .text.__retarget_lock_close_recursive
                0x0800bb64        0x4 e:/stm32-gcc/gcc-arm-none-eabi-10.3-2021.10/bin/../lib/gcc/arm-none-eabi/10.3.1/../../../../arm-none-eabi/lib/thumb/v7e-m+fp/hard\libc.a(lib_a-lock.o)
                0x0800bb64                __retarget_lock_close_recursive
 .text.__retarget_lock_acquire_recursive
                0x0800bb68        0x4 e:/stm32-gcc/gcc-arm-none-eabi-10.3-2021.10/bin/../lib/gcc/arm-none-eabi/10.3.1/../../../../arm-none-eabi/lib/thumb/v7e-m+fp/hard\libc.a(lib_a-lock.o)
                0x0800bb68                __retarget_lock_acquire_recursive
 .text.__retarget_lock_release_recursive
                0x0800bb6c        0x4 e:/stm32-gcc/gcc-arm-none-eabi-10.3-2021.10/bin/../lib/gcc/arm-none-eabi/10.3.1/../../../../arm-none-eabi/lib/thumb/v7e-m+fp/hard\libc.a(lib_a-lock.o)
                0x0800bb6c                __retarget_lock_release_recursive
 .text._svfprintf_r
                0x0800bb70     0x1acc e:/stm32-gcc/gcc-arm-none-eabi-10.3-2021.10/bin/../lib/gcc/arm-none-eabi/10.3.1/../../../../arm-none-eabi/lib/thumb/v7e-m+fp/hard\libc.a(lib_a-svfprintf.o)
                0x0800bb70                _svfprintf_r
 .text.__register_exitproc
                0x0800d63c       0x8c e:/stm32-gcc/gcc-arm-none-eabi-10.3-2021.10/bin/../lib/gcc/arm-none-eabi/10.3.1/../../../../arm-none-eabi/lib/thumb/v7e-m+fp/hard\libc.a(lib_a-__atexit.o)
                0x0800d63c                __register_exitproc
 .text.quorem   0x0800d6c8      0x128 e:/stm32-gcc/gcc-arm-none-eabi-10.3-2021.10/bin/../lib/gcc/arm-none-eabi/10.3.1/../../../../arm-none-eabi/lib/thumb/v7e-m+fp/hard\libc.a(lib_a-dtoa.o)
 .text._dtoa_r  0x0800d7f0      0xf3c e:/stm32-gcc/gcc-arm-none-eabi-10.3-2021.10/bin/../lib/gcc/arm-none-eabi/10.3.1/../../../../arm-none-eabi/lib/thumb/v7e-m+fp/hard\libc.a(lib_a-dtoa.o)
                0x0800d7f0                _dtoa_r
 .text._malloc_trim_r
                0x0800e72c       0xa0 e:/stm32-gcc/gcc-arm-none-eabi-10.3-2021.10/bin/../lib/gcc/arm-none-eabi/10.3.1/../../../../arm-none-eabi/lib/thumb/v7e-m+fp/hard\libc.a(lib_a-freer.o)
                0x0800e72c                _malloc_trim_r
 .text._free_r  0x0800e7cc      0x20c e:/stm32-gcc/gcc-arm-none-eabi-10.3-2021.10/bin/../lib/gcc/arm-none-eabi/10.3.1/../../../../arm-none-eabi/lib/thumb/v7e-m+fp/hard\libc.a(lib_a-freer.o)
                0x0800e7cc                _free_r
 .text._localeconv_r
                0x0800e9d8        0x8 e:/stm32-gcc/gcc-arm-none-eabi-10.3-2021.10/bin/../lib/gcc/arm-none-eabi/10.3.1/../../../../arm-none-eabi/lib/thumb/v7e-m+fp/hard\libc.a(lib_a-localeconv.o)
                0x0800e9d8                _localeconv_r
 .text._malloc_r
                0x0800e9e0      0x560 e:/stm32-gcc/gcc-arm-none-eabi-10.3-2021.10/bin/../lib/gcc/arm-none-eabi/10.3.1/../../../../arm-none-eabi/lib/thumb/v7e-m+fp/hard\libc.a(lib_a-mallocr.o)
                0x0800e9e0                _malloc_r
 .text.__malloc_lock
                0x0800ef40        0xc e:/stm32-gcc/gcc-arm-none-eabi-10.3-2021.10/bin/../lib/gcc/arm-none-eabi/10.3.1/../../../../arm-none-eabi/lib/thumb/v7e-m+fp/hard\libc.a(lib_a-mlock.o)
                0x0800ef40                __malloc_lock
 .text.__malloc_unlock
                0x0800ef4c        0xc e:/stm32-gcc/gcc-arm-none-eabi-10.3-2021.10/bin/../lib/gcc/arm-none-eabi/10.3.1/../../../../arm-none-eabi/lib/thumb/v7e-m+fp/hard\libc.a(lib_a-mlock.o)
                0x0800ef4c                __malloc_unlock
 .text._Balloc  0x0800ef58       0x4c e:/stm32-gcc/gcc-arm-none-eabi-10.3-2021.10/bin/../lib/gcc/arm-none-eabi/10.3.1/../../../../arm-none-eabi/lib/thumb/v7e-m+fp/hard\libc.a(lib_a-mprec.o)
                0x0800ef58                _Balloc
 .text._Bfree   0x0800efa4       0x14 e:/stm32-gcc/gcc-arm-none-eabi-10.3-2021.10/bin/../lib/gcc/arm-none-eabi/10.3.1/../../../../arm-none-eabi/lib/thumb/v7e-m+fp/hard\libc.a(lib_a-mprec.o)
                0x0800efa4                _Bfree
 .text.__multadd
                0x0800efb8       0xa8 e:/stm32-gcc/gcc-arm-none-eabi-10.3-2021.10/bin/../lib/gcc/arm-none-eabi/10.3.1/../../../../arm-none-eabi/lib/thumb/v7e-m+fp/hard\libc.a(lib_a-mprec.o)
                0x0800efb8                __multadd
 .text.__hi0bits
                0x0800f060       0x40 e:/stm32-gcc/gcc-arm-none-eabi-10.3-2021.10/bin/../lib/gcc/arm-none-eabi/10.3.1/../../../../arm-none-eabi/lib/thumb/v7e-m+fp/hard\libc.a(lib_a-mprec.o)
                0x0800f060                __hi0bits
 .text.__lo0bits
                0x0800f0a0       0x60 e:/stm32-gcc/gcc-arm-none-eabi-10.3-2021.10/bin/../lib/gcc/arm-none-eabi/10.3.1/../../../../arm-none-eabi/lib/thumb/v7e-m+fp/hard\libc.a(lib_a-mprec.o)
                0x0800f0a0                __lo0bits
 .text.__i2b    0x0800f100       0x5c e:/stm32-gcc/gcc-arm-none-eabi-10.3-2021.10/bin/../lib/gcc/arm-none-eabi/10.3.1/../../../../arm-none-eabi/lib/thumb/v7e-m+fp/hard\libc.a(lib_a-mprec.o)
                0x0800f100                __i2b
 .text.__multiply
                0x0800f15c      0x15c e:/stm32-gcc/gcc-arm-none-eabi-10.3-2021.10/bin/../lib/gcc/arm-none-eabi/10.3.1/../../../../arm-none-eabi/lib/thumb/v7e-m+fp/hard\libc.a(lib_a-mprec.o)
                0x0800f15c                __multiply
 .text.__pow5mult
                0x0800f2b8       0xc0 e:/stm32-gcc/gcc-arm-none-eabi-10.3-2021.10/bin/../lib/gcc/arm-none-eabi/10.3.1/../../../../arm-none-eabi/lib/thumb/v7e-m+fp/hard\libc.a(lib_a-mprec.o)
                0x0800f2b8                __pow5mult
 .text.__lshift
                0x0800f378       0xf0 e:/stm32-gcc/gcc-arm-none-eabi-10.3-2021.10/bin/../lib/gcc/arm-none-eabi/10.3.1/../../../../arm-none-eabi/lib/thumb/v7e-m+fp/hard\libc.a(lib_a-mprec.o)
                0x0800f378                __lshift
 .text.__mcmp   0x0800f468       0x44 e:/stm32-gcc/gcc-arm-none-eabi-10.3-2021.10/bin/../lib/gcc/arm-none-eabi/10.3.1/../../../../arm-none-eabi/lib/thumb/v7e-m+fp/hard\libc.a(lib_a-mprec.o)
                0x0800f468                __mcmp
 .text.__mdiff  0x0800f4ac      0x14c e:/stm32-gcc/gcc-arm-none-eabi-10.3-2021.10/bin/../lib/gcc/arm-none-eabi/10.3.1/../../../../arm-none-eabi/lib/thumb/v7e-m+fp/hard\libc.a(lib_a-mprec.o)
                0x0800f4ac                __mdiff
 .text.__d2b    0x0800f5f8       0xd0 e:/stm32-gcc/gcc-arm-none-eabi-10.3-2021.10/bin/../lib/gcc/arm-none-eabi/10.3.1/../../../../arm-none-eabi/lib/thumb/v7e-m+fp/hard\libc.a(lib_a-mprec.o)
                0x0800f5f8                __d2b
 .text.frexp    0x0800f6c8       0x6c e:/stm32-gcc/gcc-arm-none-eabi-10.3-2021.10/bin/../lib/gcc/arm-none-eabi/10.3.1/../../../../arm-none-eabi/lib/thumb/v7e-m+fp/hard\libc.a(lib_a-s_frexp.o)
                0x0800f6c8                frexp
 .text._sbrk_r  0x0800f734       0x24 e:/stm32-gcc/gcc-arm-none-eabi-10.3-2021.10/bin/../lib/gcc/arm-none-eabi/10.3.1/../../../../arm-none-eabi/lib/thumb/v7e-m+fp/hard\libc.a(lib_a-sbrkr.o)
                0x0800f734                _sbrk_r
 .text.__ssprint_r
                0x0800f758       0xf8 e:/stm32-gcc/gcc-arm-none-eabi-10.3-2021.10/bin/../lib/gcc/arm-none-eabi/10.3.1/../../../../arm-none-eabi/lib/thumb/v7e-m+fp/hard\libc.a(lib_a-svfiprintf.o)
                0x0800f758                __ssprint_r
 .text.__assert_func
                0x0800f850       0x40 e:/stm32-gcc/gcc-arm-none-eabi-10.3-2021.10/bin/../lib/gcc/arm-none-eabi/10.3.1/../../../../arm-none-eabi/lib/thumb/v7e-m+fp/hard\libc.a(lib_a-assert.o)
                0x0800f850                __assert_func
 .text._calloc_r
                0x0800f890       0x78 e:/stm32-gcc/gcc-arm-none-eabi-10.3-2021.10/bin/../lib/gcc/arm-none-eabi/10.3.1/../../../../arm-none-eabi/lib/thumb/v7e-m+fp/hard\libc.a(lib_a-callocr.o)
                0x0800f890                _calloc_r
 .text.__errno  0x0800f908        0xc e:/stm32-gcc/gcc-arm-none-eabi-10.3-2021.10/bin/../lib/gcc/arm-none-eabi/10.3.1/../../../../arm-none-eabi/lib/thumb/v7e-m+fp/hard\libc.a(lib_a-errno.o)
                0x0800f908                __errno
 .text.fiprintf
                0x0800f914       0x28 e:/stm32-gcc/gcc-arm-none-eabi-10.3-2021.10/bin/../lib/gcc/arm-none-eabi/10.3.1/../../../../arm-none-eabi/lib/thumb/v7e-m+fp/hard\libc.a(lib_a-fiprintf.o)
                0x0800f914                fiprintf
 .text.__locale_mb_cur_max
                0x0800f93c        0xc e:/stm32-gcc/gcc-arm-none-eabi-10.3-2021.10/bin/../lib/gcc/arm-none-eabi/10.3.1/../../../../arm-none-eabi/lib/thumb/v7e-m+fp/hard\libc.a(lib_a-locale.o)
                0x0800f93c                __locale_mb_cur_max
 .text.__ascii_mbtowc
                0x0800f948       0x2c e:/stm32-gcc/gcc-arm-none-eabi-10.3-2021.10/bin/../lib/gcc/arm-none-eabi/10.3.1/../../../../arm-none-eabi/lib/thumb/v7e-m+fp/hard\libc.a(lib_a-mbtowc_r.o)
                0x0800f948                __ascii_mbtowc
 .text.memmove  0x0800f974       0xf8 e:/stm32-gcc/gcc-arm-none-eabi-10.3-2021.10/bin/../lib/gcc/arm-none-eabi/10.3.1/../../../../arm-none-eabi/lib/thumb/v7e-m+fp/hard\libc.a(lib_a-memmove.o)
                0x0800f974                memmove
 .text._realloc_r
                0x0800fa6c      0x3d8 e:/stm32-gcc/gcc-arm-none-eabi-10.3-2021.10/bin/../lib/gcc/arm-none-eabi/10.3.1/../../../../arm-none-eabi/lib/thumb/v7e-m+fp/hard\libc.a(lib_a-reallocr.o)
                0x0800fa6c                _realloc_r
 .text.__sprint_r.part.0
                0x0800fe44       0x78 e:/stm32-gcc/gcc-arm-none-eabi-10.3-2021.10/bin/../lib/gcc/arm-none-eabi/10.3.1/../../../../arm-none-eabi/lib/thumb/v7e-m+fp/hard\libc.a(lib_a-vfiprintf.o)
 .text._vfiprintf_r
                0x0800febc      0xdfc e:/stm32-gcc/gcc-arm-none-eabi-10.3-2021.10/bin/../lib/gcc/arm-none-eabi/10.3.1/../../../../arm-none-eabi/lib/thumb/v7e-m+fp/hard\libc.a(lib_a-vfiprintf.o)
                0x0800febc                _vfiprintf_r
 .text.__sbprintf
                0x08010cb8       0x80 e:/stm32-gcc/gcc-arm-none-eabi-10.3-2021.10/bin/../lib/gcc/arm-none-eabi/10.3.1/../../../../arm-none-eabi/lib/thumb/v7e-m+fp/hard\libc.a(lib_a-vfiprintf.o)
 .text.__ascii_wctomb
                0x08010d38       0x1c e:/stm32-gcc/gcc-arm-none-eabi-10.3-2021.10/bin/../lib/gcc/arm-none-eabi/10.3.1/../../../../arm-none-eabi/lib/thumb/v7e-m+fp/hard\libc.a(lib_a-wctomb_r.o)
                0x08010d38                __ascii_wctomb
 .text.__swsetup_r
                0x08010d54       0xd4 e:/stm32-gcc/gcc-arm-none-eabi-10.3-2021.10/bin/../lib/gcc/arm-none-eabi/10.3.1/../../../../arm-none-eabi/lib/thumb/v7e-m+fp/hard\libc.a(lib_a-wsetup.o)
                0x08010d54                __swsetup_r
 .text.abort    0x08010e28       0x10 e:/stm32-gcc/gcc-arm-none-eabi-10.3-2021.10/bin/../lib/gcc/arm-none-eabi/10.3.1/../../../../arm-none-eabi/lib/thumb/v7e-m+fp/hard\libc.a(lib_a-abort.o)
                0x08010e28                abort
 .text.__sflush_r
                0x08010e38      0x130 e:/stm32-gcc/gcc-arm-none-eabi-10.3-2021.10/bin/../lib/gcc/arm-none-eabi/10.3.1/../../../../arm-none-eabi/lib/thumb/v7e-m+fp/hard\libc.a(lib_a-fflush.o)
                0x08010e38                __sflush_r
 .text._fflush_r
                0x08010f68       0x5c e:/stm32-gcc/gcc-arm-none-eabi-10.3-2021.10/bin/../lib/gcc/arm-none-eabi/10.3.1/../../../../arm-none-eabi/lib/thumb/v7e-m+fp/hard\libc.a(lib_a-fflush.o)
                0x08010f68                _fflush_r
 .text._cleanup_r
                0x08010fc4        0xc e:/stm32-gcc/gcc-arm-none-eabi-10.3-2021.10/bin/../lib/gcc/arm-none-eabi/10.3.1/../../../../arm-none-eabi/lib/thumb/v7e-m+fp/hard\libc.a(lib_a-findfp.o)
                0x08010fc4                _cleanup_r
 .text.__sinit  0x08010fd0      0x10c e:/stm32-gcc/gcc-arm-none-eabi-10.3-2021.10/bin/../lib/gcc/arm-none-eabi/10.3.1/../../../../arm-none-eabi/lib/thumb/v7e-m+fp/hard\libc.a(lib_a-findfp.o)
                0x08010fd0                __sinit
 .text.__sfp_lock_acquire
                0x080110dc        0xc e:/stm32-gcc/gcc-arm-none-eabi-10.3-2021.10/bin/../lib/gcc/arm-none-eabi/10.3.1/../../../../arm-none-eabi/lib/thumb/v7e-m+fp/hard\libc.a(lib_a-findfp.o)
                0x080110dc                __sfp_lock_acquire
 .text.__sfp_lock_release
                0x080110e8        0xc e:/stm32-gcc/gcc-arm-none-eabi-10.3-2021.10/bin/../lib/gcc/arm-none-eabi/10.3.1/../../../../arm-none-eabi/lib/thumb/v7e-m+fp/hard\libc.a(lib_a-findfp.o)
                0x080110e8                __sfp_lock_release
 .text.__fputwc
                0x080110f4       0xa8 e:/stm32-gcc/gcc-arm-none-eabi-10.3-2021.10/bin/../lib/gcc/arm-none-eabi/10.3.1/../../../../arm-none-eabi/lib/thumb/v7e-m+fp/hard\libc.a(lib_a-fputwc.o)
                0x080110f4                __fputwc
 .text._fputwc_r
                0x0801119c       0x68 e:/stm32-gcc/gcc-arm-none-eabi-10.3-2021.10/bin/../lib/gcc/arm-none-eabi/10.3.1/../../../../arm-none-eabi/lib/thumb/v7e-m+fp/hard\libc.a(lib_a-fputwc.o)
                0x0801119c                _fputwc_r
 .text.__sfvwrite_r
                0x08011204      0x2f0 e:/stm32-gcc/gcc-arm-none-eabi-10.3-2021.10/bin/../lib/gcc/arm-none-eabi/10.3.1/../../../../arm-none-eabi/lib/thumb/v7e-m+fp/hard\libc.a(lib_a-fvwrite.o)
                0x08011204                __sfvwrite_r
 .text._fwalk_reent
                0x080114f4       0x48 e:/stm32-gcc/gcc-arm-none-eabi-10.3-2021.10/bin/../lib/gcc/arm-none-eabi/10.3.1/../../../../arm-none-eabi/lib/thumb/v7e-m+fp/hard\libc.a(lib_a-fwalk.o)
                0x080114f4                _fwalk_reent
 .text.__smakebuf_r
                0x0801153c       0xe0 e:/stm32-gcc/gcc-arm-none-eabi-10.3-2021.10/bin/../lib/gcc/arm-none-eabi/10.3.1/../../../../arm-none-eabi/lib/thumb/v7e-m+fp/hard\libc.a(lib_a-makebuf.o)
                0x0801153c                __smakebuf_r
 .text.raise    0x0801161c       0x5c e:/stm32-gcc/gcc-arm-none-eabi-10.3-2021.10/bin/../lib/gcc/arm-none-eabi/10.3.1/../../../../arm-none-eabi/lib/thumb/v7e-m+fp/hard\libc.a(lib_a-signal.o)
                0x0801161c                raise
 .text._kill_r  0x08011678       0x2c e:/stm32-gcc/gcc-arm-none-eabi-10.3-2021.10/bin/../lib/gcc/arm-none-eabi/10.3.1/../../../../arm-none-eabi/lib/thumb/v7e-m+fp/hard\libc.a(lib_a-signalr.o)
                0x08011678                _kill_r
 .text._getpid_r
                0x080116a4        0x4 e:/stm32-gcc/gcc-arm-none-eabi-10.3-2021.10/bin/../lib/gcc/arm-none-eabi/10.3.1/../../../../arm-none-eabi/lib/thumb/v7e-m+fp/hard\libc.a(lib_a-signalr.o)
                0x080116a4                _getpid_r
 .text.__sread  0x080116a8       0x24 e:/stm32-gcc/gcc-arm-none-eabi-10.3-2021.10/bin/../lib/gcc/arm-none-eabi/10.3.1/../../../../arm-none-eabi/lib/thumb/v7e-m+fp/hard\libc.a(lib_a-stdio.o)
                0x080116a8                __sread
 .text.__swrite
                0x080116cc       0x40 e:/stm32-gcc/gcc-arm-none-eabi-10.3-2021.10/bin/../lib/gcc/arm-none-eabi/10.3.1/../../../../arm-none-eabi/lib/thumb/v7e-m+fp/hard\libc.a(lib_a-stdio.o)
                0x080116cc                __swrite
 .text.__sseek  0x0801170c       0x20 e:/stm32-gcc/gcc-arm-none-eabi-10.3-2021.10/bin/../lib/gcc/arm-none-eabi/10.3.1/../../../../arm-none-eabi/lib/thumb/v7e-m+fp/hard\libc.a(lib_a-stdio.o)
                0x0801170c                __sseek
 .text.__sclose
                0x0801172c        0x8 e:/stm32-gcc/gcc-arm-none-eabi-10.3-2021.10/bin/../lib/gcc/arm-none-eabi/10.3.1/../../../../arm-none-eabi/lib/thumb/v7e-m+fp/hard\libc.a(lib_a-stdio.o)
                0x0801172c                __sclose
 .text.__swbuf_r
                0x08011734       0xb0 e:/stm32-gcc/gcc-arm-none-eabi-10.3-2021.10/bin/../lib/gcc/arm-none-eabi/10.3.1/../../../../arm-none-eabi/lib/thumb/v7e-m+fp/hard\libc.a(lib_a-wbuf.o)
                0x08011734                __swbuf_r
 .text._wcrtomb_r
                0x080117e4       0x3c e:/stm32-gcc/gcc-arm-none-eabi-10.3-2021.10/bin/../lib/gcc/arm-none-eabi/10.3.1/../../../../arm-none-eabi/lib/thumb/v7e-m+fp/hard\libc.a(lib_a-wcrtomb.o)
                0x080117e4                _wcrtomb_r
 .text._write_r
                0x08011820       0x2c e:/stm32-gcc/gcc-arm-none-eabi-10.3-2021.10/bin/../lib/gcc/arm-none-eabi/10.3.1/../../../../arm-none-eabi/lib/thumb/v7e-m+fp/hard\libc.a(lib_a-writer.o)
                0x08011820                _write_r
 .text._close_r
                0x0801184c       0x24 e:/stm32-gcc/gcc-arm-none-eabi-10.3-2021.10/bin/../lib/gcc/arm-none-eabi/10.3.1/../../../../arm-none-eabi/lib/thumb/v7e-m+fp/hard\libc.a(lib_a-closer.o)
                0x0801184c                _close_r
 .text._fclose_r
                0x08011870       0xcc e:/stm32-gcc/gcc-arm-none-eabi-10.3-2021.10/bin/../lib/gcc/arm-none-eabi/10.3.1/../../../../arm-none-eabi/lib/thumb/v7e-m+fp/hard\libc.a(lib_a-fclose.o)
                0x08011870                _fclose_r
 .text._fstat_r
                0x0801193c       0x2c e:/stm32-gcc/gcc-arm-none-eabi-10.3-2021.10/bin/../lib/gcc/arm-none-eabi/10.3.1/../../../../arm-none-eabi/lib/thumb/v7e-m+fp/hard\libc.a(lib_a-fstatr.o)
                0x0801193c                _fstat_r
 .text._isatty_r
                0x08011968       0x24 e:/stm32-gcc/gcc-arm-none-eabi-10.3-2021.10/bin/../lib/gcc/arm-none-eabi/10.3.1/../../../../arm-none-eabi/lib/thumb/v7e-m+fp/hard\libc.a(lib_a-isattyr.o)
                0x08011968                _isatty_r
 .text._lseek_r
                0x0801198c       0x2c e:/stm32-gcc/gcc-arm-none-eabi-10.3-2021.10/bin/../lib/gcc/arm-none-eabi/10.3.1/../../../../arm-none-eabi/lib/thumb/v7e-m+fp/hard\libc.a(lib_a-lseekr.o)
                0x0801198c                _lseek_r
 .text._read_r  0x080119b8       0x2c e:/stm32-gcc/gcc-arm-none-eabi-10.3-2021.10/bin/../lib/gcc/arm-none-eabi/10.3.1/../../../../arm-none-eabi/lib/thumb/v7e-m+fp/hard\libc.a(lib_a-readr.o)
                0x080119b8                _read_r
 *fill*         0x080119e4        0x4 
 .text.cosh     0x080119e8       0x78 e:/stm32-gcc/gcc-arm-none-eabi-10.3-2021.10/bin/../lib/gcc/arm-none-eabi/10.3.1/../../../../arm-none-eabi/lib/thumb/v7e-m+fp/hard\libm.a(lib_a-w_cosh.o)
                0x080119e8                cosh
 .text.log      0x08011a60       0x84 e:/stm32-gcc/gcc-arm-none-eabi-10.3-2021.10/bin/../lib/gcc/arm-none-eabi/10.3.1/../../../../arm-none-eabi/lib/thumb/v7e-m+fp/hard\libm.a(lib_a-w_log.o)
                0x08011a60                log
 .text.__ieee754_cosh
                0x08011ae4      0x174 e:/stm32-gcc/gcc-arm-none-eabi-10.3-2021.10/bin/../lib/gcc/arm-none-eabi/10.3.1/../../../../arm-none-eabi/lib/thumb/v7e-m+fp/hard\libm.a(lib_a-e_cosh.o)
                0x08011ae4                __ieee754_cosh
 .text.__ieee754_exp
                0x08011c58      0x3dc e:/stm32-gcc/gcc-arm-none-eabi-10.3-2021.10/bin/../lib/gcc/arm-none-eabi/10.3.1/../../../../arm-none-eabi/lib/thumb/v7e-m+fp/hard\libm.a(lib_a-e_exp.o)
                0x08011c58                __ieee754_exp
 *fill*         0x08012034        0x4 
 .text.__ieee754_log
                0x08012038      0x438 e:/stm32-gcc/gcc-arm-none-eabi-10.3-2021.10/bin/../lib/gcc/arm-none-eabi/10.3.1/../../../../arm-none-eabi/lib/thumb/v7e-m+fp/hard\libm.a(lib_a-e_log.o)
                0x08012038                __ieee754_log
 .text.with_errno
                0x08012470       0x18 e:/stm32-gcc/gcc-arm-none-eabi-10.3-2021.10/bin/../lib/gcc/arm-none-eabi/10.3.1/../../../../arm-none-eabi/lib/thumb/v7e-m+fp/hard\libm.a(lib_a-math_err.o)
 .text.xflow    0x08012488       0x2c e:/stm32-gcc/gcc-arm-none-eabi-10.3-2021.10/bin/../lib/gcc/arm-none-eabi/10.3.1/../../../../arm-none-eabi/lib/thumb/v7e-m+fp/hard\libm.a(lib_a-math_err.o)
 .text.__math_uflow
                0x080124b4       0x14 e:/stm32-gcc/gcc-arm-none-eabi-10.3-2021.10/bin/../lib/gcc/arm-none-eabi/10.3.1/../../../../arm-none-eabi/lib/thumb/v7e-m+fp/hard\libm.a(lib_a-math_err.o)
                0x080124b4                __math_uflow
 .text.__math_oflow
                0x080124c8       0x14 e:/stm32-gcc/gcc-arm-none-eabi-10.3-2021.10/bin/../lib/gcc/arm-none-eabi/10.3.1/../../../../arm-none-eabi/lib/thumb/v7e-m+fp/hard\libm.a(lib_a-math_err.o)
                0x080124c8                __math_oflow
 *fill*         0x080124dc        0x4 
 .text.expm1    0x080124e0      0x4c0 e:/stm32-gcc/gcc-arm-none-eabi-10.3-2021.10/bin/../lib/gcc/arm-none-eabi/10.3.1/../../../../arm-none-eabi/lib/thumb/v7e-m+fp/hard\libm.a(lib_a-s_expm1.o)
                0x080124e0                expm1
 .text.fabs     0x080129a0       0x14 e:/stm32-gcc/gcc-arm-none-eabi-10.3-2021.10/bin/../lib/gcc/arm-none-eabi/10.3.1/../../../../arm-none-eabi/lib/thumb/v7e-m+fp/hard\libm.a(lib_a-s_fabs.o)
                0x080129a0                fabs
 *fill*         0x080129b4        0x4 
 .text.nan      0x080129b8       0x10 e:/stm32-gcc/gcc-arm-none-eabi-10.3-2021.10/bin/../lib/gcc/arm-none-eabi/10.3.1/../../../../arm-none-eabi/lib/thumb/v7e-m+fp/hard\libm.a(lib_a-s_nan.o)
                0x080129b8                nan
 .text._close   0x080129c8       0x10 e:/stm32-gcc/gcc-arm-none-eabi-10.3-2021.10/bin/../lib/gcc/arm-none-eabi/10.3.1/../../../../arm-none-eabi/lib/thumb/v7e-m+fp/hard\libnosys.a(close.o)
                0x080129c8                _close
 .text._fstat   0x080129d8       0x10 e:/stm32-gcc/gcc-arm-none-eabi-10.3-2021.10/bin/../lib/gcc/arm-none-eabi/10.3.1/../../../../arm-none-eabi/lib/thumb/v7e-m+fp/hard\libnosys.a(fstat.o)
                0x080129d8                _fstat
 .text._getpid  0x080129e8       0x10 e:/stm32-gcc/gcc-arm-none-eabi-10.3-2021.10/bin/../lib/gcc/arm-none-eabi/10.3.1/../../../../arm-none-eabi/lib/thumb/v7e-m+fp/hard\libnosys.a(getpid.o)
                0x080129e8                _getpid
 .text._isatty  0x080129f8       0x10 e:/stm32-gcc/gcc-arm-none-eabi-10.3-2021.10/bin/../lib/gcc/arm-none-eabi/10.3.1/../../../../arm-none-eabi/lib/thumb/v7e-m+fp/hard\libnosys.a(isatty.o)
                0x080129f8                _isatty
 .text._kill    0x08012a08       0x10 e:/stm32-gcc/gcc-arm-none-eabi-10.3-2021.10/bin/../lib/gcc/arm-none-eabi/10.3.1/../../../../arm-none-eabi/lib/thumb/v7e-m+fp/hard\libnosys.a(kill.o)
                0x08012a08                _kill
 .text._lseek   0x08012a18       0x10 e:/stm32-gcc/gcc-arm-none-eabi-10.3-2021.10/bin/../lib/gcc/arm-none-eabi/10.3.1/../../../../arm-none-eabi/lib/thumb/v7e-m+fp/hard\libnosys.a(lseek.o)
                0x08012a18                _lseek
 .text._read    0x08012a28       0x10 e:/stm32-gcc/gcc-arm-none-eabi-10.3-2021.10/bin/../lib/gcc/arm-none-eabi/10.3.1/../../../../arm-none-eabi/lib/thumb/v7e-m+fp/hard\libnosys.a(read.o)
                0x08012a28                _read
 .text._sbrk    0x08012a38       0x1c e:/stm32-gcc/gcc-arm-none-eabi-10.3-2021.10/bin/../lib/gcc/arm-none-eabi/10.3.1/../../../../arm-none-eabi/lib/thumb/v7e-m+fp/hard\libnosys.a(sbrk.o)
                0x08012a38                _sbrk
 .text._write   0x08012a54       0x10 e:/stm32-gcc/gcc-arm-none-eabi-10.3-2021.10/bin/../lib/gcc/arm-none-eabi/10.3.1/../../../../arm-none-eabi/lib/thumb/v7e-m+fp/hard\libnosys.a(write.o)
                0x08012a54                _write
 .text._exit    0x08012a64        0x4 e:/stm32-gcc/gcc-arm-none-eabi-10.3-2021.10/bin/../lib/gcc/arm-none-eabi/10.3.1/../../../../arm-none-eabi/lib/thumb/v7e-m+fp/hard\libnosys.a(_exit.o)
                0x08012a64                _exit
 *(.glue_7)
 .glue_7        0x08012a68        0x0 linker stubs
 *(.glue_7t)
 .glue_7t       0x08012a68        0x0 linker stubs
 *(.eh_frame)
 .eh_frame      0x08012a68        0x0 e:/stm32-gcc/gcc-arm-none-eabi-10.3-2021.10/bin/../lib/gcc/arm-none-eabi/10.3.1/thumb/v7e-m+fp/hard/crtbegin.o
 *(.init)
 .init          0x08012a68        0x4 e:/stm32-gcc/gcc-arm-none-eabi-10.3-2021.10/bin/../lib/gcc/arm-none-eabi/10.3.1/thumb/v7e-m+fp/hard/crti.o
                0x08012a68                _init
 .init          0x08012a6c        0x8 e:/stm32-gcc/gcc-arm-none-eabi-10.3-2021.10/bin/../lib/gcc/arm-none-eabi/10.3.1/thumb/v7e-m+fp/hard/crtn.o
 *(.fini)
 .fini          0x08012a74        0x4 e:/stm32-gcc/gcc-arm-none-eabi-10.3-2021.10/bin/../lib/gcc/arm-none-eabi/10.3.1/thumb/v7e-m+fp/hard/crti.o
                0x08012a74                _fini
 .fini          0x08012a78        0x8 e:/stm32-gcc/gcc-arm-none-eabi-10.3-2021.10/bin/../lib/gcc/arm-none-eabi/10.3.1/thumb/v7e-m+fp/hard/crtn.o
                0x08012a80                . = ALIGN (0x4)
                0x08012a80                _etext = .

.vfp11_veneer   0x08012a80        0x0
 .vfp11_veneer  0x08012a80        0x0 linker stubs

.v4_bx          0x08012a80        0x0
 .v4_bx         0x08012a80        0x0 linker stubs

.iplt           0x08012a80        0x0
 .iplt          0x08012a80        0x0 e:/stm32-gcc/gcc-arm-none-eabi-10.3-2021.10/bin/../lib/gcc/arm-none-eabi/10.3.1/thumb/v7e-m+fp/hard/crtbegin.o

.rodata         0x08012a80     0x1c98
                0x08012a80                . = ALIGN (0x4)
 *(.rodata)
 .rodata        0x08012a80        0xb build/flash.o
 *fill*         0x08012a8b        0x1 
 .rodata        0x08012a8c        0x5 build/drv_wave1006.o
 *fill*         0x08012a91        0x3 
 .rodata        0x08012a94        0x5 build/command.o
 *fill*         0x08012a99        0x3 
 .rodata        0x08012a9c       0x8c build/control.o
 .rodata        0x08012b28       0x10 build/calculate.o
 *(.rodata*)
 .rodata.AHBPrescTable
                0x08012b38       0x10 build/system_stm32f4xx.o
                0x08012b38                AHBPrescTable
 .rodata.APBPrescTable
                0x08012b48        0x8 build/system_stm32f4xx.o
                0x08012b48                APBPrescTable
 .rodata.test_data_printf.str1.4
                0x08012b50      0x126 build/flash.o
                                0x12a (size before relaxing)
 *fill*         0x08012c76        0x2 
 .rodata.rtc_set_testcap.str1.4
                0x08012c78       0x16 build/rtc.o
 *fill*         0x08012c8e        0x2 
 .rodata.rtc_1006_set_testmode.str1.4
                0x08012c90       0x2a build/rtc.o
 *fill*         0x08012cba        0x2 
 .rodata.rtc_1006_exit_testmode.str1.4
                0x08012cbc       0x16 build/rtc.o
                                 0x2f (size before relaxing)
 *fill*         0x08012cd2        0x2 
 .rodata.wave1006_enter_test_mode.str1.4
                0x08012cd4       0x1b build/drv_wave1006.o
 *fill*         0x08012cef        0x1 
 .rodata.wave1006_write_otp.str1.4
                0x08012cf0      0x25f build/drv_wave1006.o
 *fill*         0x08012f4f        0x1 
 .rodata.sd8800_write_otp.str1.4
                0x08012f50       0x44 build/drv_wave1006.o
 .rodata.AT_HELP_Handle.str1.4
                0x08012f94       0x1c build/command.o
 .rodata.AT_REALTIME_Handle.str1.4
                0x08012fb0       0x16 build/command.o
 *fill*         0x08012fc6        0x2 
 .rodata.AT_RTCCURRENT_Handle.str1.4
                0x08012fc8       0x1a build/command.o
 *fill*         0x08012fe2        0x2 
 .rodata.AT_GROUPSETTEMP_Handle.str1.4
                0x08012fe4       0x65 build/command.o
 *fill*         0x08013049        0x3 
 .rodata.AT_RTCVBAT_Handle.str1.4
                0x0801304c        0xe build/command.o
                                 0x1a (size before relaxing)
 *fill*         0x0801305a        0x2 
 .rodata.AT_RTCOTP_Handle.str1.4
                0x0801305c        0x5 build/command.o
 *fill*         0x08013061        0x3 
 .rodata.AT_RTCMODE_Handle.str1.4
                0x08013064       0x1b build/command.o
                                 0x20 (size before relaxing)
 *fill*         0x0801307f        0x1 
 .rodata.AT_SYSTEMP_Handle.str1.4
                0x08013080       0x17 build/command.o
 *fill*         0x08013097        0x1 
 .rodata.AT_WRITEFLASH_Handle.str1.4
                0x08013098       0x3a build/command.o
 *fill*         0x080130d2        0x2 
 .rodata.AT_SYSVOLTAGE_Handle.str1.4
                0x080130d4       0x33 build/command.o
 *fill*         0x08013107        0x1 
 .rodata.AT_TESTFLAG_Handle.str1.4
                0x08013108       0x65 build/command.o
                                 0x6d (size before relaxing)
 *fill*         0x0801316d        0x3 
 .rodata.AT_TEMPADC_Handle.str1.4
                0x08013170       0x16 build/command.o
 *fill*         0x08013186        0x2 
 .rodata.AT_TESTMODE_Handle.str1.4
                0x08013188        0x8 build/command.o
 .rodata.UsartInit.str1.4
                0x08013190       0x1e build/command.o
 *fill*         0x080131ae        0x2 
 .rodata.AT_FREQTEST_Handle.str1.4
                0x080131b0       0x20 build/command.o
                                 0x24 (size before relaxing)
 .rodata.AT_RESULT_Handle.str1.4
                0x080131d0       0x89 build/command.o
 *fill*         0x08013259        0x3 
 .rodata.AT_MACHINE_Handle.str1.4
                0x0801325c       0x37 build/command.o
 *fill*         0x08013293        0x1 
 .rodata.AT_READDATA_Handle.str1.4
                0x08013294       0x26 build/command.o
 *fill*         0x080132ba        0x2 
 .rodata.AT_SETTIME_Handle.str1.4
                0x080132bc       0x48 build/command.o
 .rodata.AT_RTC4096_Handle.str1.4
                0x08013304        0xc build/command.o
 .rodata.AT_RTCADJCAP_Handle.str1.4
                0x08013310       0x2a build/command.o
 *fill*         0x0801333a        0x2 
 .rodata.AT_READGROUP_Handle.str1.4
                0x0801333c       0x24 build/command.o
 .rodata.AT_READFLASH_Handle.str1.4
                0x08013360       0x63 build/command.o
 *fill*         0x080133c3        0x1 
 .rodata.AT_ERASEFLASH_Handle.str1.4
                0x080133c4       0x46 build/command.o
 *fill*         0x0801340a        0x2 
 .rodata.AT_SETCURRENT_Handle.str1.4
                0x0801340c       0x2b build/command.o
 *fill*         0x08013437        0x1 
 .rodata.AT_SYSTEST_Handle.str1.4
                0x08013438       0x14 build/command.o
 .rodata.AT_TESTDATA_Handle.str1.4
                0x0801344c       0x18 build/command.o
 .rodata.AT_ATTEST_Handle.str1.4
                0x08013464       0x3b build/command.o
 *fill*         0x0801349f        0x1 
 .rodata.AT_1006TMODE_Handle.str1.4
                0x080134a0       0x1b build/command.o
                                 0x47 (size before relaxing)
 *fill*         0x080134bb        0x1 
 .rodata.AT_SD8800INT_Handle.str1.4
                0x080134bc       0x18 build/command.o
                                 0x22 (size before relaxing)
 .rodata.CheckCommandList.str1.4
                0x080134d4       0x14 build/command.o
 .rodata.DeviceMassage.str1.4
                0x080134e8        0xd build/command.o
 *fill*         0x080134f5        0x3 
 .rodata.system_manage_temp.str1.4
                0x080134f8       0xc3 build/manager.o
 *fill*         0x080135bb        0x1 
 .rodata.system_manage_download_cap.str1.4
                0x080135bc       0x71 build/manager.o
 *fill*         0x0801362d        0x3 
 .rodata.system_set_int.str1.4
                0x08013630        0xe build/manager.o
 *fill*         0x0801363e        0x2 
 .rodata.system_tool_calculate_sec.str1.4
                0x08013640        0xd build/manager.o
 *fill*         0x0801364d        0x3 
 .rodata.system_manage_test_mode.str1.4
                0x08013650      0x30a build/manager.o
                                0x332 (size before relaxing)
 *fill*         0x0801395a        0x2 
 .rodata.log_list_init.str1.4
                0x0801395c       0x29 build/log.o
 *fill*         0x08013985        0x3 
 .rodata.system_set_real_time.str1.4
                0x08013988       0x28 build/task.o
 .rodata.rtc_freq_save.str1.4
                0x080139b0       0x6c build/task.o
 .rodata.rtc_freq_test.str1.4
                0x08013a1c       0x84 build/task.o
                                 0x8c (size before relaxing)
 .rodata.system_machine_test_one.str1.4
                0x08013aa0       0xfe build/task.o
                                0x11e (size before relaxing)
 *fill*         0x08013b9e        0x2 
 .rodata.system_machine_write_one.str1.4
                0x08013ba0      0x116 build/task.o
 *fill*         0x08013cb6        0x2 
 .rodata.CTL_CONNECT_Handle.str1.4
                0x08013cb8       0x1d build/control.o
 *fill*         0x08013cd5        0x3 
 .rodata.CTL_REALTIME_Handle.str1.4
                0x08013cd8       0x22 build/control.o
                                 0x52 (size before relaxing)
 *fill*         0x08013cfa        0x2 
 .rodata.OPERATE_READ_FLASH_Handle.str1.4
                0x08013cfc       0x40 build/control.o
 .rodata.OPERATE_ERASE_FLASH_Handle.str1.4
                0x08013d3c       0x32 build/control.o
                                 0x55 (size before relaxing)
 *fill*         0x08013d6e        0x2 
 .rodata.CheckFlashEarse.str1.4
                0x08013d70       0x4a build/control.o
                                 0x5e (size before relaxing)
 *fill*         0x08013dba        0x2 
 .rodata.OPERATE_IIC_TEST_Handle.str1.4
                0x08013dbc       0x56 build/control.o
 *fill*         0x08013e12        0x2 
 .rodata.OPERATE_READ_TEMP_Handle.str1.4
                0x08013e14       0x5d build/control.o
 *fill*         0x08013e71        0x3 
 .rodata.OPERATE_SHOW_CONFIG9_Handle.str1.4
                0x08013e74       0x56 build/control.o
 *fill*         0x08013eca        0x2 
 .rodata.OPERATE_CAPADJUST_RESULT_Handle.str1.4
                0x08013ecc       0x31 build/control.o
 *fill*         0x08013efd        0x3 
 .rodata.CTL_OPERATE_Handle.str1.4
                0x08013f00      0x179 build/control.o
 *fill*         0x08014079        0x3 
 .rodata.CheckControlList.str1.4
                0x0801407c       0x13 build/control.o
 *fill*         0x0801408f        0x1 
 .rodata.calcul_read_data.str1.4
                0x08014090       0x14 build/calculate.o
 .rodata.init_para_5dot.str1.4
                0x080140a4       0x70 build/calculate.o
 .rodata.check_rtc_temp_success.str1.4
                0x08014114       0x4f build/calculate.o
 *fill*         0x08014163        0x1 
 .rodata.calculate_wave1006_temp_cap.str1.4
                0x08014164       0x3c build/calculate.o
                                 0x50 (size before relaxing)
 .rodata.download_temp_cap.str1.4
                0x080141a0      0x146 build/calculate.o
 .rodata.calculate_temp_cap.str1.4
                0x080142e6      0x146 build/calculate.o
                                 0x11 (size before relaxing)
 *fill*         0x080142e6        0x2 
 .rodata._global_impure_ptr
                0x080142e8        0x4 e:/stm32-gcc/gcc-arm-none-eabi-10.3-2021.10/bin/../lib/gcc/arm-none-eabi/10.3.1/../../../../arm-none-eabi/lib/thumb/v7e-m+fp/hard\libc.a(lib_a-impure.o)
                0x080142e8                _global_impure_ptr
 .rodata._svfprintf_r.str1.4
                0x080142ec       0x42 e:/stm32-gcc/gcc-arm-none-eabi-10.3-2021.10/bin/../lib/gcc/arm-none-eabi/10.3.1/../../../../arm-none-eabi/lib/thumb/v7e-m+fp/hard\libc.a(lib_a-svfprintf.o)
 *fill*         0x0801432e        0x2 
 .rodata.blanks.1
                0x08014330       0x10 e:/stm32-gcc/gcc-arm-none-eabi-10.3-2021.10/bin/../lib/gcc/arm-none-eabi/10.3.1/../../../../arm-none-eabi/lib/thumb/v7e-m+fp/hard\libc.a(lib_a-svfprintf.o)
 .rodata.zeroes.0
                0x08014340       0x10 e:/stm32-gcc/gcc-arm-none-eabi-10.3-2021.10/bin/../lib/gcc/arm-none-eabi/10.3.1/../../../../arm-none-eabi/lib/thumb/v7e-m+fp/hard\libc.a(lib_a-svfprintf.o)
 .rodata._dtoa_r.str1.4
                0x08014350       0xa2 e:/stm32-gcc/gcc-arm-none-eabi-10.3-2021.10/bin/../lib/gcc/arm-none-eabi/10.3.1/../../../../arm-none-eabi/lib/thumb/v7e-m+fp/hard\libc.a(lib_a-dtoa.o)
                                 0xa6 (size before relaxing)
 *fill*         0x080143f2        0x2 
 .rodata.__multadd.str1.4
                0x080143f4       0x7f e:/stm32-gcc/gcc-arm-none-eabi-10.3-2021.10/bin/../lib/gcc/arm-none-eabi/10.3.1/../../../../arm-none-eabi/lib/thumb/v7e-m+fp/hard\libc.a(lib_a-mprec.o)
                                 0x93 (size before relaxing)
 *fill*         0x08014473        0x5 
 .rodata.__mprec_bigtens
                0x08014478       0x28 e:/stm32-gcc/gcc-arm-none-eabi-10.3-2021.10/bin/../lib/gcc/arm-none-eabi/10.3.1/../../../../arm-none-eabi/lib/thumb/v7e-m+fp/hard\libc.a(lib_a-mprec.o)
                0x08014478                __mprec_bigtens
 .rodata.__mprec_tens
                0x080144a0       0xc8 e:/stm32-gcc/gcc-arm-none-eabi-10.3-2021.10/bin/../lib/gcc/arm-none-eabi/10.3.1/../../../../arm-none-eabi/lib/thumb/v7e-m+fp/hard\libc.a(lib_a-mprec.o)
                0x080144a0                __mprec_tens
 .rodata.p05.0  0x08014568        0xc e:/stm32-gcc/gcc-arm-none-eabi-10.3-2021.10/bin/../lib/gcc/arm-none-eabi/10.3.1/../../../../arm-none-eabi/lib/thumb/v7e-m+fp/hard\libc.a(lib_a-mprec.o)
 .rodata.__assert_func.str1.4
                0x08014574       0x3f e:/stm32-gcc/gcc-arm-none-eabi-10.3-2021.10/bin/../lib/gcc/arm-none-eabi/10.3.1/../../../../arm-none-eabi/lib/thumb/v7e-m+fp/hard\libc.a(lib_a-assert.o)
                                 0x43 (size before relaxing)
 *fill*         0x080145b3        0x1 
 .rodata._setlocale_r.str1.4
                0x080145b4        0xa e:/stm32-gcc/gcc-arm-none-eabi-10.3-2021.10/bin/../lib/gcc/arm-none-eabi/10.3.1/../../../../arm-none-eabi/lib/thumb/v7e-m+fp/hard\libc.a(lib_a-locale.o)
                                  0xd (size before relaxing)
 *fill*         0x080145be        0x2 
 .rodata.str1.4
                0x080145c0        0x2 e:/stm32-gcc/gcc-arm-none-eabi-10.3-2021.10/bin/../lib/gcc/arm-none-eabi/10.3.1/../../../../arm-none-eabi/lib/thumb/v7e-m+fp/hard\libc.a(lib_a-locale.o)
 .rodata._vfiprintf_r.str1.4
                0x080145c2       0x2f e:/stm32-gcc/gcc-arm-none-eabi-10.3-2021.10/bin/../lib/gcc/arm-none-eabi/10.3.1/../../../../arm-none-eabi/lib/thumb/v7e-m+fp/hard\libc.a(lib_a-vfiprintf.o)
 *fill*         0x080145c2        0x2 
 .rodata.blanks.1
                0x080145c4       0x10 e:/stm32-gcc/gcc-arm-none-eabi-10.3-2021.10/bin/../lib/gcc/arm-none-eabi/10.3.1/../../../../arm-none-eabi/lib/thumb/v7e-m+fp/hard\libc.a(lib_a-vfiprintf.o)
 .rodata.zeroes.0
                0x080145d4       0x10 e:/stm32-gcc/gcc-arm-none-eabi-10.3-2021.10/bin/../lib/gcc/arm-none-eabi/10.3.1/../../../../arm-none-eabi/lib/thumb/v7e-m+fp/hard\libc.a(lib_a-vfiprintf.o)
 .rodata._ctype_
                0x080145e4      0x101 e:/stm32-gcc/gcc-arm-none-eabi-10.3-2021.10/bin/../lib/gcc/arm-none-eabi/10.3.1/../../../../arm-none-eabi/lib/thumb/v7e-m+fp/hard\libc.a(lib_a-ctype_.o)
                0x080145e4                _ctype_
 .rodata.log.str1.4
                0x080146e5        0x1 e:/stm32-gcc/gcc-arm-none-eabi-10.3-2021.10/bin/../lib/gcc/arm-none-eabi/10.3.1/../../../../arm-none-eabi/lib/thumb/v7e-m+fp/hard\libm.a(lib_a-w_log.o)
 *fill*         0x080146e5        0x3 
 .rodata.halF   0x080146e8       0x10 e:/stm32-gcc/gcc-arm-none-eabi-10.3-2021.10/bin/../lib/gcc/arm-none-eabi/10.3.1/../../../../arm-none-eabi/lib/thumb/v7e-m+fp/hard\libm.a(lib_a-e_exp.o)
 .rodata.ln2HI  0x080146f8       0x10 e:/stm32-gcc/gcc-arm-none-eabi-10.3-2021.10/bin/../lib/gcc/arm-none-eabi/10.3.1/../../../../arm-none-eabi/lib/thumb/v7e-m+fp/hard\libm.a(lib_a-e_exp.o)
 .rodata.ln2LO  0x08014708       0x10 e:/stm32-gcc/gcc-arm-none-eabi-10.3-2021.10/bin/../lib/gcc/arm-none-eabi/10.3.1/../../../../arm-none-eabi/lib/thumb/v7e-m+fp/hard\libm.a(lib_a-e_exp.o)
                0x08014718                . = ALIGN (0x4)

.ARM.extab
 *(.ARM.extab* .gnu.linkonce.armextab.*)

.ARM            0x08014718        0x8
                0x08014718                __exidx_start = .
 *(.ARM.exidx*)
 .ARM.exidx     0x08014718        0x8 e:/stm32-gcc/gcc-arm-none-eabi-10.3-2021.10/bin/../lib/gcc/arm-none-eabi/10.3.1/thumb/v7e-m+fp/hard\libgcc.a(_udivmoddi4.o)
                0x08014720                __exidx_end = .

.rel.dyn        0x08014720        0x0
 .rel.iplt      0x08014720        0x0 e:/stm32-gcc/gcc-arm-none-eabi-10.3-2021.10/bin/../lib/gcc/arm-none-eabi/10.3.1/thumb/v7e-m+fp/hard/crtbegin.o

.preinit_array  0x08014720        0x0
                0x08014720                PROVIDE (__preinit_array_start = .)
 *(.preinit_array*)
                0x08014720                PROVIDE (__preinit_array_end = .)

.init_array     0x08014720        0x8
                0x08014720                PROVIDE (__init_array_start = .)
 *(SORT_BY_NAME(.init_array.*))
 .init_array.00000
                0x08014720        0x4 e:/stm32-gcc/gcc-arm-none-eabi-10.3-2021.10/bin/../lib/gcc/arm-none-eabi/10.3.1/../../../../arm-none-eabi/lib/thumb/v7e-m+fp/hard\libc.a(lib_a-__call_atexit.o)
 *(.init_array*)
 .init_array    0x08014724        0x4 e:/stm32-gcc/gcc-arm-none-eabi-10.3-2021.10/bin/../lib/gcc/arm-none-eabi/10.3.1/thumb/v7e-m+fp/hard/crtbegin.o
                0x08014728                PROVIDE (__init_array_end = .)

.fini_array     0x08014728        0x4
                0x08014728                PROVIDE (__fini_array_start = .)
 *(SORT_BY_NAME(.fini_array.*))
 *(.fini_array*)
 .fini_array    0x08014728        0x4 e:/stm32-gcc/gcc-arm-none-eabi-10.3-2021.10/bin/../lib/gcc/arm-none-eabi/10.3.1/thumb/v7e-m+fp/hard/crtbegin.o
                0x0801472c                PROVIDE (__fini_array_end = .)
                0x0801472c                _sidata = LOADADDR (.data)

.data           0x20000000     0x1b18 load address 0x0801472c
                0x20000000                . = ALIGN (0x4)
                0x20000000                _sdata = .
 *(.data)
 *(.data*)
 .data.uwTickFreq
                0x20000000        0x1 build/stm32f4xx_hal.o
                0x20000000                uwTickFreq
 *fill*         0x20000001        0x3 
 .data.uwTickPrio
                0x20000004        0x4 build/stm32f4xx_hal.o
                0x20000004                uwTickPrio
 .data.SystemCoreClock
                0x20000008        0x4 build/system_stm32f4xx.o
                0x20000008                SystemCoreClock
 .data.soft_i2c_delay
                0x2000000c        0x2 build/soft_i2c.o
                0x2000000c                soft_i2c_delay
 .data.soft_rtc_delay
                0x2000000e        0x2 build/rtc_i2c.o
                0x2000000e                soft_rtc_delay
 .data.check_addr
                0x20000010        0x1 build/flash.o
                0x20000010                check_addr
 .data.enable_write
                0x20000011        0x1 build/flash.o
                0x20000011                enable_write
 .data.read_addr
                0x20000012        0x1 build/flash.o
                0x20000012                read_addr
 .data.write_addr
                0x20000013        0x1 build/flash.o
                0x20000013                write_addr
 .data.g_capList
                0x20000014      0x800 build/rtc.o
                0x20000014                g_capList
 .data.g_otpBuffer
                0x20000814      0x400 build/rtc.o
                0x20000814                g_otpBuffer
 .data.g_sd8800_config
                0x20000c14       0x18 build/drv_wave1006.o
                0x20000c14                g_sd8800_config
 .data.CommandList
                0x20000c2c      0x320 build/command.o
 .data.UsbCommand
                0x20000f4c       0xa0 build/command.o
                0x20000f4c                UsbCommand
 .data.g_rtcChanenel
                0x20000fec        0x1 build/command.o
                0x20000fec                g_rtcChanenel
 .data.state.5  0x20000fed        0x1 build/command.o
 *fill*         0x20000fee        0x2 
 .data.lastChannel.2
                0x20000ff0        0x4 build/manager.o
 .data.lastCap.19
                0x20000ff4        0x4 build/task.o
 .data.minPpm.18
                0x20000ff8        0x4 build/task.o
 .data.result.10
                0x20000ffc        0x1 build/task.o
 .data.result.4
                0x20000ffd        0x1 build/task.o
 *fill*         0x20000ffe        0x2 
 .data.ControlCommand