Archive member included to satisfy reference by file (symbol)

d:/mingw/gcc-arm-none-eabi-10.3-2021.10-win32/gcc-arm-none-eabi-10.3-2021.10/bin/../lib/gcc/arm-none-eabi/10.3.1/../../../../arm-none-eabi/lib/thumb/v7-m/nofp\libc_nano.a(lib_a-atoi.o)
                              build/command.o (atoi)
d:/mingw/gcc-arm-none-eabi-10.3-2021.10-win32/gcc-arm-none-eabi-10.3-2021.10/bin/../lib/gcc/arm-none-eabi/10.3.1/../../../../arm-none-eabi/lib/thumb/v7-m/nofp\libc_nano.a(lib_a-errno.o)
                              build/sysmem.o (__errno)
d:/mingw/gcc-arm-none-eabi-10.3-2021.10-win32/gcc-arm-none-eabi-10.3-2021.10/bin/../lib/gcc/arm-none-eabi/10.3.1/../../../../arm-none-eabi/lib/thumb/v7-m/nofp\libc_nano.a(lib_a-exit.o)
                              d:/mingw/gcc-arm-none-eabi-10.3-2021.10-win32/gcc-arm-none-eabi-10.3-2021.10/bin/../lib/gcc/arm-none-eabi/10.3.1/../../../../arm-none-eabi/lib/thumb/v7-m/nofp/crt0.o (exit)
d:/mingw/gcc-arm-none-eabi-10.3-2021.10-win32/gcc-arm-none-eabi-10.3-2021.10/bin/../lib/gcc/arm-none-eabi/10.3.1/../../../../arm-none-eabi/lib/thumb/v7-m/nofp\libc_nano.a(lib_a-impure.o)
                              d:/mingw/gcc-arm-none-eabi-10.3-2021.10-win32/gcc-arm-none-eabi-10.3-2021.10/bin/../lib/gcc/arm-none-eabi/10.3.1/../../../../arm-none-eabi/lib/thumb/v7-m/nofp\libc_nano.a(lib_a-exit.o) (_global_impure_ptr)
d:/mingw/gcc-arm-none-eabi-10.3-2021.10-win32/gcc-arm-none-eabi-10.3-2021.10/bin/../lib/gcc/arm-none-eabi/10.3.1/../../../../arm-none-eabi/lib/thumb/v7-m/nofp\libc_nano.a(lib_a-init.o)
                              d:/mingw/gcc-arm-none-eabi-10.3-2021.10-win32/gcc-arm-none-eabi-10.3-2021.10/bin/../lib/gcc/arm-none-eabi/10.3.1/../../../../arm-none-eabi/lib/thumb/v7-m/nofp/crt0.o (__libc_init_array)
d:/mingw/gcc-arm-none-eabi-10.3-2021.10-win32/gcc-arm-none-eabi-10.3-2021.10/bin/../lib/gcc/arm-none-eabi/10.3.1/../../../../arm-none-eabi/lib/thumb/v7-m/nofp\libc_nano.a(lib_a-memcpy-stub.o)
                              build/command.o (memcpy)
d:/mingw/gcc-arm-none-eabi-10.3-2021.10-win32/gcc-arm-none-eabi-10.3-2021.10/bin/../lib/gcc/arm-none-eabi/10.3.1/../../../../arm-none-eabi/lib/thumb/v7-m/nofp\libc_nano.a(lib_a-memset.o)
                              d:/mingw/gcc-arm-none-eabi-10.3-2021.10-win32/gcc-arm-none-eabi-10.3-2021.10/bin/../lib/gcc/arm-none-eabi/10.3.1/../../../../arm-none-eabi/lib/thumb/v7-m/nofp/crt0.o (memset)
d:/mingw/gcc-arm-none-eabi-10.3-2021.10-win32/gcc-arm-none-eabi-10.3-2021.10/bin/../lib/gcc/arm-none-eabi/10.3.1/../../../../arm-none-eabi/lib/thumb/v7-m/nofp\libc_nano.a(lib_a-snprintf.o)
                              build/storage.o (snprintf)
d:/mingw/gcc-arm-none-eabi-10.3-2021.10-win32/gcc-arm-none-eabi-10.3-2021.10/bin/../lib/gcc/arm-none-eabi/10.3.1/../../../../arm-none-eabi/lib/thumb/v7-m/nofp\libc_nano.a(lib_a-strchr.o)
                              build/command.o (strchr)
d:/mingw/gcc-arm-none-eabi-10.3-2021.10-win32/gcc-arm-none-eabi-10.3-2021.10/bin/../lib/gcc/arm-none-eabi/10.3.1/../../../../arm-none-eabi/lib/thumb/v7-m/nofp\libc_nano.a(lib_a-strcmp.o)
                              build/main.o (strcmp)
d:/mingw/gcc-arm-none-eabi-10.3-2021.10-win32/gcc-arm-none-eabi-10.3-2021.10/bin/../lib/gcc/arm-none-eabi/10.3.1/../../../../arm-none-eabi/lib/thumb/v7-m/nofp\libc_nano.a(lib_a-strlen.o)
                              build/main.o (strlen)
d:/mingw/gcc-arm-none-eabi-10.3-2021.10-win32/gcc-arm-none-eabi-10.3-2021.10/bin/../lib/gcc/arm-none-eabi/10.3.1/../../../../arm-none-eabi/lib/thumb/v7-m/nofp\libc_nano.a(lib_a-strncpy.o)
                              build/storage.o (strncpy)
d:/mingw/gcc-arm-none-eabi-10.3-2021.10-win32/gcc-arm-none-eabi-10.3-2021.10/bin/../lib/gcc/arm-none-eabi/10.3.1/../../../../arm-none-eabi/lib/thumb/v7-m/nofp\libc_nano.a(lib_a-strstr.o)
                              build/storage.o (strstr)
d:/mingw/gcc-arm-none-eabi-10.3-2021.10-win32/gcc-arm-none-eabi-10.3-2021.10/bin/../lib/gcc/arm-none-eabi/10.3.1/../../../../arm-none-eabi/lib/thumb/v7-m/nofp\libc_nano.a(lib_a-strtol.o)
                              d:/mingw/gcc-arm-none-eabi-10.3-2021.10-win32/gcc-arm-none-eabi-10.3-2021.10/bin/../lib/gcc/arm-none-eabi/10.3.1/../../../../arm-none-eabi/lib/thumb/v7-m/nofp\libc_nano.a(lib_a-atoi.o) (_strtol_r)
d:/mingw/gcc-arm-none-eabi-10.3-2021.10-win32/gcc-arm-none-eabi-10.3-2021.10/bin/../lib/gcc/arm-none-eabi/10.3.1/../../../../arm-none-eabi/lib/thumb/v7-m/nofp\libc_nano.a(lib_a-vsnprintf.o)
                              build/main.o (vsnprintf)
d:/mingw/gcc-arm-none-eabi-10.3-2021.10-win32/gcc-arm-none-eabi-10.3-2021.10/bin/../lib/gcc/arm-none-eabi/10.3.1/../../../../arm-none-eabi/lib/thumb/v7-m/nofp\libc_nano.a(lib_a-ctype_.o)
                              d:/mingw/gcc-arm-none-eabi-10.3-2021.10-win32/gcc-arm-none-eabi-10.3-2021.10/bin/../lib/gcc/arm-none-eabi/10.3.1/../../../../arm-none-eabi/lib/thumb/v7-m/nofp\libc_nano.a(lib_a-strtol.o) (_ctype_)
[...]
Memory Configuration

Name             Origin             Length             Attributes
RAM              0x20000000         0x00010000         xrw
FLASH            0x08000000         0x00080000         xr
*default*        0x00000000         0xffffffff

Linker script and memory map

LOAD d:/mingw/gcc-arm-none-eabi-10.3-2021.10-win32/gcc-arm-none-eabi-10.3-2021.10/bin/../lib/gcc/arm-none-eabi/10.3.1/thumb/v7-m/nofp/crti.o
LOAD d:/mingw/gcc-arm-none-eabi-10.3-2021.10-win32/gcc-arm-none-eabi-10.3-2021.10/bin/../lib/gcc/arm-none-eabi/10.3.1/thumb/v7-m/nofp/crtbegin.o
LOAD d:/mingw/gcc-arm-none-eabi-10.3-2021.10-win32/gcc-arm-none-eabi-10.3-2021.10/bin/../lib/gcc/arm-none-eabi/10.3.1/../../../../arm-none-eabi/lib/thumb/v7-m/nofp/crt0.o
LOAD build/main.o
LOAD build/gpio.o
LOAD build/i2c.o
LOAD build/rtc.o
LOAD build/spi.o
LOAD build/usart.o
LOAD build/stm32f1xx_it.o
LOAD build/stm32f1xx_hal_msp.o
LOAD build/stm32f1xx_hal_gpio_ex.o
LOAD build/stm32f1xx_hal.o
LOAD build/stm32f1xx_hal_rcc.o
LOAD build/stm32f1xx_hal_rcc_ex.o
LOAD build/stm32f1xx_hal_gpio.o
LOAD build/stm32f1xx_hal_dma.o
LOAD build/stm32f1xx_hal_cortex.o
LOAD build/stm32f1xx_hal_pwr.o
LOAD build/stm32f1xx_hal_flash.o
LOAD build/stm32f1xx_hal_flash_ex.o
LOAD build/stm32f1xx_hal_exti.o
LOAD build/stm32f1xx_hal_i2c.o
LOAD build/stm32f1xx_hal_rtc.o
LOAD build/stm32f1xx_hal_rtc_ex.o
LOAD build/stm32f1xx_hal_spi.o
LOAD build/stm32f1xx_hal_uart.o
LOAD build/system_stm32f1xx.o
LOAD build/sysmem.o
LOAD build/syscalls.o
LOAD build/user_diskio.o
LOAD build/fatfs.o
LOAD build/diskio.o
LOAD build/ff.o
LOAD build/ff_gen_drv.o
LOAD build/syscall.o
LOAD build/cc936.o
LOAD build/flash.o
LOAD build/command.o
LOAD build/multi_button.o
LOAD build/storage.o
LOAD build/tool.o
LOAD build/startup_stm32f103xe.o
LOAD d:/mingw/gcc-arm-none-eabi-10.3-2021.10-win32/gcc-arm-none-eabi-10.3-2021.10/bin/../lib/gcc/arm-none-eabi/10.3.1/../../../../arm-none-eabi/lib/thumb/v7-m/nofp\libc_nano.a
LOAD d:/mingw/gcc-arm-none-eabi-10.3-2021.10-win32/gcc-arm-none-eabi-10.3-2021.10/bin/../lib/gcc/arm-none-eabi/10.3.1/../../../../arm-none-eabi/lib/thumb/v7-m/nofp\libm.a
LOAD d:/mingw/gcc-arm-none-eabi-10.3-2021.10-win32/gcc-arm-none-eabi-10.3-2021.10/bin/../lib/gcc/arm-none-eabi/10.3.1/../../../../arm-none-eabi/lib/thumb/v7-m/nofp\libnosys.a
START GROUP
LOAD d:/mingw/gcc-arm-none-eabi-10.3-2021.10-win32/gcc-arm-none-eabi-10.3-2021.10/bin/../lib/gcc/arm-none-eabi/10.3.1/thumb/v7-m/nofp\libgcc.a
LOAD d:/mingw/gcc-arm-none-eabi-10.3-2021.10-win32/gcc-arm-none-eabi-10.3-2021.10/bin/../lib/gcc/arm-none-eabi/10.3.1/../../../../arm-none-eabi/lib/thumb/v7-m/nofp\libc_nano.a
END GROUP
START GROUP
LOAD d:/mingw/gcc-arm-none-eabi-10.3-2021.10-win32/gcc-arm-none-eabi-10.3-2021.10/bin/../lib/gcc/arm-none-eabi/10.3.1/thumb/v7-m/nofp\libgcc.a
LOAD d:/mingw/gcc-arm-none-eabi-10.3-2021.10-win32/gcc-arm-none-eabi-10.3-2021.10/bin/../lib/gcc/arm-none-eabi/10.3.1/../../../../arm-none-eabi/lib/thumb/v7-m/nofp\libc_nano.a
END GROUP
LOAD d:/mingw/gcc-arm-none-eabi-10.3-2021.10-win32/gcc-arm-none-eabi-10.3-2021.10/bin/../lib/gcc/arm-none-eabi/10.3.1/thumb/v7-m/nofp/crtend.o
LOAD d:/mingw/gcc-arm-none-eabi-10.3-2021.10-win32/gcc-arm-none-eabi-10.3-2021.10/bin/../lib/gcc/arm-none-eabi/10.3.1/thumb/v7-m/nofp/crtn.o
                0x20010000                _estack = (ORIGIN (RAM) + LENGTH (RAM))
                0x00000200                _Min_Heap_Size = 0x200
                0x00000400                _Min_Stack_Size = 0x400

.isr_vector     0x08000000      0x1e4
                0x08000000                . = ALIGN (0x4)
 *(.isr_vector)
 .isr_vector    0x08000000      0x1e4 build/startup_stm32f103xe.o
                0x08000000                g_pfnVectors
                0x080001e4                . = ALIGN (0x4)

.text           0x080001e4     0x3e28
                0x080001e4                . = ALIGN (0x4)
 *(.text)
 .text          0x080001e4       0x40 d:/mingw/gcc-arm-none-eabi-10.3-2021.10-win32/gcc-arm-none-eabi-10.3-2021.10/bin/../lib/gcc/arm-none-eabi/10.3.1/thumb/v7-m/nofp/crtbegin.o
 .text          0x08000224       0x10 d:/mingw/gcc-arm-none-eabi-10.3-2021.10-win32/gcc-arm-none-eabi-10.3-2021.10/bin/../lib/gcc/arm-none-eabi/10.3.1/../../../../arm-none-eabi/lib/thumb/v7-m/nofp\libc_nano.a(lib_a-strlen.o)
                0x08000224                strlen
 *(.text*)
 .text.UsbPrintf
                0x08000234       0x50 build/main.o
                0x08000234                UsbPrintf
 .text.Error_Handler
                0x08000284        0x4 build/main.o
                0x08000284                Error_Handler
 .text.SystemClock_Config
                0x08000288       0x8c build/main.o
                0x08000288                SystemClock_Config
 .text.main     0x08000314       0x98 build/main.o
                0x08000314                main
 .text.MX_GPIO_Init
                0x080003ac       0x64 build/gpio.o
                0x080003ac                MX_GPIO_Init
 .text.MX_I2C1_Init
                0x08000410       0x3c build/i2c.o
                0x08000410                MX_I2C1_Init
 .text.HAL_I2C_MspInit
                0x0800044c       0x64 build/i2c.o
                0x0800044c                HAL_I2C_MspInit
 .text.RTC_EnterConfigMode
                0x080004b0       0x1c build/rtc.o
 .text.RTC_ExitConfigMode
                0x080004cc       0x1c build/rtc.o
 .text.MX_RTC_Init
                0x080004e8       0xd8 build/rtc.o
                0x080004e8                MX_RTC_Init
 .text.HAL_RTC_MspInit
                0x080005c0       0x40 build/rtc.o
                0x080005c0                HAL_RTC_MspInit
 .text.RTC_GetCurrentDate
                0x08000600       0xec build/rtc.o
                0x08000600                RTC_GetCurrentDate
 .text.MX_SPI1_Init
                0x080006ec       0x44 build/spi.o
                0x080006ec                MX_SPI1_Init
 .text.HAL_SPI_MspInit
                0x08000730       0x74 build/spi.o
                0x08000730                HAL_SPI_MspInit
 .text.MX_USART1_UART_Init
                0x080007a4       0x34 build/usart.o
                0x080007a4                MX_USART1_UART_Init
 .text.MX_USART2_UART_Init
                0x080007d8       0x4c build/usart.o
                0x080007d8                MX_USART2_UART_Init
 .text.HAL_UART_MspInit
                0x08000824       0xf4 build/usart.o
                0x08000824                HAL_UART_MspInit
 .text.NMI_Handler
                0x08000918        0x2 build/stm32f1xx_it.o
                0x08000918                NMI_Handler
 .text.HardFault_Handler
                0x0800091a        0x2 build/stm32f1xx_it.o
                0x0800091a                HardFault_Handler
 .text.MemManage_Handler
                0x0800091c        0x2 build/stm32f1xx_it.o
                0x0800091c                MemManage_Handler
 .text.BusFault_Handler
                0x0800091e        0x2 build/stm32f1xx_it.o
                0x0800091e                BusFault_Handler
 .text.UsageFault_Handler
                0x08000920        0x2 build/stm32f1xx_it.o
                0x08000920                UsageFault_Handler
 .text.SVC_Handler
                0x08000922        0x2 build/stm32f1xx_it.o
                0x08000922                SVC_Handler
 .text.DebugMon_Handler
                0x08000924        0x2 build/stm32f1xx_it.o
                0x08000924                DebugMon_Handler
 .text.PendSV_Handler
                0x08000926        0x2 build/stm32f1xx_it.o
                0x08000926                PendSV_Handler
 .text.SysTick_Handler
                0x08000928        0x8 build/stm32f1xx_it.o
                0x08000928                SysTick_Handler
 .text.USART1_IRQHandler
                0x08000930       0x10 build/stm32f1xx_it.o
                0x08000930                USART1_IRQHandler
 .text.USART2_IRQHandler
                0x08000940       0x10 build/stm32f1xx_it.o
                0x08000940                USART2_IRQHandler
 .text.HAL_MspInit
                0x08000950       0x44 build/stm32f1xx_hal_msp.o
                0x08000950                HAL_MspInit
 .text.HAL_InitTick
                0x08000994       0x4c build/stm32f1xx_hal.o
                0x08000994                HAL_InitTick
 .text.HAL_Init
                0x080009e0       0x24 build/stm32f1xx_hal.o
                0x080009e0                HAL_Init
 .text.HAL_IncTick
                0x08000a04       0x18 build/stm32f1xx_hal.o
                0x08000a04                HAL_IncTick
 .text.HAL_GetTick
                0x08000a1c        0xc build/stm32f1xx_hal.o
                0x08000a1c                HAL_GetTick
 .text.HAL_Delay
                0x08000a28       0x28 build/stm32f1xx_hal.o
                0x08000a28                HAL_Delay
 .text.RCC_Delay
                0x08000a50       0x2c build/stm32f1xx_hal_rcc.o
 .text.HAL_RCC_OscConfig
                0x08000a7c      0x410 build/stm32f1xx_hal_rcc.o
                0x08000a7c                HAL_RCC_OscConfig
 .text.HAL_RCC_GetSysClockFreq
                0x08000e8c       0x54 build/stm32f1xx_hal_rcc.o
                0x08000e8c                HAL_RCC_GetSysClockFreq
 .text.HAL_RCC_ClockConfig
                0x08000ee0      0x16c build/stm32f1xx_hal_rcc.o
                0x08000ee0                HAL_RCC_ClockConfig
 .text.HAL_RCC_GetHCLKFreq
                0x0800104c        0xc build/stm32f1xx_hal_rcc.o
                0x0800104c                HAL_RCC_GetHCLKFreq
 .text.HAL_RCC_GetPCLK1Freq
                0x08001058       0x20 build/stm32f1xx_hal_rcc.o
                0x08001058                HAL_RCC_GetPCLK1Freq
 .text.HAL_RCC_GetPCLK2Freq
                0x08001078       0x20 build/stm32f1xx_hal_rcc.o
                0x08001078                HAL_RCC_GetPCLK2Freq
 .text.HAL_RCCEx_PeriphCLKConfig
                0x08001098      0x118 build/stm32f1xx_hal_rcc_ex.o
                0x08001098                HAL_RCCEx_PeriphCLKConfig
 .text.HAL_RCCEx_GetPeriphCLKFreq
                0x080011b0       0xf4 build/stm32f1xx_hal_rcc_ex.o
                0x080011b0                HAL_RCCEx_GetPeriphCLKFreq
 .text.HAL_GPIO_Init
                0x080012a4      0x240 build/stm32f1xx_hal_gpio.o
                0x080012a4                HAL_GPIO_Init
 .text.HAL_GPIO_ReadPin
                0x080014e4        0xe build/stm32f1xx_hal_gpio.o
                0x080014e4                HAL_GPIO_ReadPin
 .text.HAL_GPIO_WritePin
                0x080014f2        0xc build/stm32f1xx_hal_gpio.o
                0x080014f2                HAL_GPIO_WritePin
 .text.HAL_DMA_Abort
                0x080014fe       0x46 build/stm32f1xx_hal_dma.o
                0x080014fe                HAL_DMA_Abort
 .text.HAL_DMA_Abort_IT
                0x08001544      0x16c build/stm32f1xx_hal_dma.o
                0x08001544                HAL_DMA_Abort_IT
 .text.HAL_NVIC_SetPriorityGrouping
                0x080016b0       0x24 build/stm32f1xx_hal_cortex.o
                0x080016b0                HAL_NVIC_SetPriorityGrouping
 .text.HAL_NVIC_SetPriority
                0x080016d4       0x70 build/stm32f1xx_hal_cortex.o
                0x080016d4                HAL_NVIC_SetPriority
 .text.HAL_NVIC_EnableIRQ
                0x08001744       0x1c build/stm32f1xx_hal_cortex.o
                0x08001744                HAL_NVIC_EnableIRQ
 .text.HAL_SYSTICK_Config
                0x08001760       0x28 build/stm32f1xx_hal_cortex.o
                0x08001760                HAL_SYSTICK_Config
 .text.HAL_PWR_EnableBkUpAccess
                0x08001788        0xc build/stm32f1xx_hal_pwr.o
                0x08001788                HAL_PWR_EnableBkUpAccess
 .text.HAL_I2C_Init
                0x08001794      0x1bc build/stm32f1xx_hal_i2c.o
                0x08001794                HAL_I2C_Init
 .text.RTC_ReadTimeCounter
                0x08001950       0x28 build/stm32f1xx_hal_rtc.o
 .text.RTC_ReadAlarmCounter
                0x08001978        0xe build/stm32f1xx_hal_rtc.o
 .text.RTC_Bcd2ToByte
                0x08001986       0x12 build/stm32f1xx_hal_rtc.o
 .text.RTC_WeekDayNum
                0x08001998       0x98 build/stm32f1xx_hal_rtc.o
 .text.RTC_EnterInitMode
                0x08001a30       0x30 build/stm32f1xx_hal_rtc.o
 .text.RTC_ExitInitMode
                0x08001a60       0x32 build/stm32f1xx_hal_rtc.o
 .text.RTC_WriteTimeCounter
                0x08001a92       0x2a build/stm32f1xx_hal_rtc.o
 .text.RTC_WriteAlarmCounter
                0x08001abc       0x2a build/stm32f1xx_hal_rtc.o
 .text.HAL_RTC_SetTime
                0x08001ae6       0xc2 build/stm32f1xx_hal_rtc.o
                0x08001ae6                HAL_RTC_SetTime
 .text.HAL_RTC_SetDate
                0x08001ba8       0xd4 build/stm32f1xx_hal_rtc.o
                0x08001ba8                HAL_RTC_SetDate
 .text.HAL_RTC_WaitForSynchro
                0x08001c7c       0x38 build/stm32f1xx_hal_rtc.o
                0x08001c7c                HAL_RTC_WaitForSynchro
 .text.HAL_RTC_Init
                0x08001cb4       0xb0 build/stm32f1xx_hal_rtc.o
                0x08001cb4                HAL_RTC_Init
 .text.SPI_WaitFlagStateUntilTimeout
                0x08001d64       0xd4 build/stm32f1xx_hal_spi.o
 .text.SPI_EndRxTxTransaction
                0x08001e38       0x44 build/stm32f1xx_hal_spi.o
 .text.SPI_EndRxTransaction
                0x08001e7c       0x74 build/stm32f1xx_hal_spi.o
 .text.HAL_SPI_Init
                0x08001ef0       0xb6 build/stm32f1xx_hal_spi.o
                0x08001ef0                HAL_SPI_Init
 .text.HAL_SPI_Transmit
                0x08001fa6      0x1c4 build/stm32f1xx_hal_spi.o
                0x08001fa6                HAL_SPI_Transmit
 .text.HAL_SPI_TransmitReceive
                0x0800216a      0x254 build/stm32f1xx_hal_spi.o
                0x0800216a                HAL_SPI_TransmitReceive
 .text.HAL_SPI_Receive
                0x080023be      0x188 build/stm32f1xx_hal_spi.o
                0x080023be                HAL_SPI_Receive
 .text.UART_EndRxTransfer
                0x08002546       0x5c build/stm32f1xx_hal_uart.o
 .text.UART_Transmit_IT
                0x080025a2       0x60 build/stm32f1xx_hal_uart.o
 *fill*         0x08002602        0x2 
 .text.UART_SetConfig
                0x08002604       0x94 build/stm32f1xx_hal_uart.o
 .text.UART_WaitOnFlagUntilTimeout
                0x08002698       0x8a build/stm32f1xx_hal_uart.o
 .text.HAL_UART_Init
                0x08002722       0x60 build/stm32f1xx_hal_uart.o
                0x08002722                HAL_UART_Init
 .text.HAL_UART_Transmit
                0x08002782       0xcc build/stm32f1xx_hal_uart.o
                0x08002782                HAL_UART_Transmit
 .text.HAL_UART_TxCpltCallback
                0x0800284e        0x2 build/stm32f1xx_hal_uart.o
                0x0800284e                HAL_UART_TxCpltCallback
 .text.UART_EndTransmit_IT
                0x08002850       0x1a build/stm32f1xx_hal_uart.o
 .text.HAL_UART_ErrorCallback
                0x0800286a        0x2 build/stm32f1xx_hal_uart.o
                0x0800286a                HAL_UART_ErrorCallback
 .text.UART_DMAAbortOnError
                0x0800286c       0x10 build/stm32f1xx_hal_uart.o
 .text.HAL_UARTEx_RxEventCallback
                0x0800287c        0x2 build/stm32f1xx_hal_uart.o
                0x0800287c                HAL_UARTEx_RxEventCallback
 .text.UART_Receive_IT
                0x0800287e       0xe6 build/stm32f1xx_hal_uart.o
 .text.HAL_UART_IRQHandler
                0x08002964      0x288 build/stm32f1xx_hal_uart.o
                0x08002964                HAL_UART_IRQHandler
 .text.UART_Start_Receive_IT
                0x08002bec       0x36 build/stm32f1xx_hal_uart.o
                0x08002bec                UART_Start_Receive_IT
 .text.HAL_UART_Receive_IT
                0x08002c22       0x26 build/stm32f1xx_hal_uart.o
                0x08002c22                HAL_UART_Receive_IT
 .text.SystemInit
                0x08002c48        0x2 build/system_stm32f1xx.o
                0x08002c48                SystemInit
 *fill*         0x08002c4a        0x2 
 .text._sbrk    0x08002c4c       0x48 build/sysmem.o
                0x08002c4c                _sbrk
 .text.USER_status
                0x08002c94       0x40 build/user_diskio.o
                0x08002c94                USER_status
 .text.USER_initialize
                0x08002cd4       0x38 build/user_diskio.o
                0x08002cd4                USER_initialize
 .text.USER_read
                0x08002d0c       0x4e build/user_diskio.o
                0x08002d0c                USER_read
 .text.USER_ioctl
                0x08002d5a       0x7a build/user_diskio.o
                0x08002d5a                USER_ioctl
 .text.USER_write
                0x08002dd4       0xaa build/user_diskio.o
                0x08002dd4                USER_write
 *fill*         0x08002e7e        0x2 
 .text.MX_FATFS_Init
                0x08002e80       0x38 build/fatfs.o
                0x08002e80                MX_FATFS_Init
 .text.disk_ioctl
                0x08002eb8       0x18 build/diskio.o
                0x08002eb8                disk_ioctl
 .text.FATFS_LinkDriverEx
                0x08002ed0       0x54 build/ff_gen_drv.o
                0x08002ed0                FATFS_LinkDriverEx
 .text.FATFS_LinkDriver
                0x08002f24        0xa build/ff_gen_drv.o
                0x08002f24                FATFS_LinkDriver
 *fill*         0x08002f2e        0x2 
 .text.W25Q64_ReadStatus
                0x08002f30       0x74 build/flash.o
                0x08002f30                W25Q64_ReadStatus
 .text.W25Q64_WaitBusy
                0x08002fa4       0x28 build/flash.o
                0x08002fa4                W25Q64_WaitBusy
 .text.W25Q64_WriteEnable
                0x08002fcc       0x50 build/flash.o
                0x08002fcc                W25Q64_WriteEnable
 .text.W25Q64_WriteDisable
                0x0800301c       0x50 build/flash.o
                0x0800301c                W25Q64_WriteDisable
 .text.W25Q64_ReadDeviceID
                0x0800306c       0x94 build/flash.o
                0x0800306c                W25Q64_ReadDeviceID
 .text.W25Q64_PageWrite
                0x08003100       0xd0 build/flash.o
                0x08003100                W25Q64_PageWrite
 .text.W25Q64_ReadData
                0x080031d0       0x9c build/flash.o
                0x080031d0                W25Q64_ReadData
 .text.W25Q64_EraseSector
                0x0800326c       0xac build/flash.o
                0x0800326c                W25Q64_EraseSector
 .text.W25Q64_SelfTest
                0x08003318       0x70 build/flash.o
                0x08003318                W25Q64_SelfTest
 .text.HAL_UART_RxCpltCallback
                0x08003388       0xb4 build/command.o
                0x08003388                HAL_UART_RxCpltCallback
 .text.Soft_UART_Init
                0x0800343c       0x64 build/tool.o
                0x0800343c                Soft_UART_Init
 .text.Soft_UART_SendByte
                0x080034a0       0xa0 build/tool.o
                0x080034a0                Soft_UART_SendByte
 .text.Soft_UART_SendStr
                0x08003540       0x14 build/tool.o
                0x08003540                Soft_UART_SendStr
 .text.Soft_UART_ReceiveByte
                0x08003554       0xc8 build/tool.o
                0x08003554                Soft_UART_ReceiveByte
 .text.Reset_Handler
                0x0800361c       0x48 build/startup_stm32f103xe.o
                0x0800361c                Reset_Handler
 .text.Default_Handler
                0x08003664        0x2 build/startup_stm32f103xe.o
                0x08003664                RTC_Alarm_IRQHandler
                0x08003664                EXTI2_IRQHandler
                0x08003664                TIM8_TRG_COM_IRQHandler
                0x08003664                TIM8_CC_IRQHandler
                0x08003664                TIM1_CC_IRQHandler
                0x08003664                TIM6_IRQHandler
                0x08003664                PVD_IRQHandler
                0x08003664                SDIO_IRQHandler
                0x08003664                EXTI3_IRQHandler
                0x08003664                EXTI0_IRQHandler
                0x08003664                I2C2_EV_IRQHandler
                0x08003664                ADC1_2_IRQHandler
                0x08003664                SPI1_IRQHandler
                0x08003664                TAMPER_IRQHandler
                0x08003664                TIM8_UP_IRQHandler
                0x08003664                DMA2_Channel2_IRQHandler
                0x08003664                DMA1_Channel4_IRQHandler
                0x08003664                USART3_IRQHandler
                0x08003664                RTC_IRQHandler
                0x08003664                DMA1_Channel7_IRQHandler
                0x08003664                CAN1_RX1_IRQHandler
                0x08003664                UART5_IRQHandler
                0x08003664                ADC3_IRQHandler
                0x08003664                TIM4_IRQHandler
                0x08003664                DMA2_Channel1_IRQHandler
                0x08003664                I2C1_EV_IRQHandler
                0x08003664                DMA1_Channel6_IRQHandler
                0x08003664                UART4_IRQHandler
                0x08003664                TIM3_IRQHandler
                0x08003664                RCC_IRQHandler
                0x08003664                TIM1_TRG_COM_IRQHandler
                0x08003664                DMA1_Channel1_IRQHandler
                0x08003664                Default_Handler
                0x08003664                EXTI15_10_IRQHandler
                0x08003664                TIM7_IRQHandler
                0x08003664                TIM5_IRQHandler
                0x08003664                EXTI9_5_IRQHandler
                0x08003664                SPI2_IRQHandler
                0x08003664                DMA1_Channel5_IRQHandler
                0x08003664                EXTI4_IRQHandler
                0x08003664                USB_LP_CAN1_RX0_IRQHandler
                0x08003664                USB_HP_CAN1_TX_IRQHandler
                0x08003664                DMA1_Channel3_IRQHandler
                0x08003664                FSMC_IRQHandler
                0x08003664                TIM1_UP_IRQHandler
                0x08003664                WWDG_IRQHandler
                0x08003664                TIM2_IRQHandler
                0x08003664                TIM1_BRK_IRQHandler
                0x08003664                EXTI1_IRQHandler
                0x08003664                DMA2_Channel4_5_IRQHandler
                0x08003664                I2C2_ER_IRQHandler
                0x08003664                DMA1_Channel2_IRQHandler
                0x08003664                TIM8_BRK_IRQHandler
                0x08003664                CAN1_SCE_IRQHandler
                0x08003664                FLASH_IRQHandler
                0x08003664                SPI3_IRQHandler
                0x08003664                I2C1_ER_IRQHandler
                0x08003664                USBWakeUp_IRQHandler
                0x08003664                DMA2_Channel3_IRQHandler
 *fill*         0x08003666        0x2 
 .text.__errno  0x08003668        0xc d:/mingw/gcc-arm-none-eabi-10.3-2021.10-win32/gcc-arm-none-eabi-10.3-2021.10/bin/../lib/gcc/arm-none-eabi/10.3.1/../../../../arm-none-eabi/lib/thumb/v7-m/nofp\libc_nano.a(lib_a-errno.o)
                0x08003668                __errno
 .text.__libc_init_array
                0x08003674       0x48 d:/mingw/gcc-arm-none-eabi-10.3-2021.10-win32/gcc-arm-none-eabi-10.3-2021.10/bin/../lib/gcc/arm-none-eabi/10.3.1/../../../../arm-none-eabi/lib/thumb/v7-m/nofp\libc_nano.a(lib_a-init.o)
                0x08003674                __libc_init_array
 .text.memcpy   0x080036bc       0x1c d:/mingw/gcc-arm-none-eabi-10.3-2021.10-win32/gcc-arm-none-eabi-10.3-2021.10/bin/../lib/gcc/arm-none-eabi/10.3.1/../../../../arm-none-eabi/lib/thumb/v7-m/nofp\libc_nano.a(lib_a-memcpy-stub.o)
                0x080036bc                memcpy
 .text.memset   0x080036d8       0x10 d:/mingw/gcc-arm-none-eabi-10.3-2021.10-win32/gcc-arm-none-eabi-10.3-2021.10/bin/../lib/gcc/arm-none-eabi/10.3.1/../../../../arm-none-eabi/lib/thumb/v7-m/nofp\libc_nano.a(lib_a-memset.o)
                0x080036d8                memset
 .text._vsnprintf_r
                0x080036e8       0x56 d:/mingw/gcc-arm-none-eabi-10.3-2021.10-win32/gcc-arm-none-eabi-10.3-2021.10/bin/../lib/gcc/arm-none-eabi/10.3.1/../../../../arm-none-eabi/lib/thumb/v7-m/nofp\libc_nano.a(lib_a-vsnprintf.o)
                0x080036e8                _vsniprintf_r
                0x080036e8                _vsnprintf_r
 *fill*         0x0800373e        0x2 
 .text.vsnprintf
                0x08003740       0x1c d:/mingw/gcc-arm-none-eabi-10.3-2021.10-win32/gcc-arm-none-eabi-10.3-2021.10/bin/../lib/gcc/arm-none-eabi/10.3.1/../../../../arm-none-eabi/lib/thumb/v7-m/nofp\libc_nano.a(lib_a-vsnprintf.o)
                0x08003740                vsniprintf
                0x08003740                vsnprintf
 .text.__ssputs_r
                0x0800375c       0xb6 d:/mingw/gcc-arm-none-eabi-10.3-2021.10-win32/gcc-arm-none-eabi-10.3-2021.10/bin/../lib/gcc/arm-none-eabi/10.3.1/../../../../arm-none-eabi/lib/thumb/v7-m/nofp\libc_nano.a(lib_a-nano-svfprintf.o)
                0x0800375c                __ssputs_r
 *fill*         0x08003812        0x2 
 .text._svfprintf_r
                0x08003814      0x200 d:/mingw/gcc-arm-none-eabi-10.3-2021.10-win32/gcc-arm-none-eabi-10.3-2021.10/bin/../lib/gcc/arm-none-eabi/10.3.1/../../../../arm-none-eabi/lib/thumb/v7-m/nofp\libc_nano.a(lib_a-nano-svfprintf.o)
                0x08003814                _svfiprintf_r
                0x08003814                _svfprintf_r
 .text._printf_common
                0x08003a14       0xde d:/mingw/gcc-arm-none-eabi-10.3-2021.10-win32/gcc-arm-none-eabi-10.3-2021.10/bin/../lib/gcc/arm-none-eabi/10.3.1/../../../../arm-none-eabi/lib/thumb/v7-m/nofp\libc_nano.a(lib_a-nano-vfprintf_i.o)
                0x08003a14                _printf_common
 *fill*         0x08003af2        0x2 
 .text._printf_i
                0x08003af4      0x24c d:/mingw/gcc-arm-none-eabi-10.3-2021.10-win32/gcc-arm-none-eabi-10.3-2021.10/bin/../lib/gcc/arm-none-eabi/10.3.1/../../../../arm-none-eabi/lib/thumb/v7-m/nofp\libc_nano.a(lib_a-nano-vfprintf_i.o)
                0x08003af4                _printf_i
 .text.memchr   0x08003d40       0x1c d:/mingw/gcc-arm-none-eabi-10.3-2021.10-win32/gcc-arm-none-eabi-10.3-2021.10/bin/../lib/gcc/arm-none-eabi/10.3.1/../../../../arm-none-eabi/lib/thumb/v7-m/nofp\libc_nano.a(lib_a-memchr-stub.o)
                0x08003d40                memchr
 .text.memmove  0x08003d5c       0x34 d:/mingw/gcc-arm-none-eabi-10.3-2021.10-win32/gcc-arm-none-eabi-10.3-2021.10/bin/../lib/gcc/arm-none-eabi/10.3.1/../../../../arm-none-eabi/lib/thumb/v7-m/nofp\libc_nano.a(lib_a-memmove.o)
                0x08003d5c                memmove
 .text._free_r  0x08003d90       0x90 d:/mingw/gcc-arm-none-eabi-10.3-2021.10-win32/gcc-arm-none-eabi-10.3-2021.10/bin/../lib/gcc/arm-none-eabi/10.3.1/../../../../arm-none-eabi/lib/thumb/v7-m/nofp\libc_nano.a(lib_a-nano-freer.o)
                0x08003d90                _free_r
 .text.sbrk_aligned
                0x08003e20       0x40 d:/mingw/gcc-arm-none-eabi-10.3-2021.10-win32/gcc-arm-none-eabi-10.3-2021.10/bin/../lib/gcc/arm-none-eabi/10.3.1/../../../../arm-none-eabi/lib/thumb/v7-m/nofp\libc_nano.a(lib_a-nano-mallocr.o)
 .text._malloc_r
                0x08003e60       0xe8 d:/mingw/gcc-arm-none-eabi-10.3-2021.10-win32/gcc-arm-none-eabi-10.3-2021.10/bin/../lib/gcc/arm-none-eabi/10.3.1/../../../../arm-none-eabi/lib/thumb/v7-m/nofp\libc_nano.a(lib_a-nano-mallocr.o)
                0x08003e60                _malloc_r
 .text._realloc_r
                0x08003f48       0x5e d:/mingw/gcc-arm-none-eabi-10.3-2021.10-win32/gcc-arm-none-eabi-10.3-2021.10/bin/../lib/gcc/arm-none-eabi/10.3.1/../../../../arm-none-eabi/lib/thumb/v7-m/nofp\libc_nano.a(lib_a-nano-reallocr.o)
                0x08003f48                _realloc_r
 *fill*         0x08003fa6        0x2 
 .text._sbrk_r  0x08003fa8       0x20 d:/mingw/gcc-arm-none-eabi-10.3-2021.10-win32/gcc-arm-none-eabi-10.3-2021.10/bin/../lib/gcc/arm-none-eabi/10.3.1/../../../../arm-none-eabi/lib/thumb/v7-m/nofp\libc_nano.a(lib_a-sbrkr.o)
                0x08003fa8                _sbrk_r
 .text.__malloc_lock
                0x08003fc8        0xc d:/mingw/gcc-arm-none-eabi-10.3-2021.10-win32/gcc-arm-none-eabi-10.3-2021.10/bin/../lib/gcc/arm-none-eabi/10.3.1/../../../../arm-none-eabi/lib/thumb/v7-m/nofp\libc_nano.a(lib_a-mlock.o)
                0x08003fc8                __malloc_lock
 .text.__malloc_unlock
                0x08003fd4        0xc d:/mingw/gcc-arm-none-eabi-10.3-2021.10-win32/gcc-arm-none-eabi-10.3-2021.10/bin/../lib/gcc/arm-none-eabi/10.3.1/../../../../arm-none-eabi/lib/thumb/v7-m/nofp\libc_nano.a(lib_a-mlock.o)
                0x08003fd4                __malloc_unlock
 .text._malloc_usable_size_r
                0x08003fe0       0x10 d:/mingw/gcc-arm-none-eabi-10.3-2021.10-win32/gcc-arm-none-eabi-10.3-2021.10/bin/../lib/gcc/arm-none-eabi/10.3.1/../../../../arm-none-eabi/lib/thumb/v7-m/nofp\libc_nano.a(lib_a-nano-msizer.o)
                0x08003fe0                _malloc_usable_size_r
 .text.__retarget_lock_acquire_recursive
                0x08003ff0        0x2 d:/mingw/gcc-arm-none-eabi-10.3-2021.10-win32/gcc-arm-none-eabi-10.3-2021.10/bin/../lib/gcc/arm-none-eabi/10.3.1/../../../../arm-none-eabi/lib/thumb/v7-m/nofp\libc_nano.a(lib_a-lock.o)
                0x08003ff0                __retarget_lock_acquire_recursive
 .text.__retarget_lock_release_recursive
                0x08003ff2        0x2 d:/mingw/gcc-arm-none-eabi-10.3-2021.10-win32/gcc-arm-none-eabi-10.3-2021.10/bin/../lib/gcc/arm-none-eabi/10.3.1/../../../../arm-none-eabi/lib/thumb/v7-m/nofp\libc_nano.a(lib_a-lock.o)
                0x08003ff2                __retarget_lock_release_recursive
 *(.glue_7)
 .glue_7        0x08003ff4        0x0 linker stubs
 *(.glue_7t)
 .glue_7t       0x08003ff4        0x0 linker stubs
 *(.eh_frame)
 .eh_frame      0x08003ff4        0x0 d:/mingw/gcc-arm-none-eabi-10.3-2021.10-win32/gcc-arm-none-eabi-10.3-2021.10/bin/../lib/gcc/arm-none-eabi/10.3.1/thumb/v7-m/nofp/crtbegin.o
 *(.init)
 .init          0x08003ff4        0x4 d:/mingw/gcc-arm-none-eabi-10.3-2021.10-win32/gcc-arm-none-eabi-10.3-2021.10/bin/../lib/gcc/arm-none-eabi/10.3.1/thumb/v7-m/nofp/crti.o
                0x08003ff4                _init
 .init          0x08003ff8        0x8 d:/mingw/gcc-arm-none-eabi-10.3-2021.10-win32/gcc-arm-none-eabi-10.3-2021.10/bin/../lib/gcc/arm-none-eabi/10.3.1/thumb/v7-m/nofp/crtn.o
 *(.fini)
 .fini          0x08004000        0x4 d:/mingw/gcc-arm-none-eabi-10.3-2021.10-win32/gcc-arm-none-eabi-10.3-2021.10/bin/../lib/gcc/arm-none-eabi/10.3.1/thumb/v7-m/nofp/crti.o
                0x08004000                _fini
 .fini          0x08004004        0x8 d:/mingw/gcc-arm-none-eabi-10.3-2021.10-win32/gcc-arm-none-eabi-10.3-2021.10/bin/../lib/gcc/arm-none-eabi/10.3.1/thumb/v7-m/nofp/crtn.o
                0x0800400c                . = ALIGN (0x4)
                0x0800400c                _etext = .

.vfp11_veneer   0x0800400c        0x0
 .vfp11_veneer  0x0800400c        0x0 linker stubs

.v4_bx          0x0800400c        0x0
 .v4_bx         0x0800400c        0x0 linker stubs

.iplt           0x0800400c        0x0
 .iplt          0x0800400c        0x0 d:/mingw/gcc-arm-none-eabi-10.3-2021.10-win32/gcc-arm-none-eabi-10.3-2021.10/bin/../lib/gcc/arm-none-eabi/10.3.1/thumb/v7-m/nofp/crtbegin.o

.rodata         0x0800400c      0x130
                0x0800400c                . = ALIGN (0x4)
 *(.rodata)
 .rodata        0x0800400c       0x18 build/rtc.o
 .rodata        0x08004024        0x3 build/flash.o
 *(.rodata*)
 *fill*         0x08004027        0x1 
 .rodata.main.str1.4
                0x08004028       0x52 build/main.o
 *fill*         0x0800407a        0x2 
 .rodata.aPLLMULFactorTable.1
                0x0800407c       0x10 build/stm32f1xx_hal_rcc.o
 .rodata.aPredivFactorTable.0
                0x0800408c        0x2 build/stm32f1xx_hal_rcc.o
 *fill*         0x0800408e        0x2 
 .rodata.aPLLMULFactorTable.1
                0x08004090       0x10 build/stm32f1xx_hal_rcc_ex.o
 .rodata.aPredivFactorTable.0
                0x080040a0        0x2 build/stm32f1xx_hal_rcc_ex.o
 *fill*         0x080040a2        0x2 
 .rodata.AHBPrescTable
                0x080040a4       0x10 build/system_stm32f1xx.o
                0x080040a4                AHBPrescTable
 .rodata.APBPrescTable
                0x080040b4        0x8 build/system_stm32f1xx.o
                0x080040b4                APBPrescTable
 .rodata.MX_FATFS_Init.str1.4
                0x080040bc       0x4c build/fatfs.o
 .rodata._svfprintf_r.str1.1
                0x08004108       0x11 d:/mingw/gcc-arm-none-eabi-10.3-2021.10-win32/gcc-arm-none-eabi-10.3-2021.10/bin/../lib/gcc/arm-none-eabi/10.3.1/../../../../arm-none-eabi/lib/thumb/v7-m/nofp\libc_nano.a(lib_a-nano-svfprintf.o)
 .rodata._printf_i.str1.1
                0x08004119       0x22 d:/mingw/gcc-arm-none-eabi-10.3-2021.10-win32/gcc-arm-none-eabi-10.3-2021.10/bin/../lib/gcc/arm-none-eabi/10.3.1/../../../../arm-none-eabi/lib/thumb/v7-m/nofp\libc_nano.a(lib_a-nano-vfprintf_i.o)
                0x0800413c                . = ALIGN (0x4)
 *fill*         0x0800413b        0x1 

.rel.dyn        0x0800413c        0x0
 .rel.iplt      0x0800413c        0x0 d:/mingw/gcc-arm-none-eabi-10.3-2021.10-win32/gcc-arm-none-eabi-10.3-2021.10/bin/../lib/gcc/arm-none-eabi/10.3.1/thumb/v7-m/nofp/crtbegin.o

.ARM.extab      0x0800413c        0x0
                0x0800413c                . = ALIGN (0x4)
 *(.ARM.extab* .gnu.linkonce.armextab.*)
                0x0800413c                . = ALIGN (0x4)

.ARM            0x0800413c        0x0
                0x0800413c                . = ALIGN (0x4)
                0x0800413c                __exidx_start = .
 *(.ARM.exidx*)
                0x0800413c                __exidx_end = .
                0x0800413c                . = ALIGN (0x4)

.preinit_array  0x0800413c        0x0
                0x0800413c                . = ALIGN (0x4)
                0x0800413c                PROVIDE (__preinit_array_start = .)
 *(.preinit_array*)
                0x0800413c                PROVIDE (__preinit_array_end = .)
                0x0800413c                . = ALIGN (0x4)

.init_array     0x0800413c        0x4
                0x0800413c                . = ALIGN (0x4)
                0x0800413c                PROVIDE (__init_array_start = .)
 *(SORT_BY_NAME(.init_array.*))
 *(.init_array*)
 .init_array    0x0800413c        0x4 d:/mingw/gcc-arm-none-eabi-10.3-2021.10-win32/gcc-arm-none-eabi-10.3-2021.10/bin/../lib/gcc/arm-none-eabi/10.3.1/thumb/v7-m/nofp/crtbegin.o
                0x08004140                PROVIDE (__init_array_end = .)
                0x08004140                . = ALIGN (0x4)

.fini_array     0x08004140        0x4
                0x08004140                . = ALIGN (0x4)
                [!provide]                PROVIDE (__fini_array_start = .)
 *(SORT_BY_NAME(.fini_array.*))
 *(.fini_array*)
 .fini_array    0x08004140        0x4 d:/mingw/gcc-arm-none-eabi-10.3-2021.10-win32/gcc-arm-none-eabi-10.3-2021.10/bin/../lib/gcc/arm-none-eabi/10.3.1/thumb/v7-m/nofp/crtbegin.o
                [!provide]                PROVIDE (__fini_array_end = .)
                0x08004144                . = ALIGN (0x4)
                0x08004144                _sidata = LOADADDR (.data)

.data           0x20000000       0x8c load address 0x08004144
                0x20000000                . = ALIGN (0x4)
                0x20000000                _sdata = .
 *(.data)
 *(.data*)
 .data.uwTickFreq
                0x20000000        0x1 build/stm32f1xx_hal.o
                0x20000000                uwTickFreq
 *fill*         0x20000001        0x3 
 .data.uwTickPrio
                0x20000004        0x4 build/stm32f1xx_hal.o
                0x20000004                uwTickPrio
 .data.SystemCoreClock
                0x20000008        0x4 build/system_stm32f1xx.o
                0x20000008                SystemCoreClock
 .data.Stat     0x2000000c        0x1 build/user_diskio.o
 *fill*         0x2000000d        0x3 
 .data.USER_Driver
                0x20000010       0x14 build/user_diskio.o
                0x20000010                USER_Driver
 .data.USERPath
                0x20000024        0x4 build/fatfs.o
                0x20000024                USERPath
 .data._impure_ptr
                0x20000028        0x4 d:/mingw/gcc-arm-none-eabi-10.3-2021.10-win32/gcc-arm-none-eabi-10.3-2021.10/bin/../lib/gcc/arm-none-eabi/10.3.1/../../../../arm-none-eabi/lib/thumb/v7-m/nofp\libc_nano.a(lib_a-impure.o)
                0x20000028                _impure_ptr
 .data.impure_data
                0x2000002c       0x60 d:/mingw/gcc-arm-none-eabi-10.3-2021.10-win32/gcc-arm-none-eabi-10.3-2021.10/bin/../lib/gcc/arm-none-eabi/10.3.1/../../../../arm-none-eabi/lib/thumb/v7-m/nofp\libc_nano.a(lib_a-impure.o)
 *(.RamFunc)
 *(.RamFunc*)
                0x2000008c                . = ALIGN (0x4)
                0x2000008c                _edata = .

.igot.plt       0x2000008c        0x0 load address 0x080041d0
 .igot.plt      0x2000008c        0x0 d:/mingw/gcc-arm-none-eabi-10.3-2021.10-win32/gcc-arm-none-eabi-10.3-2021.10/bin/../lib/gcc/arm-none-eabi/10.3.1/thumb/v7-m/nofp/crtbegin.o
                0x2000008c                . = ALIGN (0x4)

.bss            0x2000008c      0x4a0 load address 0x080041d0
                0x2000008c                _sbss = .
                0x2000008c                __bss_start__ = _sbss
 *(.bss)
 .bss           0x2000008c       0x1c d:/mingw/gcc-arm-none-eabi-10.3-2021.10-win32/gcc-arm-none-eabi-10.3-2021.10/bin/../lib/gcc/arm-none-eabi/10.3.1/thumb/v7-m/nofp/crtbegin.o
 *(.bss*)
 .bss.hi2c1     0x200000a8       0x54 build/i2c.o
                0x200000a8                hi2c1
 .bss.hrtc      0x200000fc       0x14 build/rtc.o
                0x200000fc                hrtc
 .bss.hspi1     0x20000110       0x58 build/spi.o
                0x20000110                hspi1
 .bss.huart1    0x20000168       0x48 build/usart.o
                0x20000168                huart1
 .bss.huart2    0x200001b0       0x48 build/usart.o
                0x200001b0                huart2
 .bss.uart2_rx_ringbuf
                0x200001f8      0x104 build/usart.o
                0x200001f8                uart2_rx_ringbuf
 .bss.uwTick    0x200002fc        0x4 build/stm32f1xx_hal.o
                0x200002fc                uwTick
 .bss.__sbrk_heap_end
                0x20000300        0x4 build/sysmem.o
 .bss.retUSER   0x20000304        0x1 build/fatfs.o
                0x20000304                retUSER
 *fill*         0x20000305        0x3 
 .bss.disk      0x20000308        0xc build/ff_gen_drv.o
                0x20000308                disk
 .bss.g_UsbATStatus
                0x20000314        0x1 build/command.o
                0x20000314                g_UsbATStatus
 *fill*         0x20000315        0x3 
 .bss.g_UsbRxBuff
                0x20000318      0x100 build/command.o
                0x20000318                g_UsbRxBuff
 .bss.g_UsbTxBuff
                0x20000418      0x100 build/command.o
                0x20000418                g_UsbTxBuff
 .bss.usbRxBuf  0x20000518        0x1 build/command.o
                0x20000518                usbRxBuf
 *fill*         0x20000519        0x1 
 .bss.usb_Rx_Cnt
                0x2000051a        0x2 build/command.o
                0x2000051a                usb_Rx_Cnt
 .bss.__malloc_free_list
                0x2000051c        0x4 d:/mingw/gcc-arm-none-eabi-10.3-2021.10-win32/gcc-arm-none-eabi-10.3-2021.10/bin/../lib/gcc/arm-none-eabi/10.3.1/../../../../arm-none-eabi/lib/thumb/v7-m/nofp\libc_nano.a(lib_a-nano-mallocr.o)
                0x2000051c                __malloc_free_list
 .bss.__malloc_sbrk_start
                0x20000520        0x4 d:/mingw/gcc-arm-none-eabi-10.3-2021.10-win32/gcc-arm-none-eabi-10.3-2021.10/bin/../lib/gcc/arm-none-eabi/10.3.1/../../../../arm-none-eabi/lib/thumb/v7-m/nofp\libc_nano.a(lib_a-nano-mallocr.o)
                0x20000520                __malloc_sbrk_start
 .bss.errno     0x20000524        0x4 d:/mingw/gcc-arm-none-eabi-10.3-2021.10-win32/gcc-arm-none-eabi-10.3-2021.10/bin/../lib/gcc/arm-none-eabi/10.3.1/../../../../arm-none-eabi/lib/thumb/v7-m/nofp\libc_nano.a(lib_a-reent.o)
                0x20000524                errno
 .bss.__lock___malloc_recursive_mutex
                0x20000528        0x1 d:/mingw/gcc-arm-none-eabi-10.3-2021.10-win32/gcc-arm-none-eabi-10.3-2021.10/bin/../lib/gcc/arm-none-eabi/10.3.1/../../../../arm-none-eabi/lib/thumb/v7-m/nofp\libc_nano.a(lib_a-lock.o)
                0x20000528                __lock___malloc_recursive_mutex
 *(COMMON)
                0x2000052c                . = ALIGN (0x4)
 *fill*         0x20000529        0x3 
                0x2000052c                _ebss = .
                0x2000052c                __bss_end__ = _ebss

._user_heap_stack
                0x2000052c      0x604 load address 0x080041d0
                0x20000530                . = ALIGN (0x8)
 *fill*         0x2000052c        0x4 
                [!provide]                PROVIDE (end = .)
                0x20000530                PROVIDE (_end = .)
                0x20000730                . = (. + _Min_Heap_Size)
 *fill*         0x20000530      0x200 
                0x20000b30                . = (. + _Min_Stack_Size)
 *fill*         0x20000730      0x400 
                0x20000b30                . = ALIGN (0x8)

/DISCARD/
 libc.a(*)
 libm.a(*)
 libgcc.a(*)
OUTPUT(build/Fatfs.elf elf32-littlearm)
LOAD linker stubs
LOAD d:/mingw/gcc-arm-none-eabi-10.3-2021.10-win32/gcc-arm-none-eabi-10.3-2021.10/bin/../lib/gcc/arm-none-eabi/10.3.1/../../../../arm-none-eabi/lib/thumb/v7-m/nofp\libc.a
LOAD d:/mingw/gcc-arm-none-eabi-10.3-2021.10-win32/gcc-arm-none-eabi-10.3-2021.10/bin/../lib/gcc/arm-none-eabi/10.3.1/../../../../arm-none-eabi/lib/thumb/v7-m/nofp\libm.a
LOAD d:/mingw/gcc-arm-none-eabi-10.3-2021.10-win32/gcc-arm-none-eabi-10.3-2021.10/bin/../lib/gcc/arm-none-eabi/10.3.1/thumb/v7-m/nofp\libgcc.a

.ARM.attributes
                0x00000000       0x29
 .ARM.attributes
                0x00000000       0x1d d:/mingw/gcc-arm-none-eabi-10.3-2021.10-win32/gcc-arm-none-eabi-10.3-2021.10/bin/../lib/gcc/arm-none-eabi/10.3.1/thumb/v7-m/nofp/crti.o
 .ARM.attributes
                0x0000001d       0x2d d:/mingw/gcc-arm-none-eabi-10.3-2021.10-win32/gcc-arm-none-eabi-10.3-2021.10/bin/../lib/gcc/arm-none-eabi/10.3.1/thumb/v7-m/nofp/crtbegin.o
 .ARM.attributes
                0x0000004a       0x2d build/main.o
 .ARM.attributes
                0x00000077       0x2d build/gpio.o
 .ARM.attributes
                0x000000a4       0x2d build/i2c.o
 .ARM.attributes
                0x000000d1       0x2d build/rtc.o
 .ARM.attributes
                0x000000fe       0x2d build/spi.o
 .ARM.attributes
                0x0000012b       0x2d build/usart.o
 .ARM.attributes
                0x00000158       0x2d build/stm32f1xx_it.o
 .ARM.attributes
                0x00000185       0x2d build/stm32f1xx_hal_msp.o
 .ARM.attributes
                0x000001b2       0x2d build/stm32f1xx_hal.o
 .ARM.attributes
                0x000001df       0x2d build/stm32f1xx_hal_rcc.o
 .ARM.attributes
                0x0000020c       0x2d build/stm32f1xx_hal_rcc_ex.o
 .ARM.attributes
                0x00000239       0x2d build/stm32f1xx_hal_gpio.o
 .ARM.attributes
                0x00000266       0x2d build/stm32f1xx_hal_dma.o
 .ARM.attributes
                0x00000293       0x2d build/stm32f1xx_hal_cortex.o
 .ARM.attributes
                0x000002c0       0x2d build/stm32f1xx_hal_pwr.o
 .ARM.attributes
                0x000002ed       0x2d build/stm32f1xx_hal_i2c.o
 .ARM.attributes
                0x0000031a       0x2d build/stm32f1xx_hal_rtc.o
 .ARM.attributes
                0x00000347       0x2d build/stm32f1xx_hal_spi.o
 .ARM.attributes
                0x00000374       0x2d build/stm32f1xx_hal_uart.o
 .ARM.attributes
                0x000003a1       0x2d build/system_stm32f1xx.o
 .ARM.attributes
                0x000003ce       0x2d build/sysmem.o
 .ARM.attributes
                0x000003fb       0x2d build/user_diskio.o
 .ARM.attributes
                0x00000428       0x2d build/fatfs.o
 .ARM.attributes
                0x00000455       0x2d build/diskio.o
 .ARM.attributes
                0x00000482       0x2d build/ff_gen_drv.o
 .ARM.attributes
                0x000004af       0x2d build/flash.o
 .ARM.attributes
                0x000004dc       0x2d build/command.o
 .ARM.attributes
                0x00000509       0x2d build/tool.o
 .ARM.attributes
                0x00000536       0x21 build/startup_stm32f103xe.o
 .ARM.attributes
                0x00000557       0x2d d:/mingw/gcc-arm-none-eabi-10.3-2021.10-win32/gcc-arm-none-eabi-10.3-2021.10/bin/../lib/gcc/arm-none-eabi/10.3.1/../../../../arm-none-eabi/lib/thumb/v7-m/nofp\libc_nano.a(lib_a-errno.o)
 .ARM.attributes
                0x00000584       0x2d d:/mingw/gcc-arm-none-eabi-10.3-2021.10-win32/gcc-arm-none-eabi-10.3-2021.10/bin/../lib/gcc/arm-none-eabi/10.3.1/../../../../arm-none-eabi/lib/thumb/v7-m/nofp\libc_nano.a(lib_a-impure.o)
 .ARM.attributes
                0x000005b1       0x2d d:/mingw/gcc-arm-none-eabi-10.3-2021.10-win32/gcc-arm-none-eabi-10.3-2021.10/bin/../lib/gcc/arm-none-eabi/10.3.1/../../../../arm-none-eabi/lib/thumb/v7-m/nofp\libc_nano.a(lib_a-init.o)
 .ARM.attributes
                0x000005de       0x2d d:/mingw/gcc-arm-none-eabi-10.3-2021.10-win32/gcc-arm-none-eabi-10.3-2021.10/bin/../lib/gcc/arm-none-eabi/10.3.1/../../../../arm-none-eabi/lib/thumb/v7-m/nofp\libc_nano.a(lib_a-memcpy-stub.o)
 .ARM.attributes
                0x0000060b       0x2d d:/mingw/gcc-arm-none-eabi-10.3-2021.10-win32/gcc-arm-none-eabi-10.3-2021.10/bin/../lib/gcc/arm-none-eabi/10.3.1/../../../../arm-none-eabi/lib/thumb/v7-m/nofp\libc_nano.a(lib_a-memset.o)
 .ARM.attributes
                0x00000638       0x17 d:/mingw/gcc-arm-none-eabi-10.3-2021.10-win32/gcc-arm-none-eabi-10.3-2021.10/bin/../lib/gcc/arm-none-eabi/10.3.1/../../../../arm-none-eabi/lib/thumb/v7-m/nofp\libc_nano.a(lib_a-strlen.o)
 .ARM.attributes
                0x0000064f       0x2d d:/mingw/gcc-arm-none-eabi-10.3-2021.10-win32/gcc-arm-none-eabi-10.3-2021.10/bin/../lib/gcc/arm-none-eabi/10.3.1/../../../../arm-none-eabi/lib/thumb/v7-m/nofp\libc_nano.a(lib_a-vsnprintf.o)
 .ARM.attributes
                0x0000067c       0x2d d:/mingw/gcc-arm-none-eabi-10.3-2021.10-win32/gcc-arm-none-eabi-10.3-2021.10/bin/../lib/gcc/arm-none-eabi/10.3.1/../../../../arm-none-eabi/lib/thumb/v7-m/nofp\libc_nano.a(lib_a-nano-svfprintf.o)
 .ARM.attributes
                0x000006a9       0x2d d:/mingw/gcc-arm-none-eabi-10.3-2021.10-win32/gcc-arm-none-eabi-10.3-2021.10/bin/../lib/gcc/arm-none-eabi/10.3.1/../../../../arm-none-eabi/lib/thumb/v7-m/nofp\libc_nano.a(lib_a-nano-vfprintf_i.o)
 .ARM.attributes
                0x000006d6       0x2d d:/mingw/gcc-arm-none-eabi-10.3-2021.10-win32/gcc-arm-none-eabi-10.3-2021.10/bin/../lib/gcc/arm-none-eabi/10.3.1/../../../../arm-none-eabi/lib/thumb/v7-m/nofp\libc_nano.a(lib_a-memchr-stub.o)
 .ARM.attributes
                0x00000703       0x2d d:/mingw/gcc-arm-none-eabi-10.3-2021.10-win32/gcc-arm-none-eabi-10.3-2021.10/bin/../lib/gcc/arm-none-eabi/10.3.1/../../../../arm-none-eabi/lib/thumb/v7-m/nofp\libc_nano.a(lib_a-memmove.o)
 .ARM.attributes
                0x00000730       0x2d d:/mingw/gcc-arm-none-eabi-10.3-2021.10-win32/gcc-arm-none-eabi-10.3-2021.10/bin/../lib/gcc/arm-none-eabi/10.3.1/../../../../arm-none-eabi/lib/thumb/v7-m/nofp\libc_nano.a(lib_a-nano-freer.o)
 .ARM.attributes
                0x0000075d       0x2d d:/mingw/gcc-arm-none-eabi-10.3-2021.10-win32/gcc-arm-none-eabi-10.3-2021.10/bin/../lib/gcc/arm-none-eabi/10.3.1/../../../../arm-none-eabi/lib/thumb/v7-m/nofp\libc_nano.a(lib_a-nano-mallocr.o)
 .ARM.attributes
                0x0000078a       0x2d d:/mingw/gcc-arm-none-eabi-10.3-2021.10-win32/gcc-arm-none-eabi-10.3-2021.10/bin/../lib/gcc/arm-none-eabi/10.3.1/../../../../arm-none-eabi/lib/thumb/v7-m/nofp\libc_nano.a(lib_a-nano-reallocr.o)
 .ARM.attributes
                0x000007b7       0x2d d:/mingw/gcc-arm-none-eabi-10.3-2021.10-win32/gcc-arm-none-eabi-10.3-2021.10/bin/../lib/gcc/arm-none-eabi/10.3.1/../../../../arm-none-eabi/lib/thumb/v7-m/nofp\libc_nano.a(lib_a-sbrkr.o)
 .ARM.attributes
                0x000007e4       0x2d d:/mingw/gcc-arm-none-eabi-10.3-2021.10-win32/gcc-arm-none-eabi-10.3-2021.10/bin/../lib/gcc/arm-none-eabi/10.3.1/../../../../arm-none-eabi/lib/thumb/v7-m/nofp\libc_nano.a(lib_a-mlock.o)
 .ARM.attributes
                0x00000811       0x2d d:/mingw/gcc-arm-none-eabi-10.3-2021.10-win32/gcc-arm-none-eabi-10.3-2021.10/bin/../lib/gcc/arm-none-eabi/10.3.1/../../../../arm-none-eabi/lib/thumb/v7-m/nofp\libc_nano.a(lib_a-nano-msizer.o)
 .ARM.attributes
                0x0000083e       0x2d d:/mingw/gcc-arm-none-eabi-10.3-2021.10-win32/gcc-arm-none-eabi-10.3-2021.10/bin/../lib/gcc/arm-none-eabi/10.3.1/../../../../arm-none-eabi/lib/thumb/v7-m/nofp\libc_nano.a(lib_a-reent.o)
 .ARM.attributes
                0x0000086b       0x2d d:/mingw/gcc-arm-none-eabi-10.3-2021.10-win32/gcc-arm-none-eabi-10.3-2021.10/bin/../lib/gcc/arm-none-eabi/10.3.1/../../../../arm-none-eabi/lib/thumb/v7-m/nofp\libc_nano.a(lib_a-lock.o)
 .ARM.attributes
                0x00000898       0x1d d:/mingw/gcc-arm-none-eabi-10.3-2021.10-win32/gcc-arm-none-eabi-10.3-2021.10/bin/../lib/gcc/arm-none-eabi/10.3.1/thumb/v7-m/nofp/crtn.o

.comment        0x00000000       0x49
 .comment       0x00000000       0x49 build/main.o
                                 0x4a (size before relaxing)
 .comment       0x00000049       0x4a build/gpio.o
 .comment       0x00000049       0x4a build/i2c.o
 .comment       0x00000049       0x4a build/rtc.o
 .comment       0x00000049       0x4a build/spi.o
 .comment       0x00000049       0x4a build/usart.o
 .comment       0x00000049       0x4a build/stm32f1xx_it.o
 .comment       0x00000049       0x4a build/stm32f1xx_hal_msp.o
 .comment       0x00000049       0x4a build/stm32f1xx_hal.o
 .comment       0x00000049       0x4a build/stm32f1xx_hal_rcc.o
 .comment       0x00000049       0x4a build/stm32f1xx_hal_rcc_ex.o
 .comment       0x00000049       0x4a build/stm32f1xx_hal_gpio.o
 .comment       0x00000049       0x4a build/stm32f1xx_hal_dma.o
 .comment       0x00000049       0x4a build/stm32f1xx_hal_cortex.o
 .comment       0x00000049       0x4a build/stm32f1xx_hal_pwr.o
 .comment       0x00000049       0x4a build/stm32f1xx_hal_i2c.o
 .comment       0x00000049       0x4a build/stm32f1xx_hal_rtc.o
 .comment       0x00000049       0x4a build/stm32f1xx_hal_spi.o
 .comment       0x00000049       0x4a build/stm32f1xx_hal_uart.o
 .comment       0x00000049       0x4a build/system_stm32f1xx.o
 .comment       0x00000049       0x4a build/sysmem.o
 .comment       0x00000049       0x4a build/user_diskio.o
 .comment       0x00000049       0x4a build/fatfs.o
 .comment       0x00000049       0x4a build/diskio.o
 .comment       0x00000049       0x4a build/ff_gen_drv.o
 .comment       0x00000049       0x4a build/flash.o
 .comment       0x00000049       0x4a build/command.o
 .comment       0x00000049       0x4a build/tool.o

.debug_info     0x00000000    0x1acd1
 .debug_info    0x00000000     0x1876 build/main.o
 .debug_info    0x00001876      0x315 build/gpio.o
 .debug_info    0x00001b8b      0x969 build/i2c.o
 .debug_info    0x000024f4      0xca8 build/rtc.o
 .debug_info    0x0000319c      0x954 build/spi.o
 .debug_info    0x00003af0      0xe73 build/usart.o
 .debug_info    0x00004963      0x729 build/stm32f1xx_it.o
 .debug_info    0x0000508c      0x23f build/stm32f1xx_hal_msp.o
 .debug_info    0x000052cb      0x8bb build/stm32f1xx_hal.o
 .debug_info    0x00005b86      0xaf0 build/stm32f1xx_hal_rcc.o
 .debug_info    0x00006676      0x4c0 build/stm32f1xx_hal_rcc_ex.o
 .debug_info    0x00006b36      0x6d7 build/stm32f1xx_hal_gpio.o
 .debug_info    0x0000720d      0x8bf build/stm32f1xx_hal_dma.o
 .debug_info    0x00007acc      0xe93 build/stm32f1xx_hal_cortex.o
 .debug_info    0x0000895f      0x748 build/stm32f1xx_hal_pwr.o
 .debug_info    0x000090a7     0x3cad build/stm32f1xx_hal_i2c.o
 .debug_info    0x0000cd54     0x15f1 build/stm32f1xx_hal_rtc.o
 .debug_info    0x0000e345     0x1e08 build/stm32f1xx_hal_spi.o
 .debug_info    0x0001014d     0x42a4 build/stm32f1xx_hal_uart.o
 .debug_info    0x000143f1      0x26e build/system_stm32f1xx.o
 .debug_info    0x0001465f      0x185 build/sysmem.o
 .debug_info    0x000147e4      0x667 build/user_diskio.o
 .debug_info    0x00014e4b      0xee9 build/fatfs.o
 .debug_info    0x00015d34      0x4e8 build/diskio.o
 .debug_info    0x0001621c      0x43b build/ff_gen_drv.o
 .debug_info    0x00016657     0x14df build/flash.o
 .debug_info    0x00017b36     0x2918 build/command.o
 .debug_info    0x0001a44e      0x861 build/tool.o
 .debug_info    0x0001acaf       0x22 build/startup_stm32f103xe.o

.debug_abbrev   0x00000000     0x3dba
 .debug_abbrev  0x00000000      0x39e build/main.o
 .debug_abbrev  0x0000039e      0x13f build/gpio.o
 .debug_abbrev  0x000004dd      0x1c5 build/i2c.o
 .debug_abbrev  0x000006a2      0x267 build/rtc.o
 .debug_abbrev  0x00000909      0x1cc build/spi.o
 .debug_abbrev  0x00000ad5      0x2a2 build/usart.o
 .debug_abbrev  0x00000d77      0x15e build/stm32f1xx_it.o
 .debug_abbrev  0x00000ed5       0xe7 build/stm32f1xx_hal_msp.o
 .debug_abbrev  0x00000fbc      0x1f7 build/stm32f1xx_hal.o
 .debug_abbrev  0x000011b3      0x2b8 build/stm32f1xx_hal_rcc.o
 .debug_abbrev  0x0000146b      0x1d5 build/stm32f1xx_hal_rcc_ex.o
 .debug_abbrev  0x00001640      0x222 build/stm32f1xx_hal_gpio.o
 .debug_abbrev  0x00001862      0x262 build/stm32f1xx_hal_dma.o
 .debug_abbrev  0x00001ac4      0x359 build/stm32f1xx_hal_cortex.o
 .debug_abbrev  0x00001e1d      0x1fc build/stm32f1xx_hal_pwr.o
 .debug_abbrev  0x00002019      0x306 build/stm32f1xx_hal_i2c.o
 .debug_abbrev  0x0000231f      0x25a build/stm32f1xx_hal_rtc.o
 .debug_abbrev  0x00002579      0x28a build/stm32f1xx_hal_spi.o
 .debug_abbrev  0x00002803      0x334 build/stm32f1xx_hal_uart.o
 .debug_abbrev  0x00002b37      0x140 build/system_stm32f1xx.o
 .debug_abbrev  0x00002c77       0xea build/sysmem.o
 .debug_abbrev  0x00002d61      0x1a2 build/user_diskio.o
 .debug_abbrev  0x00002f03      0x21f build/fatfs.o
 .debug_abbrev  0x00003122      0x1b9 build/diskio.o
 .debug_abbrev  0x000032db      0x1c9 build/ff_gen_drv.o
 .debug_abbrev  0x000034a4      0x29b build/flash.o
 .debug_abbrev  0x0000373f      0x3d6 build/command.o
 .debug_abbrev  0x00003b15      0x293 build/tool.o
 .debug_abbrev  0x00003da8       0x12 build/startup_stm32f103xe.o

.debug_loc      0x00000000    0x1411e
 .debug_loc     0x00000000      0x44e build/main.o
 .debug_loc     0x0000044e       0x38 build/gpio.o
 .debug_loc     0x00000486       0xeb build/i2c.o
 .debug_loc     0x00000571      0x5e3 build/rtc.o
 .debug_loc     0x00000b54      0x108 build/spi.o
 .debug_loc     0x00000c5c      0x3ad build/usart.o
 .debug_loc     0x00001009       0x60 build/stm32f1xx_it.o
 .debug_loc     0x00001069       0x41 build/stm32f1xx_hal_msp.o
 .debug_loc     0x000010aa      0x1e1 build/stm32f1xx_hal.o
 .debug_loc     0x0000128b      0x790 build/stm32f1xx_hal_rcc.o
 .debug_loc     0x00001a1b      0x41e build/stm32f1xx_hal_rcc_ex.o
 .debug_loc     0x00001e39      0x551 build/stm32f1xx_hal_gpio.o
 .debug_loc     0x0000238a      0x8ea build/stm32f1xx_hal_dma.o
 .debug_loc     0x00002c74      0x77f build/stm32f1xx_hal_cortex.o
 .debug_loc     0x000033f3      0x182 build/stm32f1xx_hal_pwr.o
 .debug_loc     0x00003575     0x4e65 build/stm32f1xx_hal_i2c.o
 .debug_loc     0x000083da     0x1af8 build/stm32f1xx_hal_rtc.o
 .debug_loc     0x00009ed2     0x22e5 build/stm32f1xx_hal_spi.o
 .debug_loc     0x0000c1b7     0x4d23 build/stm32f1xx_hal_uart.o
 .debug_loc     0x00010eda       0xff build/system_stm32f1xx.o
 .debug_loc     0x00010fd9       0x84 build/sysmem.o
 .debug_loc     0x0001105d      0x665 build/user_diskio.o
 .debug_loc     0x000116c2      0x352 build/fatfs.o
 .debug_loc     0x00011a14      0x323 build/diskio.o
 .debug_loc     0x00011d37      0x2f6 build/ff_gen_drv.o
 .debug_loc     0x0001202d      0x753 build/flash.o
 .debug_loc     0x00012780     0x13fd build/command.o
 .debug_loc     0x00013b7d      0x5a1 build/tool.o

.debug_aranges  0x00000000     0x1038
 .debug_aranges
                0x00000000       0x48 build/main.o
 .debug_aranges
                0x00000048       0x20 build/gpio.o
 .debug_aranges
                0x00000068       0x30 build/i2c.o
 .debug_aranges
                0x00000098       0x60 build/rtc.o
 .debug_aranges
                0x000000f8       0x30 build/spi.o
 .debug_aranges
                0x00000128       0x50 build/usart.o
 .debug_aranges
                0x00000178       0x70 build/stm32f1xx_it.o
 .debug_aranges
                0x000001e8       0x20 build/stm32f1xx_hal_msp.o
 .debug_aranges
                0x00000208       0xe0 build/stm32f1xx_hal.o
 .debug_aranges
                0x000002e8       0x90 build/stm32f1xx_hal_rcc.o
 .debug_aranges
                0x00000378       0x30 build/stm32f1xx_hal_rcc_ex.o
 .debug_aranges
                0x000003a8       0x58 build/stm32f1xx_hal_gpio.o
 .debug_aranges
                0x00000400       0x80 build/stm32f1xx_hal_dma.o
 .debug_aranges
                0x00000480       0x90 build/stm32f1xx_hal_cortex.o
 .debug_aranges
                0x00000510       0xa8 build/stm32f1xx_hal_pwr.o
 .debug_aranges
                0x000005b8      0x2a8 build/stm32f1xx_hal_i2c.o
 .debug_aranges
                0x00000860       0xf8 build/stm32f1xx_hal_rtc.o
 .debug_aranges
                0x00000958      0x1d0 build/stm32f1xx_hal_spi.o
 .debug_aranges
                0x00000b28      0x208 build/stm32f1xx_hal_uart.o
 .debug_aranges
                0x00000d30       0x28 build/system_stm32f1xx.o
 .debug_aranges
                0x00000d58       0x20 build/sysmem.o
 .debug_aranges
                0x00000d78       0x40 build/user_diskio.o
 .debug_aranges
                0x00000db8       0x48 build/fatfs.o
 .debug_aranges
                0x00000e00       0x48 build/diskio.o
 .debug_aranges
                0x00000e48       0x40 build/ff_gen_drv.o
 .debug_aranges
                0x00000e88       0x88 build/flash.o
 .debug_aranges
                0x00000f10       0xb8 build/command.o
 .debug_aranges
                0x00000fc8       0x48 build/tool.o
 .debug_aranges
                0x00001010       0x28 build/startup_stm32f103xe.o

.debug_ranges   0x00000000     0x1060
 .debug_ranges  0x00000000       0x38 build/main.o
 .debug_ranges  0x00000038       0x10 build/gpio.o
 .debug_ranges  0x00000048       0x20 build/i2c.o
 .debug_ranges  0x00000068       0x68 build/rtc.o
 .debug_ranges  0x000000d0       0x20 build/spi.o
 .debug_ranges  0x000000f0       0x40 build/usart.o
 .debug_ranges  0x00000130       0x60 build/stm32f1xx_it.o
 .debug_ranges  0x00000190       0x10 build/stm32f1xx_hal_msp.o
 .debug_ranges  0x000001a0       0xd0 build/stm32f1xx_hal.o
 .debug_ranges  0x00000270       0xa0 build/stm32f1xx_hal_rcc.o
 .debug_ranges  0x00000310       0x38 build/stm32f1xx_hal_rcc_ex.o
 .debug_ranges  0x00000348       0x48 build/stm32f1xx_hal_gpio.o
 .debug_ranges  0x00000390       0x70 build/stm32f1xx_hal_dma.o
 .debug_ranges  0x00000400       0xe0 build/stm32f1xx_hal_cortex.o
 .debug_ranges  0x000004e0       0x98 build/stm32f1xx_hal_pwr.o
 .debug_ranges  0x00000578      0x2b0 build/stm32f1xx_hal_i2c.o
 .debug_ranges  0x00000828       0xe8 build/stm32f1xx_hal_rtc.o
 .debug_ranges  0x00000910      0x1c0 build/stm32f1xx_hal_spi.o
 .debug_ranges  0x00000ad0      0x210 build/stm32f1xx_hal_uart.o
 .debug_ranges  0x00000ce0       0x18 build/system_stm32f1xx.o
 .debug_ranges  0x00000cf8       0x10 build/sysmem.o
 .debug_ranges  0x00000d08       0x80 build/user_diskio.o
 .debug_ranges  0x00000d88       0x50 build/fatfs.o
 .debug_ranges  0x00000dd8       0x38 build/diskio.o
 .debug_ranges  0x00000e10       0x30 build/ff_gen_drv.o
 .debug_ranges  0x00000e40       0xa8 build/flash.o
 .debug_ranges  0x00000ee8       0xd8 build/command.o
 .debug_ranges  0x00000fc0       0x80 build/tool.o
 .debug_ranges  0x00001040       0x20 build/startup_stm32f103xe.o

.debug_line     0x00000000    0x15a5b
 .debug_line    0x00000000      0x7dc build/main.o
 .debug_line    0x000007dc      0x1e6 build/gpio.o
 .debug_line    0x000009c2      0x2f1 build/i2c.o
 .debug_line    0x00000cb3      0x6be build/rtc.o
 .debug_line    0x00001371      0x326 build/spi.o
 .debug_line    0x00001697      0x5bb build/usart.o
 .debug_line    0x00001c52      0x31f build/stm32f1xx_it.o
 .debug_line    0x00001f71      0x194 build/stm32f1xx_hal_msp.o
 .debug_line    0x00002105      0x546 build/stm32f1xx_hal.o
 .debug_line    0x0000264b      0xc36 build/stm32f1xx_hal_rcc.o
 .debug_line    0x00003281      0x4e1 build/stm32f1xx_hal_rcc_ex.o
 .debug_line    0x00003762      0x60d build/stm32f1xx_hal_gpio.o
 .debug_line    0x00003d6f      0xd0a build/stm32f1xx_hal_dma.o
 .debug_line    0x00004a79      0x651 build/stm32f1xx_hal_cortex.o
 .debug_line    0x000050ca      0x478 build/stm32f1xx_hal_pwr.o
 .debug_line    0x00005542     0x5674 build/stm32f1xx_hal_i2c.o
 .debug_line    0x0000abb6     0x1171 build/stm32f1xx_hal_rtc.o
 .debug_line    0x0000bd27     0x2630 build/stm32f1xx_hal_spi.o
 .debug_line    0x0000e357     0x42af build/stm32f1xx_hal_uart.o
 .debug_line    0x00012606      0x25e build/system_stm32f1xx.o
 .debug_line    0x00012864      0x210 build/sysmem.o
 .debug_line    0x00012a74      0x497 build/user_diskio.o
 .debug_line    0x00012f0b      0x447 build/fatfs.o
 .debug_line    0x00013352      0x273 build/diskio.o
 .debug_line    0x000135c5      0x2b3 build/ff_gen_drv.o
 .debug_line    0x00013878      0x8f8 build/flash.o
 .debug_line    0x00014170     0x11fd build/command.o
 .debug_line    0x0001536d      0x679 build/tool.o
 .debug_line    0x000159e6       0x75 build/startup_stm32f103xe.o

.debug_str      0x00000000     0x48ad
 .debug_str     0x00000000      0xb93 build/main.o
                                0xc75 (size before relaxing)
 .debug_str     0x00000b93       0xca build/gpio.o
                                0x246 (size before relaxing)
 .debug_str     0x00000c5d      0x2b0 build/i2c.o
                                0x6fd (size before relaxing)
 .debug_str     0x00000f0d      0x32a build/rtc.o
                                0x648 (size before relaxing)
 .debug_str     0x00001237      0x1c6 build/spi.o
                                0x65a (size before relaxing)
 .debug_str     0x000013fd      0x4db build/usart.o
                                0xb63 (size before relaxing)
 .debug_str     0x000018d8       0xec build/stm32f1xx_it.o
                                0x63f (size before relaxing)
 .debug_str     0x000019c4       0x4d build/stm32f1xx_hal_msp.o
                                0x1e8 (size before relaxing)
 .debug_str     0x00001a11      0x307 build/stm32f1xx_hal.o
                                0x8cc (size before relaxing)
 .debug_str     0x00001d18      0x1fe build/stm32f1xx_hal_rcc.o
                                0x5ef (size before relaxing)
 .debug_str     0x00001f16       0x9c build/stm32f1xx_hal_rcc_ex.o
                                0x3d5 (size before relaxing)
 .debug_str     0x00001fb2      0x117 build/stm32f1xx_hal_gpio.o
                                0x3c4 (size before relaxing)
 .debug_str     0x000020c9      0x23c build/stm32f1xx_hal_dma.o
                                0x5c1 (size before relaxing)
 .debug_str     0x00002305      0x39b build/stm32f1xx_hal_cortex.o
                                0x97b (size before relaxing)
 .debug_str     0x000026a0      0x201 build/stm32f1xx_hal_pwr.o
                                0x45f (size before relaxing)
 .debug_str     0x000028a1      0x8a6 build/stm32f1xx_hal_i2c.o
                                0xf89 (size before relaxing)
 .debug_str     0x00003147      0x29b build/stm32f1xx_hal_rtc.o
                                0x77e (size before relaxing)
 .debug_str     0x000033e2      0x50a build/stm32f1xx_hal_spi.o
                                0xb2b (size before relaxing)
 .debug_str     0x000038ec      0x5cb build/stm32f1xx_hal_uart.o
                                0xcb8 (size before relaxing)
 .debug_str     0x00003eb7       0x4f build/system_stm32f1xx.o
                                0x218 (size before relaxing)
 .debug_str     0x00003f06       0x7a build/sysmem.o
                                0x1dc (size before relaxing)
 .debug_str     0x00003f80       0xec build/user_diskio.o
                                0x318 (size before relaxing)
 .debug_str     0x0000406c      0x112 build/fatfs.o
                                0x59d (size before relaxing)
 .debug_str     0x0000417e       0x54 build/diskio.o
                                0x25f (size before relaxing)
 .debug_str     0x000041d2       0x7b build/ff_gen_drv.o
                                0x2b0 (size before relaxing)
 .debug_str     0x0000424d       0xf7 build/flash.o
                                0x750 (size before relaxing)
 .debug_str     0x00004344      0x4fa build/command.o
                                0xdd2 (size before relaxing)
 .debug_str     0x0000483e       0x4b build/tool.o
                                0x31f (size before relaxing)
 .debug_str     0x00004889       0x24 build/startup_stm32f103xe.o
                                 0x37 (size before relaxing)

.debug_frame    0x00000000     0x319c
 .debug_frame   0x00000000       0xd0 build/main.o
 .debug_frame   0x000000d0       0x30 build/gpio.o
 .debug_frame   0x00000100       0x60 build/i2c.o
 .debug_frame   0x00000160      0x104 build/rtc.o
 .debug_frame   0x00000264       0x60 build/spi.o
 .debug_frame   0x000002c4       0xd0 build/usart.o
 .debug_frame   0x00000394       0xd8 build/stm32f1xx_it.o
 .debug_frame   0x0000046c       0x28 build/stm32f1xx_hal_msp.o
 .debug_frame   0x00000494      0x1cc build/stm32f1xx_hal.o
 .debug_frame   0x00000660      0x184 build/stm32f1xx_hal_rcc.o
 .debug_frame   0x000007e4       0x5c build/stm32f1xx_hal_rcc_ex.o
 .debug_frame   0x00000840       0xe4 build/stm32f1xx_hal_gpio.o
 .debug_frame   0x00000924      0x140 build/stm32f1xx_hal_dma.o
 .debug_frame   0x00000a64      0x118 build/stm32f1xx_hal_cortex.o
 .debug_frame   0x00000b7c      0x140 build/stm32f1xx_hal_pwr.o
 .debug_frame   0x00000cbc      0x988 build/stm32f1xx_hal_i2c.o
 .debug_frame   0x00001644      0x348 build/stm32f1xx_hal_rtc.o
 .debug_frame   0x0000198c      0x5c8 build/stm32f1xx_hal_spi.o
 .debug_frame   0x00001f54      0x5e0 build/stm32f1xx_hal_uart.o
 .debug_frame   0x00002534       0x30 build/system_stm32f1xx.o
 .debug_frame   0x00002564       0x28 build/sysmem.o
 .debug_frame   0x0000258c       0xb4 build/user_diskio.o
 .debug_frame   0x00002640       0xbc build/fatfs.o
 .debug_frame   0x000026fc       0xa0 build/diskio.o
 .debug_frame   0x0000279c       0x7c build/ff_gen_drv.o
 .debug_frame   0x00002818      0x1e8 build/flash.o
 .debug_frame   0x00002a00      0x278 build/command.o
 .debug_frame   0x00002c78       0xbc build/tool.o
 .debug_frame   0x00002d34       0x20 d:/mingw/gcc-arm-none-eabi-10.3-2021.10-win32/gcc-arm-none-eabi-10.3-2021.10/bin/../lib/gcc/arm-none-eabi/10.3.1/../../../../arm-none-eabi/lib/thumb/v7-m/nofp\libc_nano.a(lib_a-errno.o)
 .debug_frame   0x00002d54       0x2c d:/mingw/gcc-arm-none-eabi-10.3-2021.10-win32/gcc-arm-none-eabi-10.3-2021.10/bin/../lib/gcc/arm-none-eabi/10.3.1/../../../../arm-none-eabi/lib/thumb/v7-m/nofp\libc_nano.a(lib_a-init.o)
 .debug_frame   0x00002d80       0x28 d:/mingw/gcc-arm-none-eabi-10.3-2021.10-win32/gcc-arm-none-eabi-10.3-2021.10/bin/../lib/gcc/arm-none-eabi/10.3.1/../../../../arm-none-eabi/lib/thumb/v7-m/nofp\libc_nano.a(lib_a-memcpy-stub.o)
 .debug_frame   0x00002da8       0x20 d:/mingw/gcc-arm-none-eabi-10.3-2021.10-win32/gcc-arm-none-eabi-10.3-2021.10/bin/../lib/gcc/arm-none-eabi/10.3.1/../../../../arm-none-eabi/lib/thumb/v7-m/nofp\libc_nano.a(lib_a-memset.o)
 .debug_frame   0x00002dc8       0x4c d:/mingw/gcc-arm-none-eabi-10.3-2021.10-win32/gcc-arm-none-eabi-10.3-2021.10/bin/../lib/gcc/arm-none-eabi/10.3.1/../../../../arm-none-eabi/lib/thumb/v7-m/nofp\libc_nano.a(lib_a-vsnprintf.o)
 .debug_frame   0x00002e14       0x90 d:/mingw/gcc-arm-none-eabi-10.3-2021.10-win32/gcc-arm-none-eabi-10.3-2021.10/bin/../lib/gcc/arm-none-eabi/10.3.1/../../../../arm-none-eabi/lib/thumb/v7-m/nofp\libc_nano.a(lib_a-nano-svfprintf.o)
 .debug_frame   0x00002ea4       0x60 d:/mingw/gcc-arm-none-eabi-10.3-2021.10-win32/gcc-arm-none-eabi-10.3-2021.10/bin/../lib/gcc/arm-none-eabi/10.3.1/../../../../arm-none-eabi/lib/thumb/v7-m/nofp\libc_nano.a(lib_a-nano-vfprintf_i.o)
 .debug_frame   0x00002f04       0x28 d:/mingw/gcc-arm-none-eabi-10.3-2021.10-win32/gcc-arm-none-eabi-10.3-2021.10/bin/../lib/gcc/arm-none-eabi/10.3.1/../../../../arm-none-eabi/lib/thumb/v7-m/nofp\libc_nano.a(lib_a-memchr-stub.o)
 .debug_frame   0x00002f2c       0x28 d:/mingw/gcc-arm-none-eabi-10.3-2021.10-win32/gcc-arm-none-eabi-10.3-2021.10/bin/../lib/gcc/arm-none-eabi/10.3.1/../../../../arm-none-eabi/lib/thumb/v7-m/nofp\libc_nano.a(lib_a-memmove.o)
 .debug_frame   0x00002f54       0x38 d:/mingw/gcc-arm-none-eabi-10.3-2021.10-win32/gcc-arm-none-eabi-10.3-2021.10/bin/../lib/gcc/arm-none-eabi/10.3.1/../../../../arm-none-eabi/lib/thumb/v7-m/nofp\libc_nano.a(lib_a-nano-freer.o)
 .debug_frame   0x00002f8c       0x4c d:/mingw/gcc-arm-none-eabi-10.3-2021.10-win32/gcc-arm-none-eabi-10.3-2021.10/bin/../lib/gcc/arm-none-eabi/10.3.1/../../../../arm-none-eabi/lib/thumb/v7-m/nofp\libc_nano.a(lib_a-nano-mallocr.o)
 .debug_frame   0x00002fd8       0x3c d:/mingw/gcc-arm-none-eabi-10.3-2021.10-win32/gcc-arm-none-eabi-10.3-2021.10/bin/../lib/gcc/arm-none-eabi/10.3.1/../../../../arm-none-eabi/lib/thumb/v7-m/nofp\libc_nano.a(lib_a-nano-reallocr.o)
 .debug_frame   0x00003014       0x2c d:/mingw/gcc-arm-none-eabi-10.3-2021.10-win32/gcc-arm-none-eabi-10.3-2021.10/bin/../lib/gcc/arm-none-eabi/10.3.1/../../../../arm-none-eabi/lib/thumb/v7-m/nofp\libc_nano.a(lib_a-sbrkr.o)
 .debug_frame   0x00003040       0x30 d:/mingw/gcc-arm-none-eabi-10.3-2021.10-win32/gcc-arm-none-eabi-10.3-2021.10/bin/../lib/gcc/arm-none-eabi/10.3.1/../../../../arm-none-eabi/lib/thumb/v7-m/nofp\libc_nano.a(lib_a-mlock.o)
 .debug_frame   0x00003070       0x20 d:/mingw/gcc-arm-none-eabi-10.3-2021.10-win32/gcc-arm-none-eabi-10.3-2021.10/bin/../lib/gcc/arm-none-eabi/10.3.1/../../../../arm-none-eabi/lib/thumb/v7-m/nofp\libc_nano.a(lib_a-nano-msizer.o)
 .debug_frame   0x00003090       0x5c d:/mingw/gcc-arm-none-eabi-10.3-2021.10-win32/gcc-arm-none-eabi-10.3-2021.10/bin/../lib/gcc/arm-none-eabi/10.3.1/../../../../arm-none-eabi/lib/thumb/v7-m/nofp\libc_nano.a(lib_a-reent.o)
 .debug_frame   0x000030ec       0xb0 d:/mingw/gcc-arm-none-eabi-10.3-2021.10-win32/gcc-arm-none-eabi-10.3-2021.10/bin/../lib/gcc/arm-none-eabi/10.3.1/../../../../arm-none-eabi/lib/thumb/v7-m/nofp\libc_nano.a(lib_a-lock.o)

Cross Reference Table

Symbol                                            File
ADC1_2_IRQHandler                                 build/startup_stm32f103xe.o
ADC3_IRQHandler                                   build/startup_stm32f103xe.o
AHBPrescTable                                     build/system_stm32f1xx.o
                                                  build/stm32f1xx_hal_rcc.o
APBPrescTable                                     build/system_stm32f1xx.o
                                                  build/stm32f1xx_hal_rcc.o
AT_FATFS_CluWrite_Handle                          build/command.o
AT_FATFS_DelFile_Handle                           build/command.o
AT_FATFS_FORMAT_Handle                            build/command.o
AT_FATFS_GetTime_Handle                           build/command.o
AT_FATFS_ListDir_Handle                           build/command.o
AT_FATFS_MOUNT_Handle                             build/command.o
AT_FATFS_READ_Handle                              build/command.o
AT_FATFS_WRITE_Handle                             build/command.o
AT_HELP_Handle                                    build/command.o
AT_TEST_Handle                                    build/command.o
AT_W25Q64_EraseChip_Handle                        build/command.o
BTN1_DOUBLE_CLICK_Handler                         build/multi_button.o
BTN1_LONG_PRESS_START_Handler                     build/multi_button.o
BTN1_SINGLE_CLICK_Handler                         build/multi_button.o
BTN2_DOUBLE_CLICK_Handler                         build/multi_button.o
BTN2_PRESS_DOWN_Handler                           build/multi_button.o
BusFault_Handler                                  build/stm32f1xx_it.o
Button_Manage                                     build/multi_button.o
CAN1_RX1_IRQHandler                               build/startup_stm32f103xe.o
CAN1_SCE_IRQHandler                               build/startup_stm32f103xe.o
CharToFloat                                       build/command.o
CharToInt                                         build/command.o
CheckCommandList                                  build/command.o
Command_buf                                       build/command.o
DMA1_Channel1_IRQHandler                          build/startup_stm32f103xe.o
DMA1_Channel2_IRQHandler                          build/startup_stm32f103xe.o
DMA1_Channel3_IRQHandler                          build/startup_stm32f103xe.o
DMA1_Channel4_IRQHandler                          build/startup_stm32f103xe.o
DMA1_Channel5_IRQHandler                          build/startup_stm32f103xe.o
DMA1_Channel6_IRQHandler                          build/startup_stm32f103xe.o
DMA1_Channel7_IRQHandler                          build/startup_stm32f103xe.o
DMA2_Channel1_IRQHandler                          build/startup_stm32f103xe.o
DMA2_Channel2_IRQHandler                          build/startup_stm32f103xe.o
DMA2_Channel3_IRQHandler                          build/startup_stm32f103xe.o
DMA2_Channel4_5_IRQHandler                        build/startup_stm32f103xe.o
Data_copy_from_pos                                build/command.o
DebugMon_Handler                                  build/stm32f1xx_it.o
Default_Handler                                   build/startup_stm32f103xe.o
EXTI0_IRQHandler                                  build/startup_stm32f103xe.o
EXTI15_10_IRQHandler                              build/startup_stm32f103xe.o
EXTI1_IRQHandler                                  build/startup_stm32f103xe.o
EXTI2_IRQHandler                                  build/startup_stm32f103xe.o
EXTI3_IRQHandler                                  build/startup_stm32f103xe.o
EXTI4_IRQHandler                                  build/startup_stm32f103xe.o
EXTI9_5_IRQHandler                                build/startup_stm32f103xe.o
Error_Handler                                     build/main.o
                                                  build/usart.o
                                                  build/spi.o
                                                  build/rtc.o
                                                  build/i2c.o
FATFS_GetAttachedDriversNbr                       build/ff_gen_drv.o
FATFS_LinkDriver                                  build/ff_gen_drv.o
                                                  build/fatfs.o
                                                  build/main.o
FATFS_LinkDriverEx                                build/ff_gen_drv.o
FATFS_UnLinkDriver                                build/ff_gen_drv.o
                                                  build/main.o
FATFS_UnLinkDriverEx                              build/ff_gen_drv.o
FLASH_IRQHandler                                  build/startup_stm32f103xe.o
FLASH_PageErase                                   build/stm32f1xx_hal_flash_ex.o
                                                  build/stm32f1xx_hal_flash.o
FLASH_WaitForLastOperation                        build/stm32f1xx_hal_flash.o
                                                  build/stm32f1xx_hal_flash_ex.o
FSMC_IRQHandler                                   build/startup_stm32f103xe.o
FatFs_DeleteFile                                  build/storage.o
                                                  build/command.o
FatFs_FileWrite                                   build/storage.o
                                                  build/command.o
FatFs_FileWrite_Cluster                           build/storage.o
                                                  build/command.o
FatFs_Format                                      build/fatfs.o
                                                  build/command.o
FatFs_GetInfo                                     build/storage.o
                                                  build/command.o
FatFs_ListDir                                     build/fatfs.o
                                                  build/command.o
FatFs_Mount                                       build/fatfs.o
                                                  build/command.o
FatFs_ParseReadCmd                                build/storage.o
                                                  build/command.o
FatFs_PrintReadResult                             build/storage.o
                                                  build/command.o
FatFs_ReadFile                                    build/storage.o
                                                  build/command.o
FatFs_Test                                        build/main.o
FatFs_Unmount                                     build/fatfs.o
FatFs_WriteUart2ByTimeStamp                       build/storage.o
HAL_DBGMCU_DisableDBGSleepMode                    build/stm32f1xx_hal.o
HAL_DBGMCU_DisableDBGStandbyMode                  build/stm32f1xx_hal.o
HAL_DBGMCU_DisableDBGStopMode                     build/stm32f1xx_hal.o
HAL_DBGMCU_EnableDBGSleepMode                     build/stm32f1xx_hal.o
HAL_DBGMCU_EnableDBGStandbyMode                   build/stm32f1xx_hal.o
HAL_DBGMCU_EnableDBGStopMode                      build/stm32f1xx_hal.o
HAL_DMA_Abort                                     build/stm32f1xx_hal_dma.o
                                                  build/stm32f1xx_hal_uart.o
                                                  build/stm32f1xx_hal_spi.o
HAL_DMA_Abort_IT                                  build/stm32f1xx_hal_dma.o
                                                  build/stm32f1xx_hal_uart.o
                                                  build/stm32f1xx_hal_spi.o
                                                  build/stm32f1xx_hal_i2c.o
HAL_DMA_DeInit                                    build/stm32f1xx_hal_dma.o
HAL_DMA_GetError                                  build/stm32f1xx_hal_dma.o
                                                  build/stm32f1xx_hal_uart.o
HAL_DMA_GetState                                  build/stm32f1xx_hal_dma.o
                                                  build/stm32f1xx_hal_i2c.o
HAL_DMA_IRQHandler                                build/stm32f1xx_hal_dma.o
HAL_DMA_Init                                      build/stm32f1xx_hal_dma.o
HAL_DMA_PollForTransfer                           build/stm32f1xx_hal_dma.o
HAL_DMA_RegisterCallback                          build/stm32f1xx_hal_dma.o
HAL_DMA_Start                                     build/stm32f1xx_hal_dma.o
HAL_DMA_Start_IT                                  build/stm32f1xx_hal_dma.o
                                                  build/stm32f1xx_hal_uart.o
                                                  build/stm32f1xx_hal_spi.o
                                                  build/stm32f1xx_hal_i2c.o
HAL_DMA_UnRegisterCallback                        build/stm32f1xx_hal_dma.o
HAL_DeInit                                        build/stm32f1xx_hal.o
HAL_Delay                                         build/stm32f1xx_hal.o
                                                  build/flash.o
                                                  build/usart.o
HAL_EXTI_ClearConfigLine                          build/stm32f1xx_hal_exti.o
HAL_EXTI_ClearPending                             build/stm32f1xx_hal_exti.o
HAL_EXTI_GenerateSWI                              build/stm32f1xx_hal_exti.o
HAL_EXTI_GetConfigLine                            build/stm32f1xx_hal_exti.o
HAL_EXTI_GetHandle                                build/stm32f1xx_hal_exti.o
HAL_EXTI_GetPending                               build/stm32f1xx_hal_exti.o
HAL_EXTI_IRQHandler                               build/stm32f1xx_hal_exti.o
HAL_EXTI_RegisterCallback                         build/stm32f1xx_hal_exti.o
HAL_EXTI_SetConfigLine                            build/stm32f1xx_hal_exti.o
HAL_FLASHEx_Erase                                 build/stm32f1xx_hal_flash_ex.o
HAL_FLASHEx_Erase_IT                              build/stm32f1xx_hal_flash_ex.o
HAL_FLASHEx_OBErase                               build/stm32f1xx_hal_flash_ex.o
HAL_FLASHEx_OBGetConfig                           build/stm32f1xx_hal_flash_ex.o
HAL_FLASHEx_OBGetUserData                         build/stm32f1xx_hal_flash_ex.o
HAL_FLASHEx_OBProgram                             build/stm32f1xx_hal_flash_ex.o
HAL_FLASH_EndOfOperationCallback                  build/stm32f1xx_hal_flash.o
HAL_FLASH_GetError                                build/stm32f1xx_hal_flash.o
HAL_FLASH_IRQHandler                              build/stm32f1xx_hal_flash.o
HAL_FLASH_Lock                                    build/stm32f1xx_hal_flash.o
HAL_FLASH_OB_Launch                               build/stm32f1xx_hal_flash.o
HAL_FLASH_OB_Lock                                 build/stm32f1xx_hal_flash.o
HAL_FLASH_OB_Unlock                               build/stm32f1xx_hal_flash.o
HAL_FLASH_OperationErrorCallback                  build/stm32f1xx_hal_flash.o
HAL_FLASH_Program                                 build/stm32f1xx_hal_flash.o
HAL_FLASH_Program_IT                              build/stm32f1xx_hal_flash.o
HAL_FLASH_Unlock                                  build/stm32f1xx_hal_flash.o
HAL_GPIOEx_ConfigEventout                         build/stm32f1xx_hal_gpio_ex.o
HAL_GPIOEx_DisableEventout                        build/stm32f1xx_hal_gpio_ex.o
HAL_GPIOEx_EnableEventout                         build/stm32f1xx_hal_gpio_ex.o
HAL_GPIO_DeInit                                   build/stm32f1xx_hal_gpio.o
                                                  build/usart.o
                                                  build/spi.o
                                                  build/i2c.o
HAL_GPIO_EXTI_Callback                            build/stm32f1xx_hal_gpio.o
HAL_GPIO_EXTI_IRQHandler                          build/stm32f1xx_hal_gpio.o
HAL_GPIO_Init                                     build/stm32f1xx_hal_gpio.o
                                                  build/tool.o
                                                  build/stm32f1xx_hal_rcc.o
                                                  build/usart.o
                                                  build/spi.o
                                                  build/i2c.o
                                                  build/gpio.o
HAL_GPIO_LockPin                                  build/stm32f1xx_hal_gpio.o
HAL_GPIO_ReadPin                                  build/stm32f1xx_hal_gpio.o
                                                  build/tool.o
                                                  build/multi_button.o
HAL_GPIO_TogglePin                                build/stm32f1xx_hal_gpio.o
                                                  build/multi_button.o
HAL_GPIO_WritePin                                 build/stm32f1xx_hal_gpio.o
                                                  build/tool.o
                                                  build/flash.o
                                                  build/gpio.o
HAL_GetDEVID                                      build/stm32f1xx_hal.o
HAL_GetHalVersion                                 build/stm32f1xx_hal.o
HAL_GetREVID                                      build/stm32f1xx_hal.o
HAL_GetTick                                       build/stm32f1xx_hal.o
                                                  build/stm32f1xx_hal_uart.o
                                                  build/stm32f1xx_hal_spi.o
                                                  build/stm32f1xx_hal_rtc_ex.o
                                                  build/stm32f1xx_hal_rtc.o
                                                  build/stm32f1xx_hal_i2c.o
                                                  build/stm32f1xx_hal_flash.o
                                                  build/stm32f1xx_hal_dma.o
                                                  build/stm32f1xx_hal_rcc_ex.o
                                                  build/stm32f1xx_hal_rcc.o
HAL_GetTickFreq                                   build/stm32f1xx_hal.o
HAL_GetTickPrio                                   build/stm32f1xx_hal.o
HAL_GetUIDw0                                      build/stm32f1xx_hal.o
HAL_GetUIDw1                                      build/stm32f1xx_hal.o
HAL_GetUIDw2                                      build/stm32f1xx_hal.o
HAL_HalfDuplex_EnableReceiver                     build/stm32f1xx_hal_uart.o
HAL_HalfDuplex_EnableTransmitter                  build/stm32f1xx_hal_uart.o
HAL_HalfDuplex_Init                               build/stm32f1xx_hal_uart.o
HAL_I2C_AbortCpltCallback                         build/stm32f1xx_hal_i2c.o
HAL_I2C_AddrCallback                              build/stm32f1xx_hal_i2c.o
HAL_I2C_DeInit                                    build/stm32f1xx_hal_i2c.o
HAL_I2C_DisableListen_IT                          build/stm32f1xx_hal_i2c.o
HAL_I2C_ER_IRQHandler                             build/stm32f1xx_hal_i2c.o
HAL_I2C_EV_IRQHandler                             build/stm32f1xx_hal_i2c.o
HAL_I2C_EnableListen_IT                           build/stm32f1xx_hal_i2c.o
HAL_I2C_ErrorCallback                             build/stm32f1xx_hal_i2c.o
HAL_I2C_GetError                                  build/stm32f1xx_hal_i2c.o
HAL_I2C_GetMode                                   build/stm32f1xx_hal_i2c.o
HAL_I2C_GetState                                  build/stm32f1xx_hal_i2c.o
HAL_I2C_Init                                      build/stm32f1xx_hal_i2c.o
                                                  build/i2c.o
HAL_I2C_IsDeviceReady                             build/stm32f1xx_hal_i2c.o
HAL_I2C_ListenCpltCallback                        build/stm32f1xx_hal_i2c.o
HAL_I2C_MasterRxCpltCallback                      build/stm32f1xx_hal_i2c.o
HAL_I2C_MasterTxCpltCallback                      build/stm32f1xx_hal_i2c.o
HAL_I2C_Master_Abort_IT                           build/stm32f1xx_hal_i2c.o
HAL_I2C_Master_Receive                            build/stm32f1xx_hal_i2c.o
HAL_I2C_Master_Receive_DMA                        build/stm32f1xx_hal_i2c.o
HAL_I2C_Master_Receive_IT                         build/stm32f1xx_hal_i2c.o
HAL_I2C_Master_Seq_Receive_DMA                    build/stm32f1xx_hal_i2c.o
HAL_I2C_Master_Seq_Receive_IT                     build/stm32f1xx_hal_i2c.o
HAL_I2C_Master_Seq_Transmit_DMA                   build/stm32f1xx_hal_i2c.o
HAL_I2C_Master_Seq_Transmit_IT                    build/stm32f1xx_hal_i2c.o
HAL_I2C_Master_Transmit                           build/stm32f1xx_hal_i2c.o
HAL_I2C_Master_Transmit_DMA                       build/stm32f1xx_hal_i2c.o
HAL_I2C_Master_Transmit_IT                        build/stm32f1xx_hal_i2c.o
HAL_I2C_MemRxCpltCallback                         build/stm32f1xx_hal_i2c.o
HAL_I2C_MemTxCpltCallback                         build/stm32f1xx_hal_i2c.o
HAL_I2C_Mem_Read                                  build/stm32f1xx_hal_i2c.o
HAL_I2C_Mem_Read_DMA                              build/stm32f1xx_hal_i2c.o
HAL_I2C_Mem_Read_IT                               build/stm32f1xx_hal_i2c.o
HAL_I2C_Mem_Write                                 build/stm32f1xx_hal_i2c.o
HAL_I2C_Mem_Write_DMA                             build/stm32f1xx_hal_i2c.o
HAL_I2C_Mem_Write_IT                              build/stm32f1xx_hal_i2c.o
HAL_I2C_MspDeInit                                 build/i2c.o
HAL_I2C_MspInit                                   build/i2c.o
HAL_I2C_SlaveRxCpltCallback                       build/stm32f1xx_hal_i2c.o
HAL_I2C_SlaveTxCpltCallback                       build/stm32f1xx_hal_i2c.o
HAL_I2C_Slave_Receive                             build/stm32f1xx_hal_i2c.o
HAL_I2C_Slave_Receive_DMA                         build/stm32f1xx_hal_i2c.o
HAL_I2C_Slave_Receive_IT                          build/stm32f1xx_hal_i2c.o
HAL_I2C_Slave_Seq_Receive_DMA                     build/stm32f1xx_hal_i2c.o
HAL_I2C_Slave_Seq_Receive_IT                      build/stm32f1xx_hal_i2c.o
HAL_I2C_Slave_Seq_Transmit_DMA                    build/stm32f1xx_hal_i2c.o
HAL_I2C_Slave_Seq_Transmit_IT                     build/stm32f1xx_hal_i2c.o
HAL_I2C_Slave_Transmit                            build/stm32f1xx_hal_i2c.o
HAL_I2C_Slave_Transmit_DMA                        build/stm32f1xx_hal_i2c.o
HAL_I2C_Slave_Transmit_IT                         build/stm32f1xx_hal_i2c.o
HAL_IncTick                                       build/stm32f1xx_hal.o
                                                  build/stm32f1xx_it.o
HAL_Init                                          build/stm32f1xx_hal.o
                                                  build/main.o
HAL_InitTick                                      build/stm32f1xx_hal.o
                                                  build/stm32f1xx_hal_rcc.o
HAL_LIN_Init                                      build/stm32f1xx_hal_uart.o
HAL_LIN_SendBreak                                 build/stm32f1xx_hal_uart.o
HAL_MspDeInit                                     build/stm32f1xx_hal.o
HAL_MspInit                                       build/stm32f1xx_hal_msp.o
HAL_MultiProcessor_EnterMuteMode                  build/stm32f1xx_hal_uart.o
HAL_MultiProcessor_ExitMuteMode                   build/stm32f1xx_hal_uart.o
HAL_MultiProcessor_Init                           build/stm32f1xx_hal_uart.o
HAL_NVIC_ClearPendingIRQ                          build/stm32f1xx_hal_cortex.o
HAL_NVIC_DisableIRQ                               build/stm32f1xx_hal_cortex.o
                                                  build/usart.o
HAL_NVIC_EnableIRQ                                build/stm32f1xx_hal_cortex.o
                                                  build/usart.o
HAL_NVIC_GetActive                                build/stm32f1xx_hal_cortex.o
HAL_NVIC_GetPendingIRQ                            build/stm32f1xx_hal_cortex.o
HAL_NVIC_GetPriority                              build/stm32f1xx_hal_cortex.o
HAL_NVIC_GetPriorityGrouping                      build/stm32f1xx_hal_cortex.o
HAL_NVIC_SetPendingIRQ                            build/stm32f1xx_hal_cortex.o
HAL_NVIC_SetPriority                              build/stm32f1xx_hal_cortex.o
                                                  build/stm32f1xx_hal.o
                                                  build/usart.o
HAL_NVIC_SetPriorityGrouping                      build/stm32f1xx_hal_cortex.o
                                                  build/stm32f1xx_hal.o
HAL_NVIC_SystemReset                              build/stm32f1xx_hal_cortex.o
                                                  build/stm32f1xx_hal_flash.o
HAL_PWR_ConfigPVD                                 build/stm32f1xx_hal_pwr.o
HAL_PWR_DeInit                                    build/stm32f1xx_hal_pwr.o
HAL_PWR_DisableBkUpAccess                         build/stm32f1xx_hal_pwr.o
HAL_PWR_DisablePVD                                build/stm32f1xx_hal_pwr.o
HAL_PWR_DisableSEVOnPend                          build/stm32f1xx_hal_pwr.o
HAL_PWR_DisableSleepOnExit                        build/stm32f1xx_hal_pwr.o
HAL_PWR_DisableWakeUpPin                          build/stm32f1xx_hal_pwr.o
HAL_PWR_EnableBkUpAccess                          build/stm32f1xx_hal_pwr.o
                                                  build/rtc.o
HAL_PWR_EnablePVD                                 build/stm32f1xx_hal_pwr.o
HAL_PWR_EnableSEVOnPend                           build/stm32f1xx_hal_pwr.o
HAL_PWR_EnableSleepOnExit                         build/stm32f1xx_hal_pwr.o
HAL_PWR_EnableWakeUpPin                           build/stm32f1xx_hal_pwr.o
HAL_PWR_EnterSLEEPMode                            build/stm32f1xx_hal_pwr.o
HAL_PWR_EnterSTANDBYMode                          build/stm32f1xx_hal_pwr.o
HAL_PWR_EnterSTOPMode                             build/stm32f1xx_hal_pwr.o
HAL_PWR_PVDCallback                               build/stm32f1xx_hal_pwr.o
HAL_PWR_PVD_IRQHandler                            build/stm32f1xx_hal_pwr.o
HAL_RCCEx_GetPeriphCLKConfig                      build/stm32f1xx_hal_rcc_ex.o
HAL_RCCEx_GetPeriphCLKFreq                        build/stm32f1xx_hal_rcc_ex.o
                                                  build/stm32f1xx_hal_rtc.o
HAL_RCCEx_PeriphCLKConfig                         build/stm32f1xx_hal_rcc_ex.o
                                                  build/rtc.o
                                                  build/main.o
HAL_RCC_CSSCallback                               build/stm32f1xx_hal_rcc.o
HAL_RCC_ClockConfig                               build/stm32f1xx_hal_rcc.o
                                                  build/main.o
HAL_RCC_DeInit                                    build/stm32f1xx_hal_rcc.o
HAL_RCC_DisableCSS                                build/stm32f1xx_hal_rcc.o
HAL_RCC_EnableCSS                                 build/stm32f1xx_hal_rcc.o
HAL_RCC_GetClockConfig                            build/stm32f1xx_hal_rcc.o
HAL_RCC_GetHCLKFreq                               build/stm32f1xx_hal_rcc.o
HAL_RCC_GetOscConfig                              build/stm32f1xx_hal_rcc.o
HAL_RCC_GetPCLK1Freq                              build/stm32f1xx_hal_rcc.o
                                                  build/stm32f1xx_hal_uart.o
                                                  build/stm32f1xx_hal_i2c.o
HAL_RCC_GetPCLK2Freq                              build/stm32f1xx_hal_rcc.o
                                                  build/stm32f1xx_hal_uart.o
                                                  build/stm32f1xx_hal_rcc_ex.o
HAL_RCC_GetSysClockFreq                           build/stm32f1xx_hal_rcc.o
                                                  build/stm32f1xx_hal_rcc_ex.o