Archive member included to satisfy reference by file (symbol)

d:/mingw/gcc-arm-none-eabi-10.3-2021.10-win32/gcc-arm-none-eabi-10.3-2021.10/bin/../lib/gcc/arm-none-eabi/10.3.1/../../../../arm-none-eabi/lib/thumb/v7-m/nofp\libc_nano.a(lib_a-exit.o)
                              d:/mingw/gcc-arm-none-eabi-10.3-2021.10-win32/gcc-arm-none-eabi-10.3-2021.10/bin/../lib/gcc/arm-none-eabi/10.3.1/../../../../arm-none-eabi/lib/thumb/v7-m/nofp/crt0.o (exit)
d:/mingw/gcc-arm-none-eabi-10.3-2021.10-win32/gcc-arm-none-eabi-10.3-2021.10/bin/../lib/gcc/arm-none-eabi/10.3.1/../../../../arm-none-eabi/lib/thumb/v7-m/nofp\libc_nano.a(lib_a-impure.o)
                              d:/mingw/gcc-arm-none-eabi-10.3-2021.10-win32/gcc-arm-none-eabi-10.3-2021.10/bin/../lib/gcc/arm-none-eabi/10.3.1/../../../../arm-none-eabi/lib/thumb/v7-m/nofp\libc_nano.a(lib_a-exit.o) (_global_impure_ptr)
d:/mingw/gcc-arm-none-eabi-10.3-2021.10-win32/gcc-arm-none-eabi-10.3-2021.10/bin/../lib/gcc/arm-none-eabi/10.3.1/../../../../arm-none-eabi/lib/thumb/v7-m/nofp\libc_nano.a(lib_a-init.o)
                              d:/mingw/gcc-arm-none-eabi-10.3-2021.10-win32/gcc-arm-none-eabi-10.3-2021.10/bin/../lib/gcc/arm-none-eabi/10.3.1/../../../../arm-none-eabi/lib/thumb/v7-m/nofp/crt0.o (__libc_init_array)
d:/mingw/gcc-arm-none-eabi-10.3-2021.10-win32/gcc-arm-none-eabi-10.3-2021.10/bin/../lib/gcc/arm-none-eabi/10.3.1/../../../../arm-none-eabi/lib/thumb/v7-m/nofp\libc_nano.a(lib_a-memcmp.o)
                              build/ff.o (memcmp)
d:/mingw/gcc-arm-none-eabi-10.3-2021.10-win32/gcc-arm-none-eabi-10.3-2021.10/bin/../lib/gcc/arm-none-eabi/10.3.1/../../../../arm-none-eabi/lib/thumb/v7-m/nofp\libc_nano.a(lib_a-memcpy-stub.o)
                              build/ff.o (memcpy)
d:/mingw/gcc-arm-none-eabi-10.3-2021.10-win32/gcc-arm-none-eabi-10.3-2021.10/bin/../lib/gcc/arm-none-eabi/10.3.1/../../../../arm-none-eabi/lib/thumb/v7-m/nofp\libc_nano.a(lib_a-memset.o)
                              d:/mingw/gcc-arm-none-eabi-10.3-2021.10-win32/gcc-arm-none-eabi-10.3-2021.10/bin/../lib/gcc/arm-none-eabi/10.3.1/../../../../arm-none-eabi/lib/thumb/v7-m/nofp/crt0.o (memset)
d:/mingw/gcc-arm-none-eabi-10.3-2021.10-win32/gcc-arm-none-eabi-10.3-2021.10/bin/../lib/gcc/arm-none-eabi/10.3.1/../../../../arm-none-eabi/lib/thumb/v7-m/nofp\libc_nano.a(lib_a-strchr.o)
                              build/ff.o (strchr)
d:/mingw/gcc-arm-none-eabi-10.3-2021.10-win32/gcc-arm-none-eabi-10.3-2021.10/bin/../lib/gcc/arm-none-eabi/10.3.1/../../../../arm-none-eabi/lib/thumb/v7-m/nofp\libc_nano.a(lib_a-strlen.o)
                              build/main.o (strlen)
d:/mingw/gcc-arm-none-eabi-10.3-2021.10-win32/gcc-arm-none-eabi-10.3-2021.10/bin/../lib/gcc/arm-none-eabi/10.3.1/../../../../arm-none-eabi/lib/thumb/v7-m/nofp\libc_nano.a(lib_a-vsnprintf.o)
                              build/main.o (vsnprintf)
d:/mingw/gcc-arm-none-eabi-10.3-2021.10-win32/gcc-arm-none-eabi-10.3-2021.10/bin/../lib/gcc/arm-none-eabi/10.3.1/../../../../arm-none-eabi/lib/thumb/v7-m/nofp\libc_nano.a(lib_a-nano-svfprintf.o)
                              d:/mingw/gcc-arm-none-eabi-10.3-2021.10-win32/gcc-arm-none-eabi-10.3-2021.10/bin/../lib/gcc/arm-none-eabi/10.3.1/../../../../arm-none-eabi/lib/thumb/v7-m/nofp\libc_nano.a(lib_a-vsnprintf.o) (_svfprintf_r)
d:/mingw/gcc-arm-none-eabi-10.3-2021.10-win32/gcc-arm-none-eabi-10.3-2021.10/bin/../lib/gcc/arm-none-eabi/10.3.1/../../../../arm-none-eabi/lib/thumb/v7-m/nofp\libc_nano.a(lib_a-nano-vfprintf_i.o)
                              d:/mingw/gcc-arm-none-eabi-10.3-2021.10-win32/gcc-arm-none-eabi-10.3-2021.10/bin/../lib/gcc/arm-none-eabi/10.3.1/../../../../arm-none-eabi/lib/thumb/v7-m/nofp\libc_nano.a(lib_a-nano-svfprintf.o) (_printf_i)
d:/mingw/gcc-arm-none-eabi-10.3-2021.10-win32/gcc-arm-none-eabi-10.3-2021.10/bin/../lib/gcc/arm-none-eabi/10.3.1/../../../../arm-none-eabi/lib/thumb/v7-m/nofp\libc_nano.a(lib_a-memchr-stub.o)
                              d:/mingw/gcc-arm-none-eabi-10.3-2021.10-win32/gcc-arm-none-eabi-10.3-2021.10/bin/../lib/gcc/arm-none-eabi/10.3.1/../../../../arm-none-eabi/lib/thumb/v7-m/nofp\libc_nano.a(lib_a-nano-svfprintf.o) (memchr)
d:/mingw/gcc-arm-none-eabi-10.3-2021.10-win32/gcc-arm-none-eabi-10.3-2021.10/bin/../lib/gcc/arm-none-eabi/10.3.1/../../../../arm-none-eabi/lib/thumb/v7-m/nofp\libc_nano.a(lib_a-memmove.o)
                              d:/mingw/gcc-arm-none-eabi-10.3-2021.10-win32/gcc-arm-none-eabi-10.3-2021.10/bin/../lib/gcc/arm-none-eabi/10.3.1/../../../../arm-none-eabi/lib/thumb/v7-m/nofp\libc_nano.a(lib_a-nano-svfprintf.o) (memmove)
d:/mingw/gcc-arm-none-eabi-10.3-2021.10-win32/gcc-arm-none-eabi-10.3-2021.10/bin/../lib/gcc/arm-none-eabi/10.3.1/../../../../arm-none-eabi/lib/thumb/v7-m/nofp\libc_nano.a(lib_a-nano-freer.o)
[...]
Memory Configuration

Name             Origin             Length             Attributes
RAM              0x20000000         0x00010000         xrw
FLASH            0x08000000         0x00080000         xr
*default*        0x00000000         0xffffffff

Linker script and memory map

LOAD d:/mingw/gcc-arm-none-eabi-10.3-2021.10-win32/gcc-arm-none-eabi-10.3-2021.10/bin/../lib/gcc/arm-none-eabi/10.3.1/thumb/v7-m/nofp/crti.o
LOAD d:/mingw/gcc-arm-none-eabi-10.3-2021.10-win32/gcc-arm-none-eabi-10.3-2021.10/bin/../lib/gcc/arm-none-eabi/10.3.1/thumb/v7-m/nofp/crtbegin.o
LOAD d:/mingw/gcc-arm-none-eabi-10.3-2021.10-win32/gcc-arm-none-eabi-10.3-2021.10/bin/../lib/gcc/arm-none-eabi/10.3.1/../../../../arm-none-eabi/lib/thumb/v7-m/nofp/crt0.o
LOAD build/main.o
LOAD build/stm32f1xx_it.o
LOAD build/stm32f1xx_hal_msp.o
LOAD build/stm32f1xx_hal_gpio_ex.o
LOAD build/stm32f1xx_hal_spi.o
LOAD build/stm32f1xx_hal.o
LOAD build/stm32f1xx_hal_rcc.o
LOAD build/stm32f1xx_hal_rcc_ex.o
LOAD build/stm32f1xx_hal_gpio.o
LOAD build/stm32f1xx_hal_dma.o
LOAD build/stm32f1xx_hal_cortex.o
LOAD build/stm32f1xx_hal_pwr.o
LOAD build/stm32f1xx_hal_flash.o
LOAD build/stm32f1xx_hal_flash_ex.o
LOAD build/stm32f1xx_hal_exti.o
LOAD build/stm32f1xx_hal_tim.o
LOAD build/stm32f1xx_hal_tim_ex.o
LOAD build/stm32f1xx_hal_uart.o
LOAD build/system_stm32f1xx.o
LOAD build/gpio.o
LOAD build/spi.o
LOAD build/usart.o
LOAD build/dma.o
LOAD build/i2c.o
LOAD build/stm32f1xx_hal_i2c.o
LOAD build/ff.o
LOAD build/diskio.o
LOAD build/ffsystem.o
LOAD build/ffunicode.o
LOAD build/command.o
LOAD build/esp8266.o
LOAD build/flash.o
LOAD build/multi_button.o
LOAD build/soft_i2c.o
LOAD build/storage.o
LOAD build/startup_stm32f103xe.o
LOAD d:/mingw/gcc-arm-none-eabi-10.3-2021.10-win32/gcc-arm-none-eabi-10.3-2021.10/bin/../lib/gcc/arm-none-eabi/10.3.1/../../../../arm-none-eabi/lib/thumb/v7-m/nofp\libc_nano.a
LOAD d:/mingw/gcc-arm-none-eabi-10.3-2021.10-win32/gcc-arm-none-eabi-10.3-2021.10/bin/../lib/gcc/arm-none-eabi/10.3.1/../../../../arm-none-eabi/lib/thumb/v7-m/nofp\libm.a
LOAD d:/mingw/gcc-arm-none-eabi-10.3-2021.10-win32/gcc-arm-none-eabi-10.3-2021.10/bin/../lib/gcc/arm-none-eabi/10.3.1/../../../../arm-none-eabi/lib/thumb/v7-m/nofp\libnosys.a
START GROUP
LOAD d:/mingw/gcc-arm-none-eabi-10.3-2021.10-win32/gcc-arm-none-eabi-10.3-2021.10/bin/../lib/gcc/arm-none-eabi/10.3.1/thumb/v7-m/nofp\libgcc.a
LOAD d:/mingw/gcc-arm-none-eabi-10.3-2021.10-win32/gcc-arm-none-eabi-10.3-2021.10/bin/../lib/gcc/arm-none-eabi/10.3.1/../../../../arm-none-eabi/lib/thumb/v7-m/nofp\libc_nano.a
END GROUP
START GROUP
LOAD d:/mingw/gcc-arm-none-eabi-10.3-2021.10-win32/gcc-arm-none-eabi-10.3-2021.10/bin/../lib/gcc/arm-none-eabi/10.3.1/thumb/v7-m/nofp\libgcc.a
LOAD d:/mingw/gcc-arm-none-eabi-10.3-2021.10-win32/gcc-arm-none-eabi-10.3-2021.10/bin/../lib/gcc/arm-none-eabi/10.3.1/../../../../arm-none-eabi/lib/thumb/v7-m/nofp\libc_nano.a
END GROUP
LOAD d:/mingw/gcc-arm-none-eabi-10.3-2021.10-win32/gcc-arm-none-eabi-10.3-2021.10/bin/../lib/gcc/arm-none-eabi/10.3.1/thumb/v7-m/nofp/crtend.o
LOAD d:/mingw/gcc-arm-none-eabi-10.3-2021.10-win32/gcc-arm-none-eabi-10.3-2021.10/bin/../lib/gcc/arm-none-eabi/10.3.1/thumb/v7-m/nofp/crtn.o
                0x20010000                _estack = (ORIGIN (RAM) + LENGTH (RAM))
                0x00000200                _Min_Heap_Size = 0x200
                0x00000400                _Min_Stack_Size = 0x400

.isr_vector     0x08000000      0x1e4
                0x08000000                . = ALIGN (0x4)
 *(.isr_vector)
 .isr_vector    0x08000000      0x1e4 build/startup_stm32f103xe.o
                0x08000000                g_pfnVectors
                0x080001e4                . = ALIGN (0x4)

.text           0x080001e4     0x753c
                0x080001e4                . = ALIGN (0x4)
 *(.text)
 .text          0x080001e4       0x40 d:/mingw/gcc-arm-none-eabi-10.3-2021.10-win32/gcc-arm-none-eabi-10.3-2021.10/bin/../lib/gcc/arm-none-eabi/10.3.1/thumb/v7-m/nofp/crtbegin.o
 .text          0x08000224       0x10 d:/mingw/gcc-arm-none-eabi-10.3-2021.10-win32/gcc-arm-none-eabi-10.3-2021.10/bin/../lib/gcc/arm-none-eabi/10.3.1/../../../../arm-none-eabi/lib/thumb/v7-m/nofp\libc_nano.a(lib_a-strlen.o)
                0x08000224                strlen
 *(.text*)
 .text.UsbPrintf
                0x08000234       0x50 build/main.o
                0x08000234                UsbPrintf
 .text.Error_Handler
                0x08000284        0x4 build/main.o
                0x08000284                Error_Handler
 .text.SystemClock_Config
                0x08000288       0x64 build/main.o
                0x08000288                SystemClock_Config
 .text.main     0x080002ec      0x134 build/main.o
                0x080002ec                main
 .text.NMI_Handler
                0x08000420        0x2 build/stm32f1xx_it.o
                0x08000420                NMI_Handler
 .text.HardFault_Handler
                0x08000422        0x2 build/stm32f1xx_it.o
                0x08000422                HardFault_Handler
 .text.MemManage_Handler
                0x08000424        0x2 build/stm32f1xx_it.o
                0x08000424                MemManage_Handler
 .text.BusFault_Handler
                0x08000426        0x2 build/stm32f1xx_it.o
                0x08000426                BusFault_Handler
 .text.UsageFault_Handler
                0x08000428        0x2 build/stm32f1xx_it.o
                0x08000428                UsageFault_Handler
 .text.SVC_Handler
                0x0800042a        0x2 build/stm32f1xx_it.o
                0x0800042a                SVC_Handler
 .text.DebugMon_Handler
                0x0800042c        0x2 build/stm32f1xx_it.o
                0x0800042c                DebugMon_Handler
 .text.PendSV_Handler
                0x0800042e        0x2 build/stm32f1xx_it.o
                0x0800042e                PendSV_Handler
 .text.SysTick_Handler
                0x08000430        0x8 build/stm32f1xx_it.o
                0x08000430                SysTick_Handler
 .text.DMA1_Channel2_IRQHandler
                0x08000438       0x10 build/stm32f1xx_it.o
                0x08000438                DMA1_Channel2_IRQHandler
 .text.DMA1_Channel3_IRQHandler
                0x08000448       0x10 build/stm32f1xx_it.o
                0x08000448                DMA1_Channel3_IRQHandler
 .text.DMA1_Channel4_IRQHandler
                0x08000458       0x10 build/stm32f1xx_it.o
                0x08000458                DMA1_Channel4_IRQHandler
 .text.DMA1_Channel5_IRQHandler
                0x08000468       0x10 build/stm32f1xx_it.o
                0x08000468                DMA1_Channel5_IRQHandler
 .text.SPI1_IRQHandler
                0x08000478       0x10 build/stm32f1xx_it.o
                0x08000478                SPI1_IRQHandler
 .text.USART1_IRQHandler
                0x08000488       0x70 build/stm32f1xx_it.o
                0x08000488                USART1_IRQHandler
 .text.USART2_IRQHandler
                0x080004f8       0x10 build/stm32f1xx_it.o
                0x080004f8                USART2_IRQHandler
 .text.HAL_MspInit
                0x08000508       0x44 build/stm32f1xx_hal_msp.o
                0x08000508                HAL_MspInit
 .text.SPI_WaitFlagStateUntilTimeout
                0x0800054c       0xd4 build/stm32f1xx_hal_spi.o
 .text.SPI_EndRxTxTransaction
                0x08000620       0x44 build/stm32f1xx_hal_spi.o
 .text.SPI_EndRxTransaction
                0x08000664       0x74 build/stm32f1xx_hal_spi.o
 .text.HAL_SPI_Init
                0x080006d8       0xb6 build/stm32f1xx_hal_spi.o
                0x080006d8                HAL_SPI_Init
 .text.HAL_SPI_Transmit
                0x0800078e      0x1c4 build/stm32f1xx_hal_spi.o
                0x0800078e                HAL_SPI_Transmit
 .text.HAL_SPI_TransmitReceive
                0x08000952      0x254 build/stm32f1xx_hal_spi.o
                0x08000952                HAL_SPI_TransmitReceive
 .text.HAL_SPI_Receive
                0x08000ba6      0x188 build/stm32f1xx_hal_spi.o
                0x08000ba6                HAL_SPI_Receive
 .text.HAL_SPI_ErrorCallback
                0x08000d2e        0x2 build/stm32f1xx_hal_spi.o
                0x08000d2e                HAL_SPI_ErrorCallback
 .text.HAL_SPI_IRQHandler
                0x08000d30      0x108 build/stm32f1xx_hal_spi.o
                0x08000d30                HAL_SPI_IRQHandler
 .text.SPI_DMAAbortOnError
                0x08000e38       0x10 build/stm32f1xx_hal_spi.o
 .text.HAL_InitTick
                0x08000e48       0x4c build/stm32f1xx_hal.o
                0x08000e48                HAL_InitTick
 .text.HAL_Init
                0x08000e94       0x24 build/stm32f1xx_hal.o
                0x08000e94                HAL_Init
 .text.HAL_IncTick
                0x08000eb8       0x18 build/stm32f1xx_hal.o
                0x08000eb8                HAL_IncTick
 .text.HAL_GetTick
                0x08000ed0        0xc build/stm32f1xx_hal.o
                0x08000ed0                HAL_GetTick
 .text.HAL_Delay
                0x08000edc       0x28 build/stm32f1xx_hal.o
                0x08000edc                HAL_Delay
 .text.RCC_Delay
                0x08000f04       0x2c build/stm32f1xx_hal_rcc.o
 .text.HAL_RCC_OscConfig
                0x08000f30      0x410 build/stm32f1xx_hal_rcc.o
                0x08000f30                HAL_RCC_OscConfig
 .text.HAL_RCC_GetSysClockFreq
                0x08001340       0x54 build/stm32f1xx_hal_rcc.o
                0x08001340                HAL_RCC_GetSysClockFreq
 .text.HAL_RCC_ClockConfig
                0x08001394      0x16c build/stm32f1xx_hal_rcc.o
                0x08001394                HAL_RCC_ClockConfig
 .text.HAL_RCC_GetHCLKFreq
                0x08001500        0xc build/stm32f1xx_hal_rcc.o
                0x08001500                HAL_RCC_GetHCLKFreq
 .text.HAL_RCC_GetPCLK1Freq
                0x0800150c       0x20 build/stm32f1xx_hal_rcc.o
                0x0800150c                HAL_RCC_GetPCLK1Freq
 .text.HAL_RCC_GetPCLK2Freq
                0x0800152c       0x20 build/stm32f1xx_hal_rcc.o
                0x0800152c                HAL_RCC_GetPCLK2Freq
 .text.HAL_GPIO_Init
                0x0800154c      0x240 build/stm32f1xx_hal_gpio.o
                0x0800154c                HAL_GPIO_Init
 .text.HAL_GPIO_ReadPin
                0x0800178c        0xe build/stm32f1xx_hal_gpio.o
                0x0800178c                HAL_GPIO_ReadPin
 .text.HAL_GPIO_WritePin
                0x0800179a        0xc build/stm32f1xx_hal_gpio.o
                0x0800179a                HAL_GPIO_WritePin
 .text.HAL_GPIO_TogglePin
                0x080017a6       0x12 build/stm32f1xx_hal_gpio.o
                0x080017a6                HAL_GPIO_TogglePin
 .text.DMA_SetConfig
                0x080017b8       0x2c build/stm32f1xx_hal_dma.o
 .text.HAL_DMA_Init
                0x080017e4       0x98 build/stm32f1xx_hal_dma.o
                0x080017e4                HAL_DMA_Init
 .text.HAL_DMA_Start_IT
                0x0800187c       0x76 build/stm32f1xx_hal_dma.o
                0x0800187c                HAL_DMA_Start_IT
 .text.HAL_DMA_Abort
                0x080018f2       0x46 build/stm32f1xx_hal_dma.o
                0x080018f2                HAL_DMA_Abort
 .text.HAL_DMA_Abort_IT
                0x08001938      0x16c build/stm32f1xx_hal_dma.o
                0x08001938                HAL_DMA_Abort_IT
 .text.HAL_DMA_IRQHandler
                0x08001aa4      0x2ec build/stm32f1xx_hal_dma.o
                0x08001aa4                HAL_DMA_IRQHandler
 .text.HAL_NVIC_SetPriorityGrouping
                0x08001d90       0x24 build/stm32f1xx_hal_cortex.o
                0x08001d90                HAL_NVIC_SetPriorityGrouping
 .text.HAL_NVIC_SetPriority
                0x08001db4       0x70 build/stm32f1xx_hal_cortex.o
                0x08001db4                HAL_NVIC_SetPriority
 .text.HAL_NVIC_EnableIRQ
                0x08001e24       0x1c build/stm32f1xx_hal_cortex.o
                0x08001e24                HAL_NVIC_EnableIRQ
 .text.HAL_SYSTICK_Config
                0x08001e40       0x28 build/stm32f1xx_hal_cortex.o
                0x08001e40                HAL_SYSTICK_Config
 .text.UART_EndTxTransfer
                0x08001e68       0x20 build/stm32f1xx_hal_uart.o
 .text.UART_EndRxTransfer
                0x08001e88       0x5c build/stm32f1xx_hal_uart.o
 .text.UART_Transmit_IT
                0x08001ee4       0x60 build/stm32f1xx_hal_uart.o
 .text.UART_SetConfig
                0x08001f44       0x94 build/stm32f1xx_hal_uart.o
 .text.UART_WaitOnFlagUntilTimeout
                0x08001fd8       0x8a build/stm32f1xx_hal_uart.o
 .text.HAL_UART_Init
                0x08002062       0x60 build/stm32f1xx_hal_uart.o
                0x08002062                HAL_UART_Init
 .text.HAL_UART_Transmit
                0x080020c2       0xcc build/stm32f1xx_hal_uart.o
                0x080020c2                HAL_UART_Transmit
 .text.HAL_UART_DMAStop
                0x0800218e       0x84 build/stm32f1xx_hal_uart.o
                0x0800218e                HAL_UART_DMAStop
 .text.HAL_UART_TxCpltCallback
                0x08002212        0x2 build/stm32f1xx_hal_uart.o
                0x08002212                HAL_UART_TxCpltCallback
 .text.UART_EndTransmit_IT
                0x08002214       0x1a build/stm32f1xx_hal_uart.o
 .text.HAL_UART_RxCpltCallback
                0x0800222e        0x2 build/stm32f1xx_hal_uart.o
                0x0800222e                HAL_UART_RxCpltCallback
 .text.HAL_UART_RxHalfCpltCallback
                0x08002230        0x2 build/stm32f1xx_hal_uart.o
                0x08002230                HAL_UART_RxHalfCpltCallback
 .text.HAL_UART_ErrorCallback
                0x08002232        0x2 build/stm32f1xx_hal_uart.o
                0x08002232                HAL_UART_ErrorCallback
 .text.UART_DMAError
                0x08002234       0x58 build/stm32f1xx_hal_uart.o
 .text.UART_DMAAbortOnError
                0x0800228c       0x10 build/stm32f1xx_hal_uart.o
 .text.HAL_UARTEx_RxEventCallback
                0x0800229c        0x2 build/stm32f1xx_hal_uart.o
                0x0800229c                HAL_UARTEx_RxEventCallback
 .text.UART_Receive_IT
                0x0800229e       0xe6 build/stm32f1xx_hal_uart.o
 .text.HAL_UART_IRQHandler
                0x08002384      0x288 build/stm32f1xx_hal_uart.o
                0x08002384                HAL_UART_IRQHandler
 .text.UART_DMARxHalfCplt
                0x0800260c       0x1e build/stm32f1xx_hal_uart.o
 .text.UART_DMAReceiveCplt
                0x0800262a       0x9a build/stm32f1xx_hal_uart.o
 .text.UART_Start_Receive_DMA
                0x080026c4       0xa4 build/stm32f1xx_hal_uart.o
                0x080026c4                UART_Start_Receive_DMA
 .text.HAL_UART_Receive_DMA
                0x08002768       0x26 build/stm32f1xx_hal_uart.o
                0x08002768                HAL_UART_Receive_DMA
 .text.SystemInit
                0x0800278e        0x2 build/system_stm32f1xx.o
                0x0800278e                SystemInit
 .text.MX_GPIO_Init
                0x08002790       0xa0 build/gpio.o
                0x08002790                MX_GPIO_Init
 .text.MX_SPI1_Init
                0x08002830       0x48 build/spi.o
                0x08002830                MX_SPI1_Init
 .text.MX_SPI2_Init
                0x08002878       0x44 build/spi.o
                0x08002878                MX_SPI2_Init
 .text.HAL_SPI_MspInit
                0x080028bc      0x154 build/spi.o
                0x080028bc                HAL_SPI_MspInit
 .text.MX_USART1_UART_Init
                0x08002a10       0x40 build/usart.o
                0x08002a10                MX_USART1_UART_Init
 .text.MX_USART2_UART_Init
                0x08002a50       0x34 build/usart.o
                0x08002a50                MX_USART2_UART_Init
 .text.HAL_UART_MspInit
                0x08002a84      0x164 build/usart.o
                0x08002a84                HAL_UART_MspInit
 .text.USART1_DMA_StartRx
                0x08002be8       0x18 build/usart.o
                0x08002be8                USART1_DMA_StartRx
 .text.MX_DMA_Init
                0x08002c00       0x64 build/dma.o
                0x08002c00                MX_DMA_Init
 .text.MX_I2C1_Init
                0x08002c64       0x3c build/i2c.o
                0x08002c64                MX_I2C1_Init
 .text.HAL_I2C_MspInit
                0x08002ca0       0x64 build/i2c.o
                0x08002ca0                HAL_I2C_MspInit
 .text.HAL_I2C_Init
                0x08002d04      0x1bc build/stm32f1xx_hal_i2c.o
                0x08002d04                HAL_I2C_Init
 .text.ld_16    0x08002ec0        0xa build/ff.o
 .text.ld_32    0x08002eca       0x16 build/ff.o
 .text.st_16    0x08002ee0        0x8 build/ff.o
 .text.st_32    0x08002ee8       0x14 build/ff.o
 .text.dbc_1st  0x08002efc       0x1a build/ff.o
 .text.dbc_2nd  0x08002f16       0x28 build/ff.o
 .text.clst2sect
                0x08002f3e       0x18 build/ff.o
 .text.ld_clust
                0x08002f56       0x26 build/ff.o
 .text.st_clust
                0x08002f7c       0x26 build/ff.o
 *fill*         0x08002fa2        0x2 
 .text.put_lfn  0x08002fa4       0x78 build/ff.o
 .text.sum_sfn  0x0800301c       0x1c build/ff.o
 .text.get_ldnumber
                0x08003038       0x52 build/ff.o
 .text.validate
                0x0800308a       0x46 build/ff.o
 .text.sync_window
                0x080030d0       0x48 build/ff.o
 .text.move_window
                0x08003118       0x36 build/ff.o
 *fill*         0x0800314e        0x2 
 .text.check_fs
                0x08003150       0xd4 build/ff.o
 .text.find_volume
                0x08003224       0x70 build/ff.o
 .text.mount_volume
                0x08003294      0x2a8 build/ff.o
 .text.put_fat  0x0800353c      0x114 build/ff.o
 .text.get_fat  0x08003650       0xd2 build/ff.o
 .text.dir_sdi  0x08003722       0xac build/ff.o
 .text.create_chain
                0x080037ce      0x118 build/ff.o
 .text.remove_chain
                0x080038e6       0x7e build/ff.o
 .text.dir_clear
                0x08003964       0x52 build/ff.o
 .text.dir_next
                0x080039b6       0xc8 build/ff.o
 .text.dir_alloc
                0x08003a7e       0x50 build/ff.o
 *fill*         0x08003ace        0x2 
 .text.cmp_lfn  0x08003ad0       0xa0 build/ff.o
 .text.dir_find
                0x08003b70       0xe6 build/ff.o
 .text.put_utf  0x08003c56       0x38 build/ff.o
 .text.get_fileinfo
                0x08003c8e      0x136 build/ff.o
 .text.tchar2uni
                0x08003dc4       0x4a build/ff.o
 *fill*         0x08003e0e        0x2 
 .text.create_name
                0x08003e10      0x23c build/ff.o
 .text.follow_path
                0x0800404c       0x8c build/ff.o
 .text.gen_numname
                0x080040d8       0xca build/ff.o
 *fill*         0x080041a2        0x2 
 .text.dir_register
                0x080041a4      0x148 build/ff.o
 .text.sync_fs  0x080042ec       0x8c build/ff.o
 .text.create_partition
                0x08004378      0x13c build/ff.o
 .text.f_mount  0x080044b4       0x58 build/ff.o
                0x080044b4                f_mount
 .text.f_open   0x0800450c      0x204 build/ff.o
                0x0800450c                f_open
 .text.f_read   0x08004710      0x1b6 build/ff.o
                0x08004710                f_read
 .text.f_write  0x080048c6      0x1f6 build/ff.o
                0x080048c6                f_write
 .text.f_sync   0x08004abc       0x94 build/ff.o
                0x08004abc                f_sync
 .text.f_close  0x08004b50       0x20 build/ff.o
                0x08004b50                f_close
 .text.f_stat   0x08004b70       0x56 build/ff.o
                0x08004b70                f_stat
 *fill*         0x08004bc6        0x2 
 .text.f_mkfs   0x08004bc8      0x65c build/ff.o
                0x08004bc8                f_mkfs
 .text.Diskio_Print
                0x08005224       0x38 build/diskio.o
                0x08005224                Diskio_Print
 .text.disk_initialize
                0x0800525c       0x70 build/diskio.o
                0x0800525c                disk_initialize
 .text.disk_status
                0x080052cc       0x10 build/diskio.o
                0x080052cc                disk_status
 .text.disk_read
                0x080052dc       0x84 build/diskio.o
                0x080052dc                disk_read
 .text.disk_write_any
                0x08005360      0x124 build/diskio.o
                0x08005360                disk_write_any
 .text.disk_write
                0x08005484       0x34 build/diskio.o
                0x08005484                disk_write
 .text.disk_ioctl
                0x080054b8       0x98 build/diskio.o
                0x080054b8                disk_ioctl
 .text.ff_uni2oem
                0x08005550       0x64 build/ffunicode.o
                0x08005550                ff_uni2oem
 .text.ff_oem2uni
                0x080055b4       0x54 build/ffunicode.o
                0x080055b4                ff_oem2uni
 .text.ff_wtoupper
                0x08005608       0xa0 build/ffunicode.o
                0x08005608                ff_wtoupper
 .text.AT_HELP_Handle
                0x080056a8       0x54 build/command.o
                0x080056a8                AT_HELP_Handle
 .text.AT_TEST_Handle
                0x080056fc       0x10 build/command.o
                0x080056fc                AT_TEST_Handle
 .text.AT_FATFS_MOUNT_Handle
                0x0800570c       0x3c build/command.o
                0x0800570c                AT_FATFS_MOUNT_Handle
 .text.AT_FATFS_READ_Handle
                0x08005748       0xd4 build/command.o
                0x08005748                AT_FATFS_READ_Handle
 .text.AT_FATFS_WRITE_Handle
                0x0800581c      0x114 build/command.o
                0x0800581c                AT_FATFS_WRITE_Handle
 .text.strSearch
                0x08005930       0x4a build/command.o
                0x08005930                strSearch
 *fill*         0x0800597a        0x2 
 .text.CheckCommandList
                0x0800597c       0xd4 build/command.o
                0x0800597c                CheckCommandList
 .text.Flash_Print
                0x08005a50       0x38 build/flash.o
                0x08005a50                Flash_Print
 .text.W25Q64_ReadID
                0x08005a88       0xb0 build/flash.o
                0x08005a88                W25Q64_ReadID
 .text.W25Q64_WriteEnable
                0x08005b38       0x68 build/flash.o
                0x08005b38                W25Q64_WriteEnable
 .text.W25Q64_WriteDisable
                0x08005ba0       0x68 build/flash.o
                0x08005ba0                W25Q64_WriteDisable
 .text.W25Q64_Init
                0x08005c08       0x24 build/flash.o
                0x08005c08                W25Q64_Init
 .text.W25Q64_ReadData
                0x08005c2c       0xf8 build/flash.o
                0x08005c2c                W25Q64_ReadData
 .text.W25Q64_ReadStatus
                0x08005d24      0x174 build/flash.o
                0x08005d24                W25Q64_ReadStatus
 .text.W25Q64_WritePage
                0x08005e98      0x208 build/flash.o
                0x08005e98                W25Q64_WritePage
 .text.W25Q64_EraseSector
                0x080060a0      0x188 build/flash.o
                0x080060a0                W25Q64_EraseSector
 .text.W25Q64_ReadWriteTest
                0x08006228      0x220 build/flash.o
                0x08006228                W25Q64_ReadWriteTest
 .text.button_handler
                0x08006448      0x224 build/multi_button.o
 .text.read_button_GPIO
                0x0800666c       0x5c build/multi_button.o
                0x0800666c                read_button_GPIO
 .text.BTN1_LONG_PRESS_START_Handler
                0x080066c8       0x10 build/multi_button.o
                0x080066c8                BTN1_LONG_PRESS_START_Handler
 .text.BTN1_DOUBLE_CLICK_Handler
                0x080066d8       0x10 build/multi_button.o
                0x080066d8                BTN1_DOUBLE_CLICK_Handler
 .text.BTN2_DOUBLE_CLICK_Handler
                0x080066e8       0x10 build/multi_button.o
                0x080066e8                BTN2_DOUBLE_CLICK_Handler
 .text.BTN1_SINGLE_CLICK_Handler
                0x080066f8       0x1c build/multi_button.o
                0x080066f8                BTN1_SINGLE_CLICK_Handler
 .text.BTN2_PRESS_DOWN_Handler
                0x08006714       0x1c build/multi_button.o
                0x08006714                BTN2_PRESS_DOWN_Handler
 .text.button_init
                0x08006730       0x38 build/multi_button.o
                0x08006730                button_init
 .text.button_attach
                0x08006768        0xa build/multi_button.o
                0x08006768                button_attach
 *fill*         0x08006772        0x2 
 .text.button_start
                0x08006774       0x24 build/multi_button.o
                0x08006774                button_start
 .text.button_ticks
                0x08006798       0x1c build/multi_button.o
                0x08006798                button_ticks
 .text.Button_Manage
                0x080067b4       0x80 build/multi_button.o
                0x080067b4                Button_Manage
 .text.Storage_Print
                0x08006834       0x38 build/storage.o
                0x08006834                Storage_Print
 .text.Storage_Format
                0x0800686c       0x8c build/storage.o
                0x0800686c                Storage_Format
 .text.Storage_Init
                0x080068f8       0xb8 build/storage.o
                0x080068f8                Storage_Init
 .text.calculateChecksum
                0x080069b0       0x16 build/storage.o
                0x080069b0                calculateChecksum
 *fill*         0x080069c6        0x2 
 .text.Storage_WriteFileWithCrc
                0x080069c8      0x128 build/storage.o
                0x080069c8                Storage_WriteFileWithCrc
 .text.Storage_GetFileSize
                0x08006af0       0x70 build/storage.o
                0x08006af0                Storage_GetFileSize
 .text.Storage_ReadFileWithCrc
                0x08006b60       0xc4 build/storage.o
                0x08006b60                Storage_ReadFileWithCrc
 .text.Storage_ReadFileData
                0x08006c24       0xc4 build/storage.o
                0x08006c24                Storage_ReadFileData
 .text.Reset_Handler
                0x08006ce8       0x48 build/startup_stm32f103xe.o
                0x08006ce8                Reset_Handler
 .text.Default_Handler
                0x08006d30        0x2 build/startup_stm32f103xe.o
                0x08006d30                RTC_Alarm_IRQHandler
                0x08006d30                EXTI2_IRQHandler
                0x08006d30                TIM8_TRG_COM_IRQHandler
                0x08006d30                TIM8_CC_IRQHandler
                0x08006d30                TIM1_CC_IRQHandler
                0x08006d30                TIM6_IRQHandler
                0x08006d30                PVD_IRQHandler
                0x08006d30                SDIO_IRQHandler
                0x08006d30                EXTI3_IRQHandler
                0x08006d30                EXTI0_IRQHandler
                0x08006d30                I2C2_EV_IRQHandler
                0x08006d30                ADC1_2_IRQHandler
                0x08006d30                TAMPER_IRQHandler
                0x08006d30                TIM8_UP_IRQHandler
                0x08006d30                DMA2_Channel2_IRQHandler
                0x08006d30                USART3_IRQHandler
                0x08006d30                RTC_IRQHandler
                0x08006d30                DMA1_Channel7_IRQHandler
                0x08006d30                CAN1_RX1_IRQHandler
                0x08006d30                UART5_IRQHandler
                0x08006d30                ADC3_IRQHandler
                0x08006d30                TIM4_IRQHandler
                0x08006d30                DMA2_Channel1_IRQHandler
                0x08006d30                I2C1_EV_IRQHandler
                0x08006d30                DMA1_Channel6_IRQHandler
                0x08006d30                UART4_IRQHandler
                0x08006d30                TIM3_IRQHandler
                0x08006d30                RCC_IRQHandler
                0x08006d30                TIM1_TRG_COM_IRQHandler
                0x08006d30                DMA1_Channel1_IRQHandler
                0x08006d30                Default_Handler
                0x08006d30                EXTI15_10_IRQHandler
                0x08006d30                TIM7_IRQHandler
                0x08006d30                TIM5_IRQHandler
                0x08006d30                EXTI9_5_IRQHandler
                0x08006d30                SPI2_IRQHandler
                0x08006d30                EXTI4_IRQHandler
                0x08006d30                USB_LP_CAN1_RX0_IRQHandler
                0x08006d30                USB_HP_CAN1_TX_IRQHandler
                0x08006d30                FSMC_IRQHandler
                0x08006d30                TIM1_UP_IRQHandler
                0x08006d30                WWDG_IRQHandler
                0x08006d30                TIM2_IRQHandler
                0x08006d30                TIM1_BRK_IRQHandler
                0x08006d30                EXTI1_IRQHandler
                0x08006d30                DMA2_Channel4_5_IRQHandler
                0x08006d30                I2C2_ER_IRQHandler
                0x08006d30                TIM8_BRK_IRQHandler
                0x08006d30                CAN1_SCE_IRQHandler
                0x08006d30                FLASH_IRQHandler
                0x08006d30                SPI3_IRQHandler
                0x08006d30                I2C1_ER_IRQHandler
                0x08006d30                USBWakeUp_IRQHandler
                0x08006d30                DMA2_Channel3_IRQHandler
 *fill*         0x08006d32        0x2 
 .text.__libc_init_array
                0x08006d34       0x48 d:/mingw/gcc-arm-none-eabi-10.3-2021.10-win32/gcc-arm-none-eabi-10.3-2021.10/bin/../lib/gcc/arm-none-eabi/10.3.1/../../../../arm-none-eabi/lib/thumb/v7-m/nofp\libc_nano.a(lib_a-init.o)
                0x08006d34                __libc_init_array
 .text.memcmp   0x08006d7c       0x20 d:/mingw/gcc-arm-none-eabi-10.3-2021.10-win32/gcc-arm-none-eabi-10.3-2021.10/bin/../lib/gcc/arm-none-eabi/10.3.1/../../../../arm-none-eabi/lib/thumb/v7-m/nofp\libc_nano.a(lib_a-memcmp.o)
                0x08006d7c                memcmp
 .text.memcpy   0x08006d9c       0x1c d:/mingw/gcc-arm-none-eabi-10.3-2021.10-win32/gcc-arm-none-eabi-10.3-2021.10/bin/../lib/gcc/arm-none-eabi/10.3.1/../../../../arm-none-eabi/lib/thumb/v7-m/nofp\libc_nano.a(lib_a-memcpy-stub.o)
                0x08006d9c                memcpy
 .text.memset   0x08006db8       0x10 d:/mingw/gcc-arm-none-eabi-10.3-2021.10-win32/gcc-arm-none-eabi-10.3-2021.10/bin/../lib/gcc/arm-none-eabi/10.3.1/../../../../arm-none-eabi/lib/thumb/v7-m/nofp\libc_nano.a(lib_a-memset.o)
                0x08006db8                memset
 .text.strchr   0x08006dc8       0x1a d:/mingw/gcc-arm-none-eabi-10.3-2021.10-win32/gcc-arm-none-eabi-10.3-2021.10/bin/../lib/gcc/arm-none-eabi/10.3.1/../../../../arm-none-eabi/lib/thumb/v7-m/nofp\libc_nano.a(lib_a-strchr.o)
                0x08006dc8                strchr
 .text._vsnprintf_r
                0x08006de2       0x56 d:/mingw/gcc-arm-none-eabi-10.3-2021.10-win32/gcc-arm-none-eabi-10.3-2021.10/bin/../lib/gcc/arm-none-eabi/10.3.1/../../../../arm-none-eabi/lib/thumb/v7-m/nofp\libc_nano.a(lib_a-vsnprintf.o)
                0x08006de2                _vsniprintf_r
                0x08006de2                _vsnprintf_r
 .text.vsnprintf
                0x08006e38       0x1c d:/mingw/gcc-arm-none-eabi-10.3-2021.10-win32/gcc-arm-none-eabi-10.3-2021.10/bin/../lib/gcc/arm-none-eabi/10.3.1/../../../../arm-none-eabi/lib/thumb/v7-m/nofp\libc_nano.a(lib_a-vsnprintf.o)
                0x08006e38                vsniprintf
                0x08006e38                vsnprintf
 .text.__ssputs_r
                0x08006e54       0xb6 d:/mingw/gcc-arm-none-eabi-10.3-2021.10-win32/gcc-arm-none-eabi-10.3-2021.10/bin/../lib/gcc/arm-none-eabi/10.3.1/../../../../arm-none-eabi/lib/thumb/v7-m/nofp\libc_nano.a(lib_a-nano-svfprintf.o)
                0x08006e54                __ssputs_r
 *fill*         0x08006f0a        0x2 
 .text._svfprintf_r
                0x08006f0c      0x200 d:/mingw/gcc-arm-none-eabi-10.3-2021.10-win32/gcc-arm-none-eabi-10.3-2021.10/bin/../lib/gcc/arm-none-eabi/10.3.1/../../../../arm-none-eabi/lib/thumb/v7-m/nofp\libc_nano.a(lib_a-nano-svfprintf.o)
                0x08006f0c                _svfiprintf_r
                0x08006f0c                _svfprintf_r
 .text._printf_common
                0x0800710c       0xde d:/mingw/gcc-arm-none-eabi-10.3-2021.10-win32/gcc-arm-none-eabi-10.3-2021.10/bin/../lib/gcc/arm-none-eabi/10.3.1/../../../../arm-none-eabi/lib/thumb/v7-m/nofp\libc_nano.a(lib_a-nano-vfprintf_i.o)
                0x0800710c                _printf_common
 *fill*         0x080071ea        0x2 
 .text._printf_i
                0x080071ec      0x24c d:/mingw/gcc-arm-none-eabi-10.3-2021.10-win32/gcc-arm-none-eabi-10.3-2021.10/bin/../lib/gcc/arm-none-eabi/10.3.1/../../../../arm-none-eabi/lib/thumb/v7-m/nofp\libc_nano.a(lib_a-nano-vfprintf_i.o)
                0x080071ec                _printf_i
 .text.memchr   0x08007438       0x1c d:/mingw/gcc-arm-none-eabi-10.3-2021.10-win32/gcc-arm-none-eabi-10.3-2021.10/bin/../lib/gcc/arm-none-eabi/10.3.1/../../../../arm-none-eabi/lib/thumb/v7-m/nofp\libc_nano.a(lib_a-memchr-stub.o)
                0x08007438                memchr
 .text.memmove  0x08007454       0x34 d:/mingw/gcc-arm-none-eabi-10.3-2021.10-win32/gcc-arm-none-eabi-10.3-2021.10/bin/../lib/gcc/arm-none-eabi/10.3.1/../../../../arm-none-eabi/lib/thumb/v7-m/nofp\libc_nano.a(lib_a-memmove.o)
                0x08007454                memmove
 .text._free_r  0x08007488       0x90 d:/mingw/gcc-arm-none-eabi-10.3-2021.10-win32/gcc-arm-none-eabi-10.3-2021.10/bin/../lib/gcc/arm-none-eabi/10.3.1/../../../../arm-none-eabi/lib/thumb/v7-m/nofp\libc_nano.a(lib_a-nano-freer.o)
                0x08007488                _free_r
 .text.sbrk_aligned
                0x08007518       0x40 d:/mingw/gcc-arm-none-eabi-10.3-2021.10-win32/gcc-arm-none-eabi-10.3-2021.10/bin/../lib/gcc/arm-none-eabi/10.3.1/../../../../arm-none-eabi/lib/thumb/v7-m/nofp\libc_nano.a(lib_a-nano-mallocr.o)
 .text._malloc_r
                0x08007558       0xe8 d:/mingw/gcc-arm-none-eabi-10.3-2021.10-win32/gcc-arm-none-eabi-10.3-2021.10/bin/../lib/gcc/arm-none-eabi/10.3.1/../../../../arm-none-eabi/lib/thumb/v7-m/nofp\libc_nano.a(lib_a-nano-mallocr.o)
                0x08007558                _malloc_r
 .text._realloc_r
                0x08007640       0x5e d:/mingw/gcc-arm-none-eabi-10.3-2021.10-win32/gcc-arm-none-eabi-10.3-2021.10/bin/../lib/gcc/arm-none-eabi/10.3.1/../../../../arm-none-eabi/lib/thumb/v7-m/nofp\libc_nano.a(lib_a-nano-reallocr.o)
                0x08007640                _realloc_r
 *fill*         0x0800769e        0x2 
 .text._sbrk_r  0x080076a0       0x20 d:/mingw/gcc-arm-none-eabi-10.3-2021.10-win32/gcc-arm-none-eabi-10.3-2021.10/bin/../lib/gcc/arm-none-eabi/10.3.1/../../../../arm-none-eabi/lib/thumb/v7-m/nofp\libc_nano.a(lib_a-sbrkr.o)
                0x080076a0                _sbrk_r
 .text.__malloc_lock
                0x080076c0        0xc d:/mingw/gcc-arm-none-eabi-10.3-2021.10-win32/gcc-arm-none-eabi-10.3-2021.10/bin/../lib/gcc/arm-none-eabi/10.3.1/../../../../arm-none-eabi/lib/thumb/v7-m/nofp\libc_nano.a(lib_a-mlock.o)
                0x080076c0                __malloc_lock
 .text.__malloc_unlock
                0x080076cc        0xc d:/mingw/gcc-arm-none-eabi-10.3-2021.10-win32/gcc-arm-none-eabi-10.3-2021.10/bin/../lib/gcc/arm-none-eabi/10.3.1/../../../../arm-none-eabi/lib/thumb/v7-m/nofp\libc_nano.a(lib_a-mlock.o)
                0x080076cc                __malloc_unlock
 .text._malloc_usable_size_r
                0x080076d8       0x10 d:/mingw/gcc-arm-none-eabi-10.3-2021.10-win32/gcc-arm-none-eabi-10.3-2021.10/bin/../lib/gcc/arm-none-eabi/10.3.1/../../../../arm-none-eabi/lib/thumb/v7-m/nofp\libc_nano.a(lib_a-nano-msizer.o)
                0x080076d8                _malloc_usable_size_r
 .text.__retarget_lock_acquire_recursive
                0x080076e8        0x2 d:/mingw/gcc-arm-none-eabi-10.3-2021.10-win32/gcc-arm-none-eabi-10.3-2021.10/bin/../lib/gcc/arm-none-eabi/10.3.1/../../../../arm-none-eabi/lib/thumb/v7-m/nofp\libc_nano.a(lib_a-lock.o)
                0x080076e8                __retarget_lock_acquire_recursive
 .text.__retarget_lock_release_recursive
                0x080076ea        0x2 d:/mingw/gcc-arm-none-eabi-10.3-2021.10-win32/gcc-arm-none-eabi-10.3-2021.10/bin/../lib/gcc/arm-none-eabi/10.3.1/../../../../arm-none-eabi/lib/thumb/v7-m/nofp\libc_nano.a(lib_a-lock.o)
                0x080076ea                __retarget_lock_release_recursive
 .text._sbrk    0x080076ec       0x1c d:/mingw/gcc-arm-none-eabi-10.3-2021.10-win32/gcc-arm-none-eabi-10.3-2021.10/bin/../lib/gcc/arm-none-eabi/10.3.1/../../../../arm-none-eabi/lib/thumb/v7-m/nofp\libnosys.a(sbrk.o)
                0x080076ec                _sbrk
 *(.glue_7)
 .glue_7        0x08007708        0x0 linker stubs
 *(.glue_7t)
 .glue_7t       0x08007708        0x0 linker stubs
 *(.eh_frame)
 .eh_frame      0x08007708        0x0 d:/mingw/gcc-arm-none-eabi-10.3-2021.10-win32/gcc-arm-none-eabi-10.3-2021.10/bin/../lib/gcc/arm-none-eabi/10.3.1/thumb/v7-m/nofp/crtbegin.o
 *(.init)
 .init          0x08007708        0x4 d:/mingw/gcc-arm-none-eabi-10.3-2021.10-win32/gcc-arm-none-eabi-10.3-2021.10/bin/../lib/gcc/arm-none-eabi/10.3.1/thumb/v7-m/nofp/crti.o
                0x08007708                _init
 .init          0x0800770c        0x8 d:/mingw/gcc-arm-none-eabi-10.3-2021.10-win32/gcc-arm-none-eabi-10.3-2021.10/bin/../lib/gcc/arm-none-eabi/10.3.1/thumb/v7-m/nofp/crtn.o
 *(.fini)
 .fini          0x08007714        0x4 d:/mingw/gcc-arm-none-eabi-10.3-2021.10-win32/gcc-arm-none-eabi-10.3-2021.10/bin/../lib/gcc/arm-none-eabi/10.3.1/thumb/v7-m/nofp/crti.o
                0x08007714                _fini
 .fini          0x08007718        0x8 d:/mingw/gcc-arm-none-eabi-10.3-2021.10-win32/gcc-arm-none-eabi-10.3-2021.10/bin/../lib/gcc/arm-none-eabi/10.3.1/thumb/v7-m/nofp/crtn.o
                0x08007720                . = ALIGN (0x4)
                0x08007720                _etext = .

.vfp11_veneer   0x08007720        0x0
 .vfp11_veneer  0x08007720        0x0 linker stubs

.v4_bx          0x08007720        0x0
 .v4_bx         0x08007720        0x0 linker stubs

.iplt           0x08007720        0x0
 .iplt          0x08007720        0x0 d:/mingw/gcc-arm-none-eabi-10.3-2021.10-win32/gcc-arm-none-eabi-10.3-2021.10/bin/../lib/gcc/arm-none-eabi/10.3.1/thumb/v7-m/nofp/crtbegin.o

.rodata         0x08007720    0x2c9f8
                0x08007720                . = ALIGN (0x4)
 *(.rodata)
 *(.rodata*)
 .rodata.main.str1.4
                0x08007720      0x146 build/main.o
 *fill*         0x08007866        0x2 
 .rodata.aPLLMULFactorTable.1
                0x08007868       0x10 build/stm32f1xx_hal_rcc.o
 .rodata.aPredivFactorTable.0
                0x08007878        0x2 build/stm32f1xx_hal_rcc.o
 *fill*         0x0800787a        0x2 
 .rodata.AHBPrescTable
                0x0800787c       0x10 build/system_stm32f1xx.o
                0x0800787c                AHBPrescTable
 .rodata.APBPrescTable
                0x0800788c        0x8 build/system_stm32f1xx.o
                0x0800788c                APBPrescTable
 .rodata.check_fs.str1.4
                0x08007894        0x9 build/ff.o
 *fill*         0x0800789d        0x3 
 .rodata.create_name.str1.4
                0x080078a0       0x13 build/ff.o
 *fill*         0x080078b3        0x1 
 .rodata.f_mkfs.str1.4
                0x080078b4       0x34 build/ff.o
 .rodata.LfnOfs
                0x080078e8        0xd build/ff.o
 *fill*         0x080078f5        0x3 
 .rodata.cst.0  0x080078f8        0xe build/ff.o
 *fill*         0x08007906        0x2 
 .rodata.cst32.1
                0x08007908        0xe build/ff.o
 *fill*         0x08007916        0x2 
 .rodata.defopt.2
                0x08007918       0x10 build/ff.o
 .rodata.disk_initialize.str1.4
                0x08007928       0x8c build/diskio.o
 .rodata.disk_read.str1.4
                0x080079b4       0x7f build/diskio.o
 *fill*         0x08007a33        0x1 
 .rodata.disk_write_any.str1.4
                0x08007a34       0xba build/diskio.o
 *fill*         0x08007aee        0x2 
 .rodata.disk_write.str1.4
                0x08007af0       0x22 build/diskio.o
 *fill*         0x08007b12        0x2 
 .rodata.disk_ioctl.str1.4
                0x08007b14       0xaf build/diskio.o
 *fill*         0x08007bc3        0x1 
 .rodata.cvt1.1
                0x08007bc4      0x1f2 build/ffunicode.o
 *fill*         0x08007db6        0x2 
 .rodata.cvt2.0
                0x08007db8       0xbc build/ffunicode.o
 .rodata.oem2uni936
                0x08007e74    0x15484 build/ffunicode.o
 .rodata.uni2oem936
                0x0801d2f8    0x15484 build/ffunicode.o
 .rodata.AT_HELP_Handle.str1.4
                0x0803277c       0x62 build/command.o
 *fill*         0x080327de        0x2 
 .rodata.AT_TEST_Handle.str1.4
                0x080327e0       0x29 build/command.o
 *fill*         0x08032809        0x3 
 .rodata.AT_FATFS_MOUNT_Handle.str1.4
                0x0803280c       0xa0 build/command.o
 .rodata.AT_FATFS_READ_Handle.str1.4
                0x080328ac      0x1dc build/command.o
 .rodata.AT_FATFS_WRITE_Handle.str1.4
                0x08032a88      0x2aa build/command.o
 *fill*         0x08032d32        0x2 
 .rodata.CheckCommandList.str1.4
                0x08032d34       0x1b build/command.o
 *fill*         0x08032d4f        0x1 
 .rodata.W25Q64_ReadID.str1.4
                0x08032d50       0xc5 build/flash.o
 *fill*         0x08032e15        0x3 
 .rodata.W25Q64_WriteEnable.str1.4
                0x08032e18       0x7d build/flash.o
 *fill*         0x08032e95        0x3 
 .rodata.W25Q64_WriteDisable.str1.4
                0x08032e98       0x82 build/flash.o
 *fill*         0x08032f1a        0x2 
 .rodata.W25Q64_Init.str1.4
                0x08032f1c       0x17 build/flash.o
 *fill*         0x08032f33        0x1 
 .rodata.W25Q64_ReadData.str1.4
                0x08032f34      0x122 build/flash.o
 *fill*         0x08033056        0x2 
 .rodata.W25Q64_ReadStatus.str1.4
                0x08033058      0x237 build/flash.o
 *fill*         0x0803328f        0x1 
 .rodata.W25Q64_WritePage.str1.4
                0x08033290      0x2a4 build/flash.o
                                0x2a8 (size before relaxing)
 .rodata.W25Q64_EraseSector.str1.4
                0x08033534      0x24a build/flash.o
 *fill*         0x0803377e        0x2 
 .rodata.W25Q64_ReadWriteTest.str1.4
                0x08033780      0x363 build/flash.o
 *fill*         0x08033ae3        0x1 
 .rodata.BTN1_LONG_PRESS_START_Handler.str1.4
                0x08033ae4       0x19 build/multi_button.o
 *fill*         0x08033afd        0x3 
 .rodata.BTN1_DOUBLE_CLICK_Handler.str1.4
                0x08033b00       0x15 build/multi_button.o
 *fill*         0x08033b15        0x3 
 .rodata.BTN2_DOUBLE_CLICK_Handler.str1.4
                0x08033b18       0x15 build/multi_button.o
 *fill*         0x08033b2d        0x3 
 .rodata.BTN1_SINGLE_CLICK_Handler.str1.4
                0x08033b30       0x16 build/multi_button.o
 *fill*         0x08033b46        0x2 
 .rodata.BTN2_PRESS_DOWN_Handler.str1.4
                0x08033b48       0x13 build/multi_button.o
 *fill*         0x08033b5b        0x1 
 .rodata.Storage_Format.str1.4
                0x08033b5c       0x6f build/storage.o
                                 0x73 (size before relaxing)
 *fill*         0x08033bcb        0x1 
 .rodata.Storage_Init.str1.4
                0x08033bcc      0x154 build/storage.o
 .rodata.Storage_WriteFileWithCrc.str1.4
                0x08033d20      0x142 build/storage.o
 *fill*         0x08033e62        0x2 
 .rodata.Storage_GetFileSize.str1.4
                0x08033e64       0x90 build/storage.o
 .rodata.Storage_ReadFileWithCrc.str1.4
                0x08033ef4       0x96 build/storage.o
 *fill*         0x08033f8a        0x2 
 .rodata.Storage_ReadFileData.str1.4
                0x08033f8c      0x158 build/storage.o
 .rodata._svfprintf_r.str1.1
                0x080340e4       0x11 d:/mingw/gcc-arm-none-eabi-10.3-2021.10-win32/gcc-arm-none-eabi-10.3-2021.10/bin/../lib/gcc/arm-none-eabi/10.3.1/../../../../arm-none-eabi/lib/thumb/v7-m/nofp\libc_nano.a(lib_a-nano-svfprintf.o)
 .rodata._printf_i.str1.1
                0x080340f5       0x22 d:/mingw/gcc-arm-none-eabi-10.3-2021.10-win32/gcc-arm-none-eabi-10.3-2021.10/bin/../lib/gcc/arm-none-eabi/10.3.1/../../../../arm-none-eabi/lib/thumb/v7-m/nofp\libc_nano.a(lib_a-nano-vfprintf_i.o)
                0x08034118                . = ALIGN (0x4)
 *fill*         0x08034117        0x1 

.rel.dyn        0x08034118        0x0
 .rel.iplt      0x08034118        0x0 d:/mingw/gcc-arm-none-eabi-10.3-2021.10-win32/gcc-arm-none-eabi-10.3-2021.10/bin/../lib/gcc/arm-none-eabi/10.3.1/thumb/v7-m/nofp/crtbegin.o

.ARM.extab
 *(.ARM.extab* .gnu.linkonce.armextab.*)

.ARM            0x08034118        0x0
                0x08034118                __exidx_start = .
 *(.ARM.exidx*)
                0x08034118                __exidx_end = .

.preinit_array  0x08034118        0x0
                0x08034118                PROVIDE (__preinit_array_start = .)
 *(.preinit_array*)
                0x08034118                PROVIDE (__preinit_array_end = .)

.init_array     0x08034118        0x4
                0x08034118                PROVIDE (__init_array_start = .)
 *(SORT_BY_NAME(.init_array.*))
 *(.init_array*)
 .init_array    0x08034118        0x4 d:/mingw/gcc-arm-none-eabi-10.3-2021.10-win32/gcc-arm-none-eabi-10.3-2021.10/bin/../lib/gcc/arm-none-eabi/10.3.1/thumb/v7-m/nofp/crtbegin.o
                0x0803411c                PROVIDE (__init_array_end = .)

.fini_array     0x0803411c        0x4
                [!provide]                PROVIDE (__fini_array_start = .)
 *(SORT_BY_NAME(.fini_array.*))
 *(.fini_array*)
 .fini_array    0x0803411c        0x4 d:/mingw/gcc-arm-none-eabi-10.3-2021.10-win32/gcc-arm-none-eabi-10.3-2021.10/bin/../lib/gcc/arm-none-eabi/10.3.1/thumb/v7-m/nofp/crtbegin.o
                [!provide]                PROVIDE (__fini_array_end = .)
                0x08034120                _sidata = LOADADDR (.data)

.data           0x20000000      0x434 load address 0x08034120
                0x20000000                . = ALIGN (0x4)
                0x20000000                _sdata = .
 *(.data)
 *(.data*)
 .data.uwTickFreq
                0x20000000        0x1 build/stm32f1xx_hal.o
                0x20000000                uwTickFreq
 *fill*         0x20000001        0x3 
 .data.uwTickPrio
                0x20000004        0x4 build/stm32f1xx_hal.o
                0x20000004                uwTickPrio
 .data.SystemCoreClock
                0x20000008        0x4 build/system_stm32f1xx.o
                0x20000008                SystemCoreClock
 .data.Stat     0x2000000c        0x1 build/diskio.o
 *fill*         0x2000000d        0x3 
 .data.CommandList
                0x20000010      0x320 build/command.o
 .data.UsbCommand
                0x20000330       0xa0 build/command.o
                0x20000330                UsbCommand
 .data._impure_ptr
                0x200003d0        0x4 d:/mingw/gcc-arm-none-eabi-10.3-2021.10-win32/gcc-arm-none-eabi-10.3-2021.10/bin/../lib/gcc/arm-none-eabi/10.3.1/../../../../arm-none-eabi/lib/thumb/v7-m/nofp\libc_nano.a(lib_a-impure.o)
                0x200003d0                _impure_ptr
 .data.impure_data
                0x200003d4       0x60 d:/mingw/gcc-arm-none-eabi-10.3-2021.10-win32/gcc-arm-none-eabi-10.3-2021.10/bin/../lib/gcc/arm-none-eabi/10.3.1/../../../../arm-none-eabi/lib/thumb/v7-m/nofp\libc_nano.a(lib_a-impure.o)
                0x20000434                . = ALIGN (0x4)
                0x20000434                _edata = .

.igot.plt       0x20000434        0x0 load address 0x08034554
 .igot.plt      0x20000434        0x0 d:/mingw/gcc-arm-none-eabi-10.3-2021.10-win32/gcc-arm-none-eabi-10.3-2021.10/bin/../lib/gcc/arm-none-eabi/10.3.1/thumb/v7-m/nofp/crtbegin.o
                0x20000434                . = ALIGN (0x4)

.bss            0x20000434     0x1578 load address 0x08034554
                0x20000434                _sbss = .
                0x20000434                __bss_start__ = _sbss
 *(.bss)
 .bss           0x20000434       0x1c d:/mingw/gcc-arm-none-eabi-10.3-2021.10-win32/gcc-arm-none-eabi-10.3-2021.10/bin/../lib/gcc/arm-none-eabi/10.3.1/thumb/v7-m/nofp/crtbegin.o
 *(.bss*)
 .bss.g_UsbTxBuff
                0x20000450      0x100 build/main.o
                0x20000450                g_UsbTxBuff
 .bss.uwTick    0x20000550        0x4 build/stm32f1xx_hal.o
                0x20000550                uwTick
 .bss.hdma_spi1_rx
                0x20000554       0x44 build/spi.o
                0x20000554                hdma_spi1_rx
 .bss.hdma_spi1_tx
                0x20000598       0x44 build/spi.o
                0x20000598                hdma_spi1_tx
 .bss.hspi1     0x200005dc       0x58 build/spi.o
                0x200005dc                hspi1
 .bss.hspi2     0x20000634       0x58 build/spi.o
                0x20000634                hspi2
 .bss.g_usart1_dma_rx_buff
                0x2000068c      0x100 build/usart.o
                0x2000068c                g_usart1_dma_rx_buff
 .bss.g_usart1_rx_done
                0x2000078c        0x1 build/usart.o
                0x2000078c                g_usart1_rx_done
 *fill*         0x2000078d        0x1 
 .bss.g_usart1_rx_len
                0x2000078e        0x2 build/usart.o
                0x2000078e                g_usart1_rx_len
 .bss.hdma_usart1_rx
                0x20000790       0x44 build/usart.o
                0x20000790                hdma_usart1_rx
 .bss.hdma_usart1_tx
                0x200007d4       0x44 build/usart.o
                0x200007d4                hdma_usart1_tx
 .bss.huart1    0x20000818       0x48 build/usart.o
                0x20000818                huart1
 .bss.huart2    0x20000860       0x48 build/usart.o
                0x20000860                huart2
 .bss.hi2c1     0x200008a8       0x54 build/i2c.o
                0x200008a8                hi2c1
 .bss.FatFs     0x200008fc        0x4 build/ff.o
 .bss.Fsid      0x20000900        0x2 build/ff.o
 .bss.lastUsbRx.2
                0x20000902        0x2 build/command.o
 .bss.usbTick.3
                0x20000904        0x2 build/command.o
 *fill*         0x20000906        0x2 
 .bss.btn1      0x20000908       0x2c build/multi_button.o
                0x20000908                btn1
 .bss.btn2      0x20000934       0x2c build/multi_button.o
                0x20000934                btn2
 .bss.head_handle
                0x20000960        0x4 build/multi_button.o
 .bss.fs        0x20000964     0x1034 build/storage.o
 .bss.__malloc_free_list
                0x20001998        0x4 d:/mingw/gcc-arm-none-eabi-10.3-2021.10-win32/gcc-arm-none-eabi-10.3-2021.10/bin/../lib/gcc/arm-none-eabi/10.3.1/../../../../arm-none-eabi/lib/thumb/v7-m/nofp\libc_nano.a(lib_a-nano-mallocr.o)
                0x20001998                __malloc_free_list
 .bss.__malloc_sbrk_start
                0x2000199c        0x4 d:/mingw/gcc-arm-none-eabi-10.3-2021.10-win32/gcc-arm-none-eabi-10.3-2021.10/bin/../lib/gcc/arm-none-eabi/10.3.1/../../../../arm-none-eabi/lib/thumb/v7-m/nofp\libc_nano.a(lib_a-nano-mallocr.o)
                0x2000199c                __malloc_sbrk_start
 .bss.errno     0x200019a0        0x4 d:/mingw/gcc-arm-none-eabi-10.3-2021.10-win32/gcc-arm-none-eabi-10.3-2021.10/bin/../lib/gcc/arm-none-eabi/10.3.1/../../../../arm-none-eabi/lib/thumb/v7-m/nofp\libc_nano.a(lib_a-reent.o)
                0x200019a0                errno
 .bss.__lock___malloc_recursive_mutex
                0x200019a4        0x1 d:/mingw/gcc-arm-none-eabi-10.3-2021.10-win32/gcc-arm-none-eabi-10.3-2021.10/bin/../lib/gcc/arm-none-eabi/10.3.1/../../../../arm-none-eabi/lib/thumb/v7-m/nofp\libc_nano.a(lib_a-lock.o)
                0x200019a4                __lock___malloc_recursive_mutex
 *fill*         0x200019a5        0x3 
 .bss.heap_end.0
                0x200019a8        0x4 d:/mingw/gcc-arm-none-eabi-10.3-2021.10-win32/gcc-arm-none-eabi-10.3-2021.10/bin/../lib/gcc/arm-none-eabi/10.3.1/../../../../arm-none-eabi/lib/thumb/v7-m/nofp\libnosys.a(sbrk.o)
 *(COMMON)
                0x200019ac                . = ALIGN (0x4)
                0x200019ac                _ebss = .
                0x200019ac                __bss_end__ = _ebss

._user_heap_stack
                0x200019ac      0x604 load address 0x08034554
                0x200019b0                . = ALIGN (0x8)
 *fill*         0x200019ac        0x4 
                0x200019b0                PROVIDE (end = .)
                [!provide]                PROVIDE (_end = .)
                0x20001bb0                . = (. + _Min_Heap_Size)
 *fill*         0x200019b0      0x200 
                0x20001fb0                . = (. + _Min_Stack_Size)
 *fill*         0x20001bb0      0x400 
                0x20001fb0                . = ALIGN (0x8)

/DISCARD/
 libc.a(*)
 libm.a(*)
 libgcc.a(*)

.ARM.attributes
                0x00000000       0x29
 *(.ARM.attributes)
 .ARM.attributes
                0x00000000       0x1d d:/mingw/gcc-arm-none-eabi-10.3-2021.10-win32/gcc-arm-none-eabi-10.3-2021.10/bin/../lib/gcc/arm-none-eabi/10.3.1/thumb/v7-m/nofp/crti.o
 .ARM.attributes
                0x0000001d       0x2d d:/mingw/gcc-arm-none-eabi-10.3-2021.10-win32/gcc-arm-none-eabi-10.3-2021.10/bin/../lib/gcc/arm-none-eabi/10.3.1/thumb/v7-m/nofp/crtbegin.o
 .ARM.attributes
                0x0000004a       0x2d build/main.o
 .ARM.attributes
                0x00000077       0x2d build/stm32f1xx_it.o
 .ARM.attributes
                0x000000a4       0x2d build/stm32f1xx_hal_msp.o
 .ARM.attributes
                0x000000d1       0x2d build/stm32f1xx_hal_spi.o
 .ARM.attributes
                0x000000fe       0x2d build/stm32f1xx_hal.o
 .ARM.attributes
                0x0000012b       0x2d build/stm32f1xx_hal_rcc.o
 .ARM.attributes
                0x00000158       0x2d build/stm32f1xx_hal_gpio.o
 .ARM.attributes
                0x00000185       0x2d build/stm32f1xx_hal_dma.o
 .ARM.attributes
                0x000001b2       0x2d build/stm32f1xx_hal_cortex.o
 .ARM.attributes
                0x000001df       0x2d build/stm32f1xx_hal_uart.o
 .ARM.attributes
                0x0000020c       0x2d build/system_stm32f1xx.o
 .ARM.attributes
                0x00000239       0x2d build/gpio.o
 .ARM.attributes
                0x00000266       0x2d build/spi.o
 .ARM.attributes
                0x00000293       0x2d build/usart.o
 .ARM.attributes
                0x000002c0       0x2d build/dma.o
 .ARM.attributes
                0x000002ed       0x2d build/i2c.o
 .ARM.attributes
                0x0000031a       0x2d build/stm32f1xx_hal_i2c.o
 .ARM.attributes
                0x00000347       0x2d build/ff.o
 .ARM.attributes
                0x00000374       0x2d build/diskio.o
 .ARM.attributes
                0x000003a1       0x2d build/ffunicode.o
 .ARM.attributes
                0x000003ce       0x2d build/command.o
 .ARM.attributes
                0x000003fb       0x2d build/flash.o
 .ARM.attributes
                0x00000428       0x2d build/multi_button.o
 .ARM.attributes
                0x00000455       0x2d build/storage.o
 .ARM.attributes
                0x00000482       0x21 build/startup_stm32f103xe.o
 .ARM.attributes
                0x000004a3       0x2d d:/mingw/gcc-arm-none-eabi-10.3-2021.10-win32/gcc-arm-none-eabi-10.3-2021.10/bin/../lib/gcc/arm-none-eabi/10.3.1/../../../../arm-none-eabi/lib/thumb/v7-m/nofp\libc_nano.a(lib_a-impure.o)
 .ARM.attributes
                0x000004d0       0x2d d:/mingw/gcc-arm-none-eabi-10.3-2021.10-win32/gcc-arm-none-eabi-10.3-2021.10/bin/../lib/gcc/arm-none-eabi/10.3.1/../../../../arm-none-eabi/lib/thumb/v7-m/nofp\libc_nano.a(lib_a-init.o)
 .ARM.attributes
                0x000004fd       0x2d d:/mingw/gcc-arm-none-eabi-10.3-2021.10-win32/gcc-arm-none-eabi-10.3-2021.10/bin/../lib/gcc/arm-none-eabi/10.3.1/../../../../arm-none-eabi/lib/thumb/v7-m/nofp\libc_nano.a(lib_a-memcmp.o)
 .ARM.attributes
                0x0000052a       0x2d d:/mingw/gcc-arm-none-eabi-10.3-2021.10-win32/gcc-arm-none-eabi-10.3-2021.10/bin/../lib/gcc/arm-none-eabi/10.3.1/../../../../arm-none-eabi/lib/thumb/v7-m/nofp\libc_nano.a(lib_a-memcpy-stub.o)
 .ARM.attributes
                0x00000557       0x2d d:/mingw/gcc-arm-none-eabi-10.3-2021.10-win32/gcc-arm-none-eabi-10.3-2021.10/bin/../lib/gcc/arm-none-eabi/10.3.1/../../../../arm-none-eabi/lib/thumb/v7-m/nofp\libc_nano.a(lib_a-memset.o)
 .ARM.attributes
                0x00000584       0x2d d:/mingw/gcc-arm-none-eabi-10.3-2021.10-win32/gcc-arm-none-eabi-10.3-2021.10/bin/../lib/gcc/arm-none-eabi/10.3.1/../../../../arm-none-eabi/lib/thumb/v7-m/nofp\libc_nano.a(lib_a-strchr.o)
 .ARM.attributes
                0x000005b1       0x17 d:/mingw/gcc-arm-none-eabi-10.3-2021.10-win32/gcc-arm-none-eabi-10.3-2021.10/bin/../lib/gcc/arm-none-eabi/10.3.1/../../../../arm-none-eabi/lib/thumb/v7-m/nofp\libc_nano.a(lib_a-strlen.o)
 .ARM.attributes
                0x000005c8       0x2d d:/mingw/gcc-arm-none-eabi-10.3-2021.10-win32/gcc-arm-none-eabi-10.3-2021.10/bin/../lib/gcc/arm-none-eabi/10.3.1/../../../../arm-none-eabi/lib/thumb/v7-m/nofp\libc_nano.a(lib_a-vsnprintf.o)
 .ARM.attributes
                0x000005f5       0x2d d:/mingw/gcc-arm-none-eabi-10.3-2021.10-win32/gcc-arm-none-eabi-10.3-2021.10/bin/../lib/gcc/arm-none-eabi/10.3.1/../../../../arm-none-eabi/lib/thumb/v7-m/nofp\libc_nano.a(lib_a-nano-svfprintf.o)
 .ARM.attributes
                0x00000622       0x2d d:/mingw/gcc-arm-none-eabi-10.3-2021.10-win32/gcc-arm-none-eabi-10.3-2021.10/bin/../lib/gcc/arm-none-eabi/10.3.1/../../../../arm-none-eabi/lib/thumb/v7-m/nofp\libc_nano.a(lib_a-nano-vfprintf_i.o)
 .ARM.attributes
                0x0000064f       0x2d d:/mingw/gcc-arm-none-eabi-10.3-2021.10-win32/gcc-arm-none-eabi-10.3-2021.10/bin/../lib/gcc/arm-none-eabi/10.3.1/../../../../arm-none-eabi/lib/thumb/v7-m/nofp\libc_nano.a(lib_a-memchr-stub.o)
 .ARM.attributes
                0x0000067c       0x2d d:/mingw/gcc-arm-none-eabi-10.3-2021.10-win32/gcc-arm-none-eabi-10.3-2021.10/bin/../lib/gcc/arm-none-eabi/10.3.1/../../../../arm-none-eabi/lib/thumb/v7-m/nofp\libc_nano.a(lib_a-memmove.o)
 .ARM.attributes
                0x000006a9       0x2d d:/mingw/gcc-arm-none-eabi-10.3-2021.10-win32/gcc-arm-none-eabi-10.3-2021.10/bin/../lib/gcc/arm-none-eabi/10.3.1/../../../../arm-none-eabi/lib/thumb/v7-m/nofp\libc_nano.a(lib_a-nano-freer.o)
 .ARM.attributes
                0x000006d6       0x2d d:/mingw/gcc-arm-none-eabi-10.3-2021.10-win32/gcc-arm-none-eabi-10.3-2021.10/bin/../lib/gcc/arm-none-eabi/10.3.1/../../../../arm-none-eabi/lib/thumb/v7-m/nofp\libc_nano.a(lib_a-nano-mallocr.o)
 .ARM.attributes
                0x00000703       0x2d d:/mingw/gcc-arm-none-eabi-10.3-2021.10-win32/gcc-arm-none-eabi-10.3-2021.10/bin/../lib/gcc/arm-none-eabi/10.3.1/../../../../arm-none-eabi/lib/thumb/v7-m/nofp\libc_nano.a(lib_a-nano-reallocr.o)
 .ARM.attributes
                0x00000730       0x2d d:/mingw/gcc-arm-none-eabi-10.3-2021.10-win32/gcc-arm-none-eabi-10.3-2021.10/bin/../lib/gcc/arm-none-eabi/10.3.1/../../../../arm-none-eabi/lib/thumb/v7-m/nofp\libc_nano.a(lib_a-sbrkr.o)
 .ARM.attributes
                0x0000075d       0x2d d:/mingw/gcc-arm-none-eabi-10.3-2021.10-win32/gcc-arm-none-eabi-10.3-2021.10/bin/../lib/gcc/arm-none-eabi/10.3.1/../../../../arm-none-eabi/lib/thumb/v7-m/nofp\libc_nano.a(lib_a-mlock.o)
 .ARM.attributes
                0x0000078a       0x2d d:/mingw/gcc-arm-none-eabi-10.3-2021.10-win32/gcc-arm-none-eabi-10.3-2021.10/bin/../lib/gcc/arm-none-eabi/10.3.1/../../../../arm-none-eabi/lib/thumb/v7-m/nofp\libc_nano.a(lib_a-nano-msizer.o)
 .ARM.attributes
                0x000007b7       0x2d d:/mingw/gcc-arm-none-eabi-10.3-2021.10-win32/gcc-arm-none-eabi-10.3-2021.10/bin/../lib/gcc/arm-none-eabi/10.3.1/../../../../arm-none-eabi/lib/thumb/v7-m/nofp\libc_nano.a(lib_a-reent.o)
 .ARM.attributes
                0x000007e4       0x2d d:/mingw/gcc-arm-none-eabi-10.3-2021.10-win32/gcc-arm-none-eabi-10.3-2021.10/bin/../lib/gcc/arm-none-eabi/10.3.1/../../../../arm-none-eabi/lib/thumb/v7-m/nofp\libc_nano.a(lib_a-lock.o)
 .ARM.attributes
                0x00000811       0x2d d:/mingw/gcc-arm-none-eabi-10.3-2021.10-win32/gcc-arm-none-eabi-10.3-2021.10/bin/../lib/gcc/arm-none-eabi/10.3.1/../../../../arm-none-eabi/lib/thumb/v7-m/nofp\libnosys.a(sbrk.o)
 .ARM.attributes
                0x0000083e       0x1d d:/mingw/gcc-arm-none-eabi-10.3-2021.10-win32/gcc-arm-none-eabi-10.3-2021.10/bin/../lib/gcc/arm-none-eabi/10.3.1/thumb/v7-m/nofp/crtn.o
OUTPUT(build/SPI.elf elf32-littlearm)
LOAD linker stubs
LOAD d:/mingw/gcc-arm-none-eabi-10.3-2021.10-win32/gcc-arm-none-eabi-10.3-2021.10/bin/../lib/gcc/arm-none-eabi/10.3.1/../../../../arm-none-eabi/lib/thumb/v7-m/nofp\libc.a
LOAD d:/mingw/gcc-arm-none-eabi-10.3-2021.10-win32/gcc-arm-none-eabi-10.3-2021.10/bin/../lib/gcc/arm-none-eabi/10.3.1/../../../../arm-none-eabi/lib/thumb/v7-m/nofp\libm.a
LOAD d:/mingw/gcc-arm-none-eabi-10.3-2021.10-win32/gcc-arm-none-eabi-10.3-2021.10/bin/../lib/gcc/arm-none-eabi/10.3.1/thumb/v7-m/nofp\libgcc.a

.debug_info     0x00000000    0x1d7ff
 .debug_info    0x00000000      0xd2a build/main.o
 .debug_info    0x00000d2a      0xbc3 build/stm32f1xx_it.o
 .debug_info    0x000018ed      0x238 build/stm32f1xx_hal_msp.o
 .debug_info    0x00001b25     0x1e08 build/stm32f1xx_hal_spi.o
 .debug_info    0x0000392d      0x8bb build/stm32f1xx_hal.o
 .debug_info    0x000041e8      0xaf0 build/stm32f1xx_hal_rcc.o
 .debug_info    0x00004cd8      0x6d7 build/stm32f1xx_hal_gpio.o
 .debug_info    0x000053af      0x8bf build/stm32f1xx_hal_dma.o
 .debug_info    0x00005c6e      0xe93 build/stm32f1xx_hal_cortex.o
 .debug_info    0x00006b01     0x42a4 build/stm32f1xx_hal_uart.o
 .debug_info    0x0000ada5      0x26e build/system_stm32f1xx.o
 .debug_info    0x0000b013      0x365 build/gpio.o
 .debug_info    0x0000b378     0x106f build/spi.o
 .debug_info    0x0000c3e7      0xec1 build/usart.o
 .debug_info    0x0000d2a8      0x40b build/dma.o
 .debug_info    0x0000d6b3      0x962 build/i2c.o
 .debug_info    0x0000e015     0x3cad build/stm32f1xx_hal_i2c.o
 .debug_info    0x00011cc2     0x4d16 build/ff.o
 .debug_info    0x000169d8      0xeee build/diskio.o
 .debug_info    0x000178c6      0x397 build/ffunicode.o
 .debug_info    0x00017c5d     0x1626 build/command.o
 .debug_info    0x00019283     0x21ea build/flash.o
 .debug_info    0x0001b46d      0xa2b build/multi_button.o
 .debug_info    0x0001be98     0x1945 build/storage.o
 .debug_info    0x0001d7dd       0x22 build/startup_stm32f103xe.o

.debug_abbrev   0x00000000     0x3832
 .debug_abbrev  0x00000000      0x2a0 build/main.o
 .debug_abbrev  0x000002a0      0x1d9 build/stm32f1xx_it.o
 .debug_abbrev  0x00000479       0xe7 build/stm32f1xx_hal_msp.o
 .debug_abbrev  0x00000560      0x28a build/stm32f1xx_hal_spi.o
 .debug_abbrev  0x000007ea      0x1f7 build/stm32f1xx_hal.o
 .debug_abbrev  0x000009e1      0x2b8 build/stm32f1xx_hal_rcc.o
 .debug_abbrev  0x00000c99      0x222 build/stm32f1xx_hal_gpio.o
 .debug_abbrev  0x00000ebb      0x262 build/stm32f1xx_hal_dma.o
 .debug_abbrev  0x0000111d      0x359 build/stm32f1xx_hal_cortex.o
 .debug_abbrev  0x00001476      0x334 build/stm32f1xx_hal_uart.o
 .debug_abbrev  0x000017aa      0x140 build/system_stm32f1xx.o
 .debug_abbrev  0x000018ea      0x13f build/gpio.o
 .debug_abbrev  0x00001a29      0x2ab build/spi.o
 .debug_abbrev  0x00001cd4      0x22c build/usart.o
 .debug_abbrev  0x00001f00      0x117 build/dma.o
 .debug_abbrev  0x00002017      0x1c5 build/i2c.o
 .debug_abbrev  0x000021dc      0x306 build/stm32f1xx_hal_i2c.o
 .debug_abbrev  0x000024e2      0x313 build/ff.o
 .debug_abbrev  0x000027f5      0x28a build/diskio.o
 .debug_abbrev  0x00002a7f       0xe8 build/ffunicode.o
 .debug_abbrev  0x00002b67      0x356 build/command.o
 .debug_abbrev  0x00002ebd      0x330 build/flash.o
 .debug_abbrev  0x000031ed      0x2ea build/multi_button.o
 .debug_abbrev  0x000034d7      0x349 build/storage.o
 .debug_abbrev  0x00003820       0x12 build/startup_stm32f103xe.o

.debug_loc      0x00000000    0x1871e
 .debug_loc     0x00000000       0xfa build/main.o
 .debug_loc     0x000000fa      0x124 build/stm32f1xx_it.o
 .debug_loc     0x0000021e       0x41 build/stm32f1xx_hal_msp.o
 .debug_loc     0x0000025f     0x22e5 build/stm32f1xx_hal_spi.o
 .debug_loc     0x00002544      0x1e1 build/stm32f1xx_hal.o
 .debug_loc     0x00002725      0x790 build/stm32f1xx_hal_rcc.o
 .debug_loc     0x00002eb5      0x551 build/stm32f1xx_hal_gpio.o
 .debug_loc     0x00003406      0x8ea build/stm32f1xx_hal_dma.o
 .debug_loc     0x00003cf0      0x77f build/stm32f1xx_hal_cortex.o
 .debug_loc     0x0000446f     0x4d23 build/stm32f1xx_hal_uart.o
 .debug_loc     0x00009192       0xff build/system_stm32f1xx.o
 .debug_loc     0x00009291       0x38 build/gpio.o
 .debug_loc     0x000092c9      0x2ae build/spi.o
 .debug_loc     0x00009577      0x22d build/usart.o
 .debug_loc     0x000097a4       0x38 build/dma.o
 .debug_loc     0x000097dc       0xeb build/i2c.o
 .debug_loc     0x000098c7     0x4e65 build/stm32f1xx_hal_i2c.o
 .debug_loc     0x0000e72c     0x685a build/ff.o
 .debug_loc     0x00014f86      0x926 build/diskio.o
 .debug_loc     0x000158ac      0x737 build/ffunicode.o
 .debug_loc     0x00015fe3      0xbef build/command.o
 .debug_loc     0x00016bd2      0xc29 build/flash.o
 .debug_loc     0x000177fb      0x48e build/multi_button.o
 .debug_loc     0x00017c89      0xa95 build/storage.o

.debug_aranges  0x00000000     0x1010
 .debug_aranges
                0x00000000       0x38 build/main.o
 .debug_aranges
                0x00000038       0x98 build/stm32f1xx_it.o
 .debug_aranges
                0x000000d0       0x20 build/stm32f1xx_hal_msp.o
 .debug_aranges
                0x000000f0      0x1d0 build/stm32f1xx_hal_spi.o
 .debug_aranges
                0x000002c0       0xe0 build/stm32f1xx_hal.o
 .debug_aranges
                0x000003a0       0x90 build/stm32f1xx_hal_rcc.o
 .debug_aranges
                0x00000430       0x58 build/stm32f1xx_hal_gpio.o
 .debug_aranges
                0x00000488       0x80 build/stm32f1xx_hal_dma.o
 .debug_aranges
                0x00000508       0x90 build/stm32f1xx_hal_cortex.o
 .debug_aranges
                0x00000598      0x208 build/stm32f1xx_hal_uart.o
 .debug_aranges
                0x000007a0       0x28 build/system_stm32f1xx.o
 .debug_aranges
                0x000007c8       0x20 build/gpio.o
 .debug_aranges
                0x000007e8       0x58 build/spi.o
 .debug_aranges
                0x00000840       0x48 build/usart.o
 .debug_aranges
                0x00000888       0x20 build/dma.o
 .debug_aranges
                0x000008a8       0x30 build/i2c.o
 .debug_aranges
                0x000008d8      0x2a8 build/stm32f1xx_hal_i2c.o
 .debug_aranges
                0x00000b80      0x218 build/ff.o
 .debug_aranges
                0x00000d98       0x50 build/diskio.o
 .debug_aranges
                0x00000de8       0x30 build/ffunicode.o
 .debug_aranges
                0x00000e18       0x78 build/command.o
 .debug_aranges
                0x00000e90       0x70 build/flash.o
 .debug_aranges
                0x00000f00       0x88 build/multi_button.o
 .debug_aranges
                0x00000f88       0x60 build/storage.o
 .debug_aranges
                0x00000fe8       0x28 build/startup_stm32f103xe.o

.debug_ranges   0x00000000     0x1110
 .debug_ranges  0x00000000       0x28 build/main.o
 .debug_ranges  0x00000028       0x88 build/stm32f1xx_it.o
 .debug_ranges  0x000000b0       0x10 build/stm32f1xx_hal_msp.o
 .debug_ranges  0x000000c0      0x1c0 build/stm32f1xx_hal_spi.o
 .debug_ranges  0x00000280       0xd0 build/stm32f1xx_hal.o
 .debug_ranges  0x00000350       0xa0 build/stm32f1xx_hal_rcc.o
 .debug_ranges  0x000003f0       0x48 build/stm32f1xx_hal_gpio.o
 .debug_ranges  0x00000438       0x70 build/stm32f1xx_hal_dma.o
 .debug_ranges  0x000004a8       0xe0 build/stm32f1xx_hal_cortex.o
 .debug_ranges  0x00000588      0x210 build/stm32f1xx_hal_uart.o
 .debug_ranges  0x00000798       0x18 build/system_stm32f1xx.o
 .debug_ranges  0x000007b0       0x10 build/gpio.o
 .debug_ranges  0x000007c0       0x48 build/spi.o
 .debug_ranges  0x00000808       0x38 build/usart.o
 .debug_ranges  0x00000840       0x10 build/dma.o
 .debug_ranges  0x00000850       0x20 build/i2c.o
 .debug_ranges  0x00000870      0x2b0 build/stm32f1xx_hal_i2c.o
 .debug_ranges  0x00000b20      0x258 build/ff.o
 .debug_ranges  0x00000d78       0xa0 build/diskio.o
 .debug_ranges  0x00000e18       0x20 build/ffunicode.o
 .debug_ranges  0x00000e38       0x98 build/command.o
 .debug_ranges  0x00000ed0      0x110 build/flash.o
 .debug_ranges  0x00000fe0       0x90 build/multi_button.o
 .debug_ranges  0x00001070       0x80 build/storage.o
 .debug_ranges  0x000010f0       0x20 build/startup_stm32f103xe.o

.debug_line     0x00000000    0x18aa8
 .debug_line    0x00000000      0x572 build/main.o
 .debug_line    0x00000572      0x40f build/stm32f1xx_it.o
 .debug_line    0x00000981      0x195 build/stm32f1xx_hal_msp.o
 .debug_line    0x00000b16     0x2630 build/stm32f1xx_hal_spi.o
 .debug_line    0x00003146      0x546 build/stm32f1xx_hal.o
 .debug_line    0x0000368c      0xc36 build/stm32f1xx_hal_rcc.o
 .debug_line    0x000042c2      0x60d build/stm32f1xx_hal_gpio.o
 .debug_line    0x000048cf      0xd0a build/stm32f1xx_hal_dma.o
 .debug_line    0x000055d9      0x651 build/stm32f1xx_hal_cortex.o
 .debug_line    0x00005c2a     0x42af build/stm32f1xx_hal_uart.o
 .debug_line    0x00009ed9      0x25e build/system_stm32f1xx.o
 .debug_line    0x0000a137      0x20c build/gpio.o
 .debug_line    0x0000a343      0x665 build/spi.o
 .debug_line    0x0000a9a8      0x508 build/usart.o
 .debug_line    0x0000aeb0      0x1bd build/dma.o
 .debug_line    0x0000b06d      0x2f1 build/i2c.o
 .debug_line    0x0000b35e     0x5674 build/stm32f1xx_hal_i2c.o
 .debug_line    0x000109d2     0x4bd5 build/ff.o
 .debug_line    0x000155a7      0x781 build/diskio.o
 .debug_line    0x00015d28      0x451 build/ffunicode.o
 .debug_line    0x00016179      0xb7a build/command.o
 .debug_line    0x00016cf3      0xd76 build/flash.o
 .debug_line    0x00017a69      0x66a build/multi_button.o
 .debug_line    0x000180d3      0x960 build/storage.o
 .debug_line    0x00018a33       0x75 build/startup_stm32f103xe.o

.debug_str      0x00000000     0x4443
 .debug_str     0x00000000      0x833 build/main.o
                                0x8fa (size before relaxing)
 .debug_str     0x00000833      0x3a6 build/stm32f1xx_it.o
                                0x90c (size before relaxing)
 .debug_str     0x00000bd9       0x91 build/stm32f1xx_hal_msp.o
                                0x1e5 (size before relaxing)
 .debug_str     0x00000c6a      0x59d build/stm32f1xx_hal_spi.o
                                0xb2d (size before relaxing)
 .debug_str     0x00001207      0x6a7 build/stm32f1xx_hal.o
                                0x8ce (size before relaxing)
 .debug_str     0x000018ae      0x23d build/stm32f1xx_hal_rcc.o
                                0x5f1 (size before relaxing)
 .debug_str     0x00001aeb      0x155 build/stm32f1xx_hal_gpio.o
                                0x3c6 (size before relaxing)
 .debug_str     0x00001c40      0x1f4 build/stm32f1xx_hal_dma.o
                                0x5c3 (size before relaxing)
 .debug_str     0x00001e34      0x3bc build/stm32f1xx_hal_cortex.o
                                0x97d (size before relaxing)
 .debug_str     0x000021f0      0x5eb build/stm32f1xx_hal_uart.o
                                0xcba (size before relaxing)
 .debug_str     0x000027db       0x4f build/system_stm32f1xx.o
                                0x21a (size before relaxing)
 .debug_str     0x0000282a       0x20 build/gpio.o
                                0x243 (size before relaxing)
 .debug_str     0x0000284a       0x53 build/spi.o
                                0xb5a (size before relaxing)
 .debug_str     0x0000289d       0x56 build/usart.o
                                0xbba (size before relaxing)
 .debug_str     0x000028f3        0xf build/dma.o
                                0x58a (size before relaxing)
 .debug_str     0x00002902      0x2a0 build/i2c.o
                                0x6fa (size before relaxing)
 .debug_str     0x00002ba2      0x891 build/stm32f1xx_hal_i2c.o
                                0xf8b (size before relaxing)
 .debug_str     0x00003433      0x71d build/ff.o
                                0x90e (size before relaxing)
 .debug_str     0x00003b50      0x133 build/diskio.o
                                0x79b (size before relaxing)
 .debug_str     0x00003c83       0x3b build/ffunicode.o
                                0x1c8 (size before relaxing)
 .debug_str     0x00003cbe      0x32f build/command.o
                                0xac0 (size before relaxing)
 .debug_str     0x00003fed       0xd9 build/flash.o
                                0x9a0 (size before relaxing)
 .debug_str     0x000040c6      0x1bd build/multi_button.o
                                0x48a (size before relaxing)
 .debug_str     0x00004283      0x19c build/storage.o
                                0xaa2 (size before relaxing)
 .debug_str     0x0000441f       0x24 build/startup_stm32f103xe.o
                                 0x39 (size before relaxing)

.comment        0x00000000       0x49
 .comment       0x00000000       0x49 build/main.o
                                 0x4a (size before relaxing)
 .comment       0x00000049       0x4a build/stm32f1xx_it.o
 .comment       0x00000049       0x4a build/stm32f1xx_hal_msp.o
 .comment       0x00000049       0x4a build/stm32f1xx_hal_spi.o
 .comment       0x00000049       0x4a build/stm32f1xx_hal.o
 .comment       0x00000049       0x4a build/stm32f1xx_hal_rcc.o
 .comment       0x00000049       0x4a build/stm32f1xx_hal_gpio.o
 .comment       0x00000049       0x4a build/stm32f1xx_hal_dma.o
 .comment       0x00000049       0x4a build/stm32f1xx_hal_cortex.o
 .comment       0x00000049       0x4a build/stm32f1xx_hal_uart.o
 .comment       0x00000049       0x4a build/system_stm32f1xx.o
 .comment       0x00000049       0x4a build/gpio.o
 .comment       0x00000049       0x4a build/spi.o
 .comment       0x00000049       0x4a build/usart.o
 .comment       0x00000049       0x4a build/dma.o
 .comment       0x00000049       0x4a build/i2c.o
 .comment       0x00000049       0x4a build/stm32f1xx_hal_i2c.o
 .comment       0x00000049       0x4a build/ff.o
 .comment       0x00000049       0x4a build/diskio.o
 .comment       0x00000049       0x4a build/ffunicode.o
 .comment       0x00000049       0x4a build/command.o
 .comment       0x00000049       0x4a build/flash.o
 .comment       0x00000049       0x4a build/multi_button.o
 .comment       0x00000049       0x4a build/storage.o

.debug_frame    0x00000000     0x34e8
 .debug_frame   0x00000000       0x98 build/main.o
 .debug_frame   0x00000098      0x158 build/stm32f1xx_it.o
 .debug_frame   0x000001f0       0x28 build/stm32f1xx_hal_msp.o
 .debug_frame   0x00000218      0x5c8 build/stm32f1xx_hal_spi.o
 .debug_frame   0x000007e0      0x1cc build/stm32f1xx_hal.o
 .debug_frame   0x000009ac      0x184 build/stm32f1xx_hal_rcc.o
 .debug_frame   0x00000b30       0xe4 build/stm32f1xx_hal_gpio.o
 .debug_frame   0x00000c14      0x140 build/stm32f1xx_hal_dma.o
 .debug_frame   0x00000d54      0x118 build/stm32f1xx_hal_cortex.o
 .debug_frame   0x00000e6c      0x5e0 build/stm32f1xx_hal_uart.o
 .debug_frame   0x0000144c       0x30 build/system_stm32f1xx.o
 .debug_frame   0x0000147c       0x38 build/gpio.o
 .debug_frame   0x000014b4       0xe4 build/spi.o
 .debug_frame   0x00001598       0xac build/usart.o
 .debug_frame   0x00001644       0x2c build/dma.o
 .debug_frame   0x00001670       0x60 build/i2c.o
 .debug_frame   0x000016d0      0x988 build/stm32f1xx_hal_i2c.o
 .debug_frame   0x00002058      0x880 build/ff.o
 .debug_frame   0x000028d8       0xec build/diskio.o
 .debug_frame   0x000029c4       0x74 build/ffunicode.o
 .debug_frame   0x00002a38      0x194 build/command.o
 .debug_frame   0x00002bcc      0x1b0 build/flash.o
 .debug_frame   0x00002d7c      0x154 build/multi_button.o
 .debug_frame   0x00002ed0      0x168 build/storage.o
 .debug_frame   0x00003038       0x2c d:/mingw/gcc-arm-none-eabi-10.3-2021.10-win32/gcc-arm-none-eabi-10.3-2021.10/bin/../lib/gcc/arm-none-eabi/10.3.1/../../../../arm-none-eabi/lib/thumb/v7-m/nofp\libc_nano.a(lib_a-init.o)
 .debug_frame   0x00003064       0x28 d:/mingw/gcc-arm-none-eabi-10.3-2021.10-win32/gcc-arm-none-eabi-10.3-2021.10/bin/../lib/gcc/arm-none-eabi/10.3.1/../../../../arm-none-eabi/lib/thumb/v7-m/nofp\libc_nano.a(lib_a-memcmp.o)
 .debug_frame   0x0000308c       0x28 d:/mingw/gcc-arm-none-eabi-10.3-2021.10-win32/gcc-arm-none-eabi-10.3-2021.10/bin/../lib/gcc/arm-none-eabi/10.3.1/../../../../arm-none-eabi/lib/thumb/v7-m/nofp\libc_nano.a(lib_a-memcpy-stub.o)
 .debug_frame   0x000030b4       0x20 d:/mingw/gcc-arm-none-eabi-10.3-2021.10-win32/gcc-arm-none-eabi-10.3-2021.10/bin/../lib/gcc/arm-none-eabi/10.3.1/../../../../arm-none-eabi/lib/thumb/v7-m/nofp\libc_nano.a(lib_a-memset.o)
 .debug_frame   0x000030d4       0x20 d:/mingw/gcc-arm-none-eabi-10.3-2021.10-win32/gcc-arm-none-eabi-10.3-2021.10/bin/../lib/gcc/arm-none-eabi/10.3.1/../../../../arm-none-eabi/lib/thumb/v7-m/nofp\libc_nano.a(lib_a-strchr.o)
 .debug_frame   0x000030f4       0x4c d:/mingw/gcc-arm-none-eabi-10.3-2021.10-win32/gcc-arm-none-eabi-10.3-2021.10/bin/../lib/gcc/arm-none-eabi/10.3.1/../../../../arm-none-eabi/lib/thumb/v7-m/nofp\libc_nano.a(lib_a-vsnprintf.o)
 .debug_frame   0x00003140       0x90 d:/mingw/gcc-arm-none-eabi-10.3-2021.10-win32/gcc-arm-none-eabi-10.3-2021.10/bin/../lib/gcc/arm-none-eabi/10.3.1/../../../../arm-none-eabi/lib/thumb/v7-m/nofp\libc_nano.a(lib_a-nano-svfprintf.o)
 .debug_frame   0x000031d0       0x60 d:/mingw/gcc-arm-none-eabi-10.3-2021.10-win32/gcc-arm-none-eabi-10.3-2021.10/bin/../lib/gcc/arm-none-eabi/10.3.1/../../../../arm-none-eabi/lib/thumb/v7-m/nofp\libc_nano.a(lib_a-nano-vfprintf_i.o)
 .debug_frame   0x00003230       0x28 d:/mingw/gcc-arm-none-eabi-10.3-2021.10-win32/gcc-arm-none-eabi-10.3-2021.10/bin/../lib/gcc/arm-none-eabi/10.3.1/../../../../arm-none-eabi/lib/thumb/v7-m/nofp\libc_nano.a(lib_a-memchr-stub.o)
 .debug_frame   0x00003258       0x28 d:/mingw/gcc-arm-none-eabi-10.3-2021.10-win32/gcc-arm-none-eabi-10.3-2021.10/bin/../lib/gcc/arm-none-eabi/10.3.1/../../../../arm-none-eabi/lib/thumb/v7-m/nofp\libc_nano.a(lib_a-memmove.o)
 .debug_frame   0x00003280       0x38 d:/mingw/gcc-arm-none-eabi-10.3-2021.10-win32/gcc-arm-none-eabi-10.3-2021.10/bin/../lib/gcc/arm-none-eabi/10.3.1/../../../../arm-none-eabi/lib/thumb/v7-m/nofp\libc_nano.a(lib_a-nano-freer.o)
 .debug_frame   0x000032b8       0x4c d:/mingw/gcc-arm-none-eabi-10.3-2021.10-win32/gcc-arm-none-eabi-10.3-2021.10/bin/../lib/gcc/arm-none-eabi/10.3.1/../../../../arm-none-eabi/lib/thumb/v7-m/nofp\libc_nano.a(lib_a-nano-mallocr.o)
 .debug_frame   0x00003304       0x3c d:/mingw/gcc-arm-none-eabi-10.3-2021.10-win32/gcc-arm-none-eabi-10.3-2021.10/bin/../lib/gcc/arm-none-eabi/10.3.1/../../../../arm-none-eabi/lib/thumb/v7-m/nofp\libc_nano.a(lib_a-nano-reallocr.o)
 .debug_frame   0x00003340       0x2c d:/mingw/gcc-arm-none-eabi-10.3-2021.10-win32/gcc-arm-none-eabi-10.3-2021.10/bin/../lib/gcc/arm-none-eabi/10.3.1/../../../../arm-none-eabi/lib/thumb/v7-m/nofp\libc_nano.a(lib_a-sbrkr.o)
 .debug_frame   0x0000336c       0x30 d:/mingw/gcc-arm-none-eabi-10.3-2021.10-win32/gcc-arm-none-eabi-10.3-2021.10/bin/../lib/gcc/arm-none-eabi/10.3.1/../../../../arm-none-eabi/lib/thumb/v7-m/nofp\libc_nano.a(lib_a-mlock.o)
 .debug_frame   0x0000339c       0x20 d:/mingw/gcc-arm-none-eabi-10.3-2021.10-win32/gcc-arm-none-eabi-10.3-2021.10/bin/../lib/gcc/arm-none-eabi/10.3.1/../../../../arm-none-eabi/lib/thumb/v7-m/nofp\libc_nano.a(lib_a-nano-msizer.o)
 .debug_frame   0x000033bc       0x5c d:/mingw/gcc-arm-none-eabi-10.3-2021.10-win32/gcc-arm-none-eabi-10.3-2021.10/bin/../lib/gcc/arm-none-eabi/10.3.1/../../../../arm-none-eabi/lib/thumb/v7-m/nofp\libc_nano.a(lib_a-reent.o)
 .debug_frame   0x00003418       0xb0 d:/mingw/gcc-arm-none-eabi-10.3-2021.10-win32/gcc-arm-none-eabi-10.3-2021.10/bin/../lib/gcc/arm-none-eabi/10.3.1/../../../../arm-none-eabi/lib/thumb/v7-m/nofp\libc_nano.a(lib_a-lock.o)
 .debug_frame   0x000034c8       0x20 d:/mingw/gcc-arm-none-eabi-10.3-2021.10-win32/gcc-arm-none-eabi-10.3-2021.10/bin/../lib/gcc/arm-none-eabi/10.3.1/../../../../arm-none-eabi/lib/thumb/v7-m/nofp\libnosys.a(sbrk.o)

Cross Reference Table

Symbol                                            File
ADC1_2_IRQHandler                                 build/startup_stm32f103xe.o
ADC3_IRQHandler                                   build/startup_stm32f103xe.o
AHBPrescTable                                     build/system_stm32f1xx.o
                                                  build/stm32f1xx_hal_rcc.o
APBPrescTable                                     build/system_stm32f1xx.o
                                                  build/stm32f1xx_hal_rcc.o
AT_FATFS_MOUNT_Handle                             build/command.o
AT_FATFS_READ_Handle                              build/command.o
AT_FATFS_WRITE_Handle                             build/command.o
AT_HELP_Handle                                    build/command.o
AT_TEST_Handle                                    build/command.o
BTN1_DOUBLE_CLICK_Handler                         build/multi_button.o
BTN1_LONG_PRESS_START_Handler                     build/multi_button.o
BTN1_SINGLE_CLICK_Handler                         build/multi_button.o
BTN2_DOUBLE_CLICK_Handler                         build/multi_button.o
BTN2_PRESS_DOWN_Handler                           build/multi_button.o
BusFault_Handler                                  build/stm32f1xx_it.o
Button_Manage                                     build/multi_button.o
                                                  build/main.o
CAN1_RX1_IRQHandler                               build/startup_stm32f103xe.o
CAN1_SCE_IRQHandler                               build/startup_stm32f103xe.o
CharToFloat                                       build/command.o
CharToInt                                         build/command.o
CheckCommandList                                  build/command.o
                                                  build/main.o
Command_buf                                       build/command.o
DMA1_Channel1_IRQHandler                          build/startup_stm32f103xe.o
DMA1_Channel2_IRQHandler                          build/stm32f1xx_it.o
DMA1_Channel3_IRQHandler                          build/stm32f1xx_it.o
DMA1_Channel4_IRQHandler                          build/stm32f1xx_it.o
DMA1_Channel5_IRQHandler                          build/stm32f1xx_it.o
DMA1_Channel6_IRQHandler                          build/startup_stm32f103xe.o
DMA1_Channel7_IRQHandler                          build/startup_stm32f103xe.o
DMA2_Channel1_IRQHandler                          build/startup_stm32f103xe.o
DMA2_Channel2_IRQHandler                          build/startup_stm32f103xe.o
DMA2_Channel3_IRQHandler                          build/startup_stm32f103xe.o
DMA2_Channel4_5_IRQHandler                        build/startup_stm32f103xe.o
Data_copy_from_pos                                build/command.o
DebugMon_Handler                                  build/stm32f1xx_it.o
Default_Handler                                   build/startup_stm32f103xe.o
DeviceMassage                                     build/command.o
DevicePrintf                                      build/command.o
Diskio_Print                                      build/diskio.o
ESP8266_GPIO_Config                               build/esp8266.o
EXTI0_IRQHandler                                  build/startup_stm32f103xe.o
EXTI15_10_IRQHandler                              build/startup_stm32f103xe.o
EXTI1_IRQHandler                                  build/startup_stm32f103xe.o
EXTI2_IRQHandler                                  build/startup_stm32f103xe.o
EXTI3_IRQHandler                                  build/startup_stm32f103xe.o
EXTI4_IRQHandler                                  build/startup_stm32f103xe.o
EXTI9_5_IRQHandler                                build/startup_stm32f103xe.o
Error_Handler                                     build/main.o
                                                  build/i2c.o
                                                  build/usart.o
                                                  build/spi.o
FLASH_IRQHandler                                  build/startup_stm32f103xe.o
FLASH_PageErase                                   build/stm32f1xx_hal_flash_ex.o
                                                  build/stm32f1xx_hal_flash.o
FLASH_WaitForLastOperation                        build/stm32f1xx_hal_flash.o
                                                  build/stm32f1xx_hal_flash_ex.o
FSMC_IRQHandler                                   build/startup_stm32f103xe.o
Flash_Print                                       build/flash.o
                                                  build/main.o
HAL_DBGMCU_DisableDBGSleepMode                    build/stm32f1xx_hal.o
HAL_DBGMCU_DisableDBGStandbyMode                  build/stm32f1xx_hal.o
HAL_DBGMCU_DisableDBGStopMode                     build/stm32f1xx_hal.o
HAL_DBGMCU_EnableDBGSleepMode                     build/stm32f1xx_hal.o
HAL_DBGMCU_EnableDBGStandbyMode                   build/stm32f1xx_hal.o
HAL_DBGMCU_EnableDBGStopMode                      build/stm32f1xx_hal.o
HAL_DMA_Abort                                     build/stm32f1xx_hal_dma.o
                                                  build/usart.o
                                                  build/stm32f1xx_hal_uart.o
                                                  build/stm32f1xx_hal_spi.o
HAL_DMA_Abort_IT                                  build/stm32f1xx_hal_dma.o
                                                  build/stm32f1xx_hal_i2c.o
                                                  build/stm32f1xx_hal_uart.o
                                                  build/stm32f1xx_hal_spi.o
HAL_DMA_DeInit                                    build/stm32f1xx_hal_dma.o
                                                  build/usart.o
                                                  build/spi.o
HAL_DMA_GetError                                  build/stm32f1xx_hal_dma.o
                                                  build/stm32f1xx_hal_uart.o
HAL_DMA_GetState                                  build/stm32f1xx_hal_dma.o
                                                  build/stm32f1xx_hal_i2c.o
HAL_DMA_IRQHandler                                build/stm32f1xx_hal_dma.o
                                                  build/stm32f1xx_it.o
HAL_DMA_Init                                      build/stm32f1xx_hal_dma.o
                                                  build/usart.o
                                                  build/spi.o
HAL_DMA_PollForTransfer                           build/stm32f1xx_hal_dma.o
HAL_DMA_RegisterCallback                          build/stm32f1xx_hal_dma.o
HAL_DMA_Start                                     build/stm32f1xx_hal_dma.o
HAL_DMA_Start_IT                                  build/stm32f1xx_hal_dma.o
                                                  build/stm32f1xx_hal_i2c.o
                                                  build/stm32f1xx_hal_uart.o
                                                  build/stm32f1xx_hal_spi.o
HAL_DMA_UnRegisterCallback                        build/stm32f1xx_hal_dma.o
HAL_DeInit                                        build/stm32f1xx_hal.o
HAL_Delay                                         build/stm32f1xx_hal.o
                                                  build/flash.o
                                                  build/main.o
HAL_EXTI_ClearConfigLine                          build/stm32f1xx_hal_exti.o
HAL_EXTI_ClearPending                             build/stm32f1xx_hal_exti.o
HAL_EXTI_GenerateSWI                              build/stm32f1xx_hal_exti.o
HAL_EXTI_GetConfigLine                            build/stm32f1xx_hal_exti.o
HAL_EXTI_GetHandle                                build/stm32f1xx_hal_exti.o
HAL_EXTI_GetPending                               build/stm32f1xx_hal_exti.o
HAL_EXTI_IRQHandler                               build/stm32f1xx_hal_exti.o
HAL_EXTI_RegisterCallback                         build/stm32f1xx_hal_exti.o
HAL_EXTI_SetConfigLine                            build/stm32f1xx_hal_exti.o
HAL_FLASHEx_Erase                                 build/stm32f1xx_hal_flash_ex.o
HAL_FLASHEx_Erase_IT                              build/stm32f1xx_hal_flash_ex.o
HAL_FLASHEx_OBErase                               build/stm32f1xx_hal_flash_ex.o
HAL_FLASHEx_OBGetConfig                           build/stm32f1xx_hal_flash_ex.o
HAL_FLASHEx_OBGetUserData                         build/stm32f1xx_hal_flash_ex.o
HAL_FLASHEx_OBProgram                             build/stm32f1xx_hal_flash_ex.o
HAL_FLASH_EndOfOperationCallback                  build/stm32f1xx_hal_flash.o
HAL_FLASH_GetError                                build/stm32f1xx_hal_flash.o
HAL_FLASH_IRQHandler                              build/stm32f1xx_hal_flash.o
HAL_FLASH_Lock                                    build/stm32f1xx_hal_flash.o
HAL_FLASH_OB_Launch                               build/stm32f1xx_hal_flash.o
HAL_FLASH_OB_Lock                                 build/stm32f1xx_hal_flash.o
HAL_FLASH_OB_Unlock                               build/stm32f1xx_hal_flash.o
HAL_FLASH_OperationErrorCallback                  build/stm32f1xx_hal_flash.o
HAL_FLASH_Program                                 build/stm32f1xx_hal_flash.o
HAL_FLASH_Program_IT                              build/stm32f1xx_hal_flash.o
HAL_FLASH_Unlock                                  build/stm32f1xx_hal_flash.o
HAL_GPIOEx_ConfigEventout                         build/stm32f1xx_hal_gpio_ex.o
HAL_GPIOEx_DisableEventout                        build/stm32f1xx_hal_gpio_ex.o
HAL_GPIOEx_EnableEventout                         build/stm32f1xx_hal_gpio_ex.o
HAL_GPIO_DeInit                                   build/stm32f1xx_hal_gpio.o
                                                  build/i2c.o
                                                  build/usart.o
                                                  build/spi.o
HAL_GPIO_EXTI_Callback                            build/stm32f1xx_hal_gpio.o
HAL_GPIO_EXTI_IRQHandler                          build/stm32f1xx_hal_gpio.o
HAL_GPIO_Init                                     build/stm32f1xx_hal_gpio.o
                                                  build/soft_i2c.o
                                                  build/esp8266.o
                                                  build/i2c.o
                                                  build/usart.o
                                                  build/spi.o
                                                  build/gpio.o
                                                  build/stm32f1xx_hal_rcc.o
HAL_GPIO_LockPin                                  build/stm32f1xx_hal_gpio.o
HAL_GPIO_ReadPin                                  build/stm32f1xx_hal_gpio.o
                                                  build/soft_i2c.o
                                                  build/multi_button.o
HAL_GPIO_TogglePin                                build/stm32f1xx_hal_gpio.o
                                                  build/soft_i2c.o
                                                  build/multi_button.o
HAL_GPIO_WritePin                                 build/stm32f1xx_hal_gpio.o
                                                  build/soft_i2c.o
                                                  build/flash.o
                                                  build/esp8266.o
                                                  build/spi.o
                                                  build/gpio.o
HAL_GetDEVID                                      build/stm32f1xx_hal.o
HAL_GetHalVersion                                 build/stm32f1xx_hal.o
HAL_GetREVID                                      build/stm32f1xx_hal.o
HAL_GetTick                                       build/stm32f1xx_hal.o
                                                  build/stm32f1xx_hal_i2c.o
                                                  build/stm32f1xx_hal_uart.o
                                                  build/stm32f1xx_hal_flash.o
                                                  build/stm32f1xx_hal_dma.o
                                                  build/stm32f1xx_hal_rcc_ex.o
                                                  build/stm32f1xx_hal_rcc.o
                                                  build/stm32f1xx_hal_spi.o
                                                  build/main.o
HAL_GetTickFreq                                   build/stm32f1xx_hal.o
HAL_GetTickPrio                                   build/stm32f1xx_hal.o
HAL_GetUIDw0                                      build/stm32f1xx_hal.o
HAL_GetUIDw1                                      build/stm32f1xx_hal.o
HAL_GetUIDw2                                      build/stm32f1xx_hal.o
HAL_HalfDuplex_EnableReceiver                     build/stm32f1xx_hal_uart.o
HAL_HalfDuplex_EnableTransmitter                  build/stm32f1xx_hal_uart.o
HAL_HalfDuplex_Init                               build/stm32f1xx_hal_uart.o
HAL_I2C_AbortCpltCallback                         build/stm32f1xx_hal_i2c.o
HAL_I2C_AddrCallback                              build/stm32f1xx_hal_i2c.o
HAL_I2C_DeInit                                    build/stm32f1xx_hal_i2c.o
HAL_I2C_DisableListen_IT                          build/stm32f1xx_hal_i2c.o
HAL_I2C_ER_IRQHandler                             build/stm32f1xx_hal_i2c.o
HAL_I2C_EV_IRQHandler                             build/stm32f1xx_hal_i2c.o
HAL_I2C_EnableListen_IT                           build/stm32f1xx_hal_i2c.o
HAL_I2C_ErrorCallback                             build/stm32f1xx_hal_i2c.o
HAL_I2C_GetError                                  build/stm32f1xx_hal_i2c.o
HAL_I2C_GetMode                                   build/stm32f1xx_hal_i2c.o