Archive member included to satisfy reference by file (symbol)

e:/stm32-gcc/gcc-arm-none-eabi-10.3-2021.10/bin/../lib/gcc/arm-none-eabi/10.3.1/../../../../arm-none-eabi/lib/thumb/v7e-m+fp/hard\libc.a(lib_a-exit.o)
                              e:/stm32-gcc/gcc-arm-none-eabi-10.3-2021.10/bin/../lib/gcc/arm-none-eabi/10.3.1/../../../../arm-none-eabi/lib/thumb/v7e-m+fp/hard/crt0.o (exit)
e:/stm32-gcc/gcc-arm-none-eabi-10.3-2021.10/bin/../lib/gcc/arm-none-eabi/10.3.1/../../../../arm-none-eabi/lib/thumb/v7e-m+fp/hard\libc.a(lib_a-impure.o)
                              e:/stm32-gcc/gcc-arm-none-eabi-10.3-2021.10/bin/../lib/gcc/arm-none-eabi/10.3.1/../../../../arm-none-eabi/lib/thumb/v7e-m+fp/hard\libc.a(lib_a-exit.o) (_global_impure_ptr)
e:/stm32-gcc/gcc-arm-none-eabi-10.3-2021.10/bin/../lib/gcc/arm-none-eabi/10.3.1/../../../../arm-none-eabi/lib/thumb/v7e-m+fp/hard\libc.a(lib_a-init.o)
                              e:/stm32-gcc/gcc-arm-none-eabi-10.3-2021.10/bin/../lib/gcc/arm-none-eabi/10.3.1/../../../../arm-none-eabi/lib/thumb/v7e-m+fp/hard/crt0.o (__libc_init_array)
e:/stm32-gcc/gcc-arm-none-eabi-10.3-2021.10/bin/../lib/gcc/arm-none-eabi/10.3.1/../../../../arm-none-eabi/lib/thumb/v7e-m+fp/hard\libc.a(lib_a-memcpy.o)
                              build/flash.o (memcpy)
e:/stm32-gcc/gcc-arm-none-eabi-10.3-2021.10/bin/../lib/gcc/arm-none-eabi/10.3.1/../../../../arm-none-eabi/lib/thumb/v7e-m+fp/hard\libc.a(lib_a-memset.o)
                              e:/stm32-gcc/gcc-arm-none-eabi-10.3-2021.10/bin/../lib/gcc/arm-none-eabi/10.3.1/../../../../arm-none-eabi/lib/thumb/v7e-m+fp/hard/crt0.o (memset)
e:/stm32-gcc/gcc-arm-none-eabi-10.3-2021.10/bin/../lib/gcc/arm-none-eabi/10.3.1/../../../../arm-none-eabi/lib/thumb/v7e-m+fp/hard\libc.a(lib_a-strlen.o)
                              build/command.o (strlen)
e:/stm32-gcc/gcc-arm-none-eabi-10.3-2021.10/bin/../lib/gcc/arm-none-eabi/10.3.1/../../../../arm-none-eabi/lib/thumb/v7e-m+fp/hard\libc.a(lib_a-strncpy.o)
                              build/command.o (strncpy)
e:/stm32-gcc/gcc-arm-none-eabi-10.3-2021.10/bin/../lib/gcc/arm-none-eabi/10.3.1/../../../../arm-none-eabi/lib/thumb/v7e-m+fp/hard\libc.a(lib_a-vsnprintf.o)
                              build/command.o (vsnprintf)
e:/stm32-gcc/gcc-arm-none-eabi-10.3-2021.10/bin/../lib/gcc/arm-none-eabi/10.3.1/../../../../arm-none-eabi/lib/thumb/v7e-m+fp/hard\libc.a(lib_a-__call_atexit.o)
                              e:/stm32-gcc/gcc-arm-none-eabi-10.3-2021.10/bin/../lib/gcc/arm-none-eabi/10.3.1/../../../../arm-none-eabi/lib/thumb/v7e-m+fp/hard\libc.a(lib_a-exit.o) (__call_exitprocs)
e:/stm32-gcc/gcc-arm-none-eabi-10.3-2021.10/bin/../lib/gcc/arm-none-eabi/10.3.1/../../../../arm-none-eabi/lib/thumb/v7e-m+fp/hard\libc.a(lib_a-atexit.o)
                              e:/stm32-gcc/gcc-arm-none-eabi-10.3-2021.10/bin/../lib/gcc/arm-none-eabi/10.3.1/../../../../arm-none-eabi/lib/thumb/v7e-m+fp/hard\libc.a(lib_a-__call_atexit.o) (atexit)
e:/stm32-gcc/gcc-arm-none-eabi-10.3-2021.10/bin/../lib/gcc/arm-none-eabi/10.3.1/../../../../arm-none-eabi/lib/thumb/v7e-m+fp/hard\libc.a(lib_a-fini.o)
                              e:/stm32-gcc/gcc-arm-none-eabi-10.3-2021.10/bin/../lib/gcc/arm-none-eabi/10.3.1/../../../../arm-none-eabi/lib/thumb/v7e-m+fp/hard\libc.a(lib_a-__call_atexit.o) (__libc_fini_array)
e:/stm32-gcc/gcc-arm-none-eabi-10.3-2021.10/bin/../lib/gcc/arm-none-eabi/10.3.1/../../../../arm-none-eabi/lib/thumb/v7e-m+fp/hard\libc.a(lib_a-lock.o)
                              e:/stm32-gcc/gcc-arm-none-eabi-10.3-2021.10/bin/../lib/gcc/arm-none-eabi/10.3.1/../../../../arm-none-eabi/lib/thumb/v7e-m+fp/hard\libc.a(lib_a-__call_atexit.o) (__retarget_lock_acquire_recursive)
e:/stm32-gcc/gcc-arm-none-eabi-10.3-2021.10/bin/../lib/gcc/arm-none-eabi/10.3.1/../../../../arm-none-eabi/lib/thumb/v7e-m+fp/hard\libc.a(lib_a-svfprintf.o)
                              e:/stm32-gcc/gcc-arm-none-eabi-10.3-2021.10/bin/../lib/gcc/arm-none-eabi/10.3.1/../../../../arm-none-eabi/lib/thumb/v7e-m+fp/hard\libc.a(lib_a-vsnprintf.o) (_svfprintf_r)
e:/stm32-gcc/gcc-arm-none-eabi-10.3-2021.10/bin/../lib/gcc/arm-none-eabi/10.3.1/../../../../arm-none-eabi/lib/thumb/v7e-m+fp/hard\libc.a(lib_a-__atexit.o)
                              e:/stm32-gcc/gcc-arm-none-eabi-10.3-2021.10/bin/../lib/gcc/arm-none-eabi/10.3.1/../../../../arm-none-eabi/lib/thumb/v7e-m+fp/hard\libc.a(lib_a-atexit.o) (__register_exitproc)
e:/stm32-gcc/gcc-arm-none-eabi-10.3-2021.10/bin/../lib/gcc/arm-none-eabi/10.3.1/../../../../arm-none-eabi/lib/thumb/v7e-m+fp/hard\libc.a(lib_a-dtoa.o)
                              e:/stm32-gcc/gcc-arm-none-eabi-10.3-2021.10/bin/../lib/gcc/arm-none-eabi/10.3.1/../../../../arm-none-eabi/lib/thumb/v7e-m+fp/hard\libc.a(lib_a-svfprintf.o) (_dtoa_r)
e:/stm32-gcc/gcc-arm-none-eabi-10.3-2021.10/bin/../lib/gcc/arm-none-eabi/10.3.1/../../../../arm-none-eabi/lib/thumb/v7e-m+fp/hard\libc.a(lib_a-freer.o)
[...]
Memory Configuration

Name             Origin             Length             Attributes
RAM              0x20000000         0x00020000         xrw
CCMRAM           0x10000000         0x00010000         xrw
FLASH            0x08000000         0x00080000         xr
*default*        0x00000000         0xffffffff

Linker script and memory map

LOAD e:/stm32-gcc/gcc-arm-none-eabi-10.3-2021.10/bin/../lib/gcc/arm-none-eabi/10.3.1/thumb/v7e-m+fp/hard/crti.o
LOAD e:/stm32-gcc/gcc-arm-none-eabi-10.3-2021.10/bin/../lib/gcc/arm-none-eabi/10.3.1/thumb/v7e-m+fp/hard/crtbegin.o
LOAD e:/stm32-gcc/gcc-arm-none-eabi-10.3-2021.10/bin/../lib/gcc/arm-none-eabi/10.3.1/../../../../arm-none-eabi/lib/thumb/v7e-m+fp/hard/crt0.o
LOAD build/main.o
LOAD build/stm32f4xx_it.o
LOAD build/stm32f4xx_hal_msp.o
LOAD build/stm32f4xx_hal_adc.o
LOAD build/stm32f4xx_hal_adc_ex.o
LOAD build/stm32f4xx_hal_dac.o
LOAD build/stm32f4xx_hal_dac_ex.o
LOAD build/stm32f4xx_ll_adc.o
LOAD build/stm32f4xx_hal_tim.o
LOAD build/stm32f4xx_hal_tim_ex.o
LOAD build/stm32f4xx_hal_uart.o
LOAD build/stm32f4xx_hal_rcc.o
LOAD build/stm32f4xx_hal_rcc_ex.o
LOAD build/stm32f4xx_hal_flash.o
LOAD build/stm32f4xx_hal_flash_ex.o
LOAD build/stm32f4xx_hal_flash_ramfunc.o
LOAD build/stm32f4xx_hal_gpio.o
LOAD build/stm32f4xx_hal_dma_ex.o
LOAD build/stm32f4xx_hal_dma.o
LOAD build/stm32f4xx_hal_pwr.o
LOAD build/stm32f4xx_hal_pwr_ex.o
LOAD build/stm32f4xx_hal_cortex.o
LOAD build/stm32f4xx_hal.o
LOAD build/stm32f4xx_hal_exti.o
LOAD build/stm32f4xx_hal_spi.o
LOAD build/system_stm32f4xx.o
LOAD build/soft_i2c.o
LOAD build/rtc_i2c.o
LOAD build/current.o
LOAD build/flash.o
LOAD build/rtc.o
LOAD build/temp.o
LOAD build/power.o
LOAD build/voltage.o
LOAD build/drv_wave1006.o
LOAD build/command.o
LOAD build/manager.o
LOAD build/log.o
LOAD build/task.o
LOAD build/control.o
LOAD build/calculate.o
LOAD build/startup_stm32f407xx.o
LOAD e:/stm32-gcc/gcc-arm-none-eabi-10.3-2021.10/bin/../lib/gcc/arm-none-eabi/10.3.1/../../../../arm-none-eabi/lib/thumb/v7e-m+fp/hard\libc.a
LOAD e:/stm32-gcc/gcc-arm-none-eabi-10.3-2021.10/bin/../lib/gcc/arm-none-eabi/10.3.1/../../../../arm-none-eabi/lib/thumb/v7e-m+fp/hard\libm.a
LOAD e:/stm32-gcc/gcc-arm-none-eabi-10.3-2021.10/bin/../lib/gcc/arm-none-eabi/10.3.1/../../../../arm-none-eabi/lib/thumb/v7e-m+fp/hard\libnosys.a
START GROUP
LOAD e:/stm32-gcc/gcc-arm-none-eabi-10.3-2021.10/bin/../lib/gcc/arm-none-eabi/10.3.1/thumb/v7e-m+fp/hard\libgcc.a
LOAD e:/stm32-gcc/gcc-arm-none-eabi-10.3-2021.10/bin/../lib/gcc/arm-none-eabi/10.3.1/../../../../arm-none-eabi/lib/thumb/v7e-m+fp/hard\libc.a
END GROUP
LOAD e:/stm32-gcc/gcc-arm-none-eabi-10.3-2021.10/bin/../lib/gcc/arm-none-eabi/10.3.1/thumb/v7e-m+fp/hard/crtend.o
LOAD e:/stm32-gcc/gcc-arm-none-eabi-10.3-2021.10/bin/../lib/gcc/arm-none-eabi/10.3.1/thumb/v7e-m+fp/hard/crtn.o
                0x20020000                _estack = (ORIGIN (RAM) + LENGTH (RAM))
                0x00000200                _Min_Heap_Size = 0x200
                0x00000400                _Min_Stack_Size = 0x400

.isr_vector     0x08000000      0x188
                0x08000000                . = ALIGN (0x4)
 *(.isr_vector)
 .isr_vector    0x08000000      0x188 build/startup_stm32f407xx.o
                0x08000000                g_pfnVectors
                0x08000188                . = ALIGN (0x4)

.text           0x080001c0    0x14e70
                0x080001c0                . = ALIGN (0x4)
 *(.text)
 .text          0x080001c0       0x40 e:/stm32-gcc/gcc-arm-none-eabi-10.3-2021.10/bin/../lib/gcc/arm-none-eabi/10.3.1/thumb/v7e-m+fp/hard/crtbegin.o
 .text          0x08000200      0x134 e:/stm32-gcc/gcc-arm-none-eabi-10.3-2021.10/bin/../lib/gcc/arm-none-eabi/10.3.1/../../../../arm-none-eabi/lib/thumb/v7e-m+fp/hard\libc.a(lib_a-memcpy.o)
                0x08000200                memcpy
 *fill*         0x08000334        0xc 
 .text          0x08000340       0xdc e:/stm32-gcc/gcc-arm-none-eabi-10.3-2021.10/bin/../lib/gcc/arm-none-eabi/10.3.1/../../../../arm-none-eabi/lib/thumb/v7e-m+fp/hard\libc.a(lib_a-strlen.o)
                0x08000340                strlen
 *fill*         0x0800041c        0x4 
 .text          0x08000420       0xa0 e:/stm32-gcc/gcc-arm-none-eabi-10.3-2021.10/bin/../lib/gcc/arm-none-eabi/10.3.1/../../../../arm-none-eabi/lib/thumb/v7e-m+fp/hard\libc.a(lib_a-memchr.o)
                0x08000420                memchr
 .text          0x080004c0      0x378 e:/stm32-gcc/gcc-arm-none-eabi-10.3-2021.10/bin/../lib/gcc/arm-none-eabi/10.3.1/thumb/v7e-m+fp/hard\libgcc.a(_arm_addsubdf3.o)
                0x080004c0                __aeabi_drsub
                0x080004c8                __aeabi_dsub
                0x080004c8                __subdf3
                0x080004cc                __aeabi_dadd
                0x080004cc                __adddf3
                0x08000744                __floatunsidf
                0x08000744                __aeabi_ui2d
                0x08000764                __floatsidf
                0x08000764                __aeabi_i2d
                0x08000788                __aeabi_f2d
                0x08000788                __extendsfdf2
                0x080007cc                __floatundidf
                0x080007cc                __aeabi_ul2d
                0x080007dc                __floatdidf
                0x080007dc                __aeabi_l2d
 .text          0x08000838      0x424 e:/stm32-gcc/gcc-arm-none-eabi-10.3-2021.10/bin/../lib/gcc/arm-none-eabi/10.3.1/thumb/v7e-m+fp/hard\libgcc.a(_arm_muldivdf3.o)
                0x08000838                __aeabi_dmul
                0x08000838                __muldf3
                0x08000a8c                __divdf3
                0x08000a8c                __aeabi_ddiv
 .text          0x08000c5c      0x110 e:/stm32-gcc/gcc-arm-none-eabi-10.3-2021.10/bin/../lib/gcc/arm-none-eabi/10.3.1/thumb/v7e-m+fp/hard\libgcc.a(_arm_cmpdf2.o)
                0x08000c5c                __gtdf2
                0x08000c5c                __gedf2
                0x08000c64                __ltdf2
                0x08000c64                __ledf2
                0x08000c6c                __nedf2
                0x08000c6c                __eqdf2
                0x08000c6c                __cmpdf2
                0x08000ce8                __aeabi_cdrcmple
                0x08000cf8                __aeabi_cdcmpeq
                0x08000cf8                __aeabi_cdcmple
                0x08000d08                __aeabi_dcmpeq
                0x08000d1c                __aeabi_dcmplt
                0x08000d30                __aeabi_dcmple
                0x08000d44                __aeabi_dcmpge
                0x08000d58                __aeabi_dcmpgt
 .text          0x08000d6c       0x2c e:/stm32-gcc/gcc-arm-none-eabi-10.3-2021.10/bin/../lib/gcc/arm-none-eabi/10.3.1/thumb/v7e-m+fp/hard\libgcc.a(_arm_unorddf2.o)
                0x08000d6c                __unorddf2
                0x08000d6c                __aeabi_dcmpun
 .text          0x08000d98       0x50 e:/stm32-gcc/gcc-arm-none-eabi-10.3-2021.10/bin/../lib/gcc/arm-none-eabi/10.3.1/thumb/v7e-m+fp/hard\libgcc.a(_arm_fixdfsi.o)
                0x08000d98                __aeabi_d2iz
                0x08000d98                __fixdfsi
 .text          0x08000de8       0x40 e:/stm32-gcc/gcc-arm-none-eabi-10.3-2021.10/bin/../lib/gcc/arm-none-eabi/10.3.1/thumb/v7e-m+fp/hard\libgcc.a(_arm_fixunsdfsi.o)
                0x08000de8                __aeabi_d2uiz
                0x08000de8                __fixunsdfsi
 .text          0x08000e28       0xa0 e:/stm32-gcc/gcc-arm-none-eabi-10.3-2021.10/bin/../lib/gcc/arm-none-eabi/10.3.1/thumb/v7e-m+fp/hard\libgcc.a(_arm_truncdfsf2.o)
                0x08000e28                __truncdfsf2
                0x08000e28                __aeabi_d2f
 .text          0x08000ec8       0x30 e:/stm32-gcc/gcc-arm-none-eabi-10.3-2021.10/bin/../lib/gcc/arm-none-eabi/10.3.1/thumb/v7e-m+fp/hard\libgcc.a(_aeabi_uldivmod.o)
                0x08000ec8                __aeabi_uldivmod
 .text          0x08000ef8      0x2d0 e:/stm32-gcc/gcc-arm-none-eabi-10.3-2021.10/bin/../lib/gcc/arm-none-eabi/10.3.1/thumb/v7e-m+fp/hard\libgcc.a(_udivmoddi4.o)
                0x08000ef8                __udivmoddi4
 .text          0x080011c8        0x4 e:/stm32-gcc/gcc-arm-none-eabi-10.3-2021.10/bin/../lib/gcc/arm-none-eabi/10.3.1/thumb/v7e-m+fp/hard\libgcc.a(_dvmd_tls.o)
                0x080011c8                __aeabi_idiv0
                0x080011c8                __aeabi_ldiv0
 *(.text*)
 .text.MX_GPIO_Init
                0x080011cc      0x1bc build/main.o
 .text.Error_Handler
                0x08001388        0x4 build/main.o
                0x08001388                Error_Handler
 .text.MX_USART1_UART_Init
                0x0800138c       0x34 build/main.o
 .text.MX_ADC1_Init
                0x080013c0       0x6c build/main.o
 .text.MX_SPI1_Init
                0x0800142c       0x40 build/main.o
 .text.MX_USART2_UART_Init
                0x0800146c       0x34 build/main.o
 .text.MX_USART3_UART_Init
                0x080014a0       0x34 build/main.o
 .text.MX_DAC_Init
                0x080014d4       0x3c build/main.o
 .text.SystemClock_Config
                0x08001510       0xa8 build/main.o
                0x08001510                SystemClock_Config
 .text.main     0x080015b8       0x5c build/main.o
                0x080015b8                main
 .text.NMI_Handler
                0x08001614        0x2 build/stm32f4xx_it.o
                0x08001614                NMI_Handler
 .text.HardFault_Handler
                0x08001616        0x2 build/stm32f4xx_it.o
                0x08001616                HardFault_Handler
 .text.MemManage_Handler
                0x08001618        0x2 build/stm32f4xx_it.o
                0x08001618                MemManage_Handler
 .text.BusFault_Handler
                0x0800161a        0x2 build/stm32f4xx_it.o
                0x0800161a                BusFault_Handler
 .text.UsageFault_Handler
                0x0800161c        0x2 build/stm32f4xx_it.o
                0x0800161c                UsageFault_Handler
 .text.SVC_Handler
                0x0800161e        0x2 build/stm32f4xx_it.o
                0x0800161e                SVC_Handler
 .text.DebugMon_Handler
                0x08001620        0x2 build/stm32f4xx_it.o
                0x08001620                DebugMon_Handler
 .text.PendSV_Handler
                0x08001622        0x2 build/stm32f4xx_it.o
                0x08001622                PendSV_Handler
 .text.SysTick_Handler
                0x08001624        0x8 build/stm32f4xx_it.o
                0x08001624                SysTick_Handler
 .text.SPI1_IRQHandler
                0x0800162c       0x10 build/stm32f4xx_it.o
                0x0800162c                SPI1_IRQHandler
 .text.USART1_IRQHandler
                0x0800163c       0x10 build/stm32f4xx_it.o
                0x0800163c                USART1_IRQHandler
 .text.USART2_IRQHandler
                0x0800164c       0x10 build/stm32f4xx_it.o
                0x0800164c                USART2_IRQHandler
 .text.USART3_IRQHandler
                0x0800165c       0x10 build/stm32f4xx_it.o
                0x0800165c                USART3_IRQHandler
 .text.HAL_MspInit
                0x0800166c       0x38 build/stm32f4xx_hal_msp.o
                0x0800166c                HAL_MspInit
 .text.HAL_ADC_MspInit
                0x080016a4       0x9c build/stm32f4xx_hal_msp.o
                0x080016a4                HAL_ADC_MspInit
 .text.HAL_DAC_MspInit
                0x08001740       0x68 build/stm32f4xx_hal_msp.o
                0x08001740                HAL_DAC_MspInit
 .text.HAL_SPI_MspInit
                0x080017a8       0x7c build/stm32f4xx_hal_msp.o
                0x080017a8                HAL_SPI_MspInit
 .text.HAL_UART_MspInit
                0x08001824      0x148 build/stm32f4xx_hal_msp.o
                0x08001824                HAL_UART_MspInit
 .text.ADC_Init
                0x0800196c      0x134 build/stm32f4xx_hal_adc.o
 .text.HAL_ADC_Init
                0x08001aa0       0x56 build/stm32f4xx_hal_adc.o
                0x08001aa0                HAL_ADC_Init
 *fill*         0x08001af6        0x2 
 .text.HAL_ADC_Start
                0x08001af8      0x144 build/stm32f4xx_hal_adc.o
                0x08001af8                HAL_ADC_Start
 .text.HAL_ADC_Stop
                0x08001c3c       0x40 build/stm32f4xx_hal_adc.o
                0x08001c3c                HAL_ADC_Stop
 .text.HAL_ADC_PollForConversion
                0x08001c7c       0xb8 build/stm32f4xx_hal_adc.o
                0x08001c7c                HAL_ADC_PollForConversion
 .text.HAL_ADC_GetValue
                0x08001d34        0x6 build/stm32f4xx_hal_adc.o
                0x08001d34                HAL_ADC_GetValue
 *fill*         0x08001d3a        0x2 
 .text.HAL_ADC_ConfigChannel
                0x08001d3c      0x198 build/stm32f4xx_hal_adc.o
                0x08001d3c                HAL_ADC_ConfigChannel
 .text.HAL_DAC_Init
                0x08001ed4       0x24 build/stm32f4xx_hal_dac.o
                0x08001ed4                HAL_DAC_Init
 .text.HAL_DAC_Start
                0x08001ef8       0x68 build/stm32f4xx_hal_dac.o
                0x08001ef8                HAL_DAC_Start
 .text.HAL_DAC_SetValue
                0x08001f60       0x2e build/stm32f4xx_hal_dac.o
                0x08001f60                HAL_DAC_SetValue
 .text.HAL_DAC_ConfigChannel
                0x08001f8e       0x56 build/stm32f4xx_hal_dac.o
                0x08001f8e                HAL_DAC_ConfigChannel
 .text.UART_EndRxTransfer
                0x08001fe4       0x5c build/stm32f4xx_hal_uart.o
 .text.UART_Transmit_IT
                0x08002040       0x60 build/stm32f4xx_hal_uart.o
 .text.UART_SetConfig
                0x080020a0      0x110 build/stm32f4xx_hal_uart.o
 .text.UART_WaitOnFlagUntilTimeout
                0x080021b0       0x88 build/stm32f4xx_hal_uart.o
 .text.HAL_UART_Init
                0x08002238       0x5e build/stm32f4xx_hal_uart.o
                0x08002238                HAL_UART_Init
 .text.HAL_UART_Transmit
                0x08002296       0xd8 build/stm32f4xx_hal_uart.o
                0x08002296                HAL_UART_Transmit
 .text.HAL_UART_TxCpltCallback
                0x0800236e        0x2 build/stm32f4xx_hal_uart.o
                0x0800236e                HAL_UART_TxCpltCallback
 .text.UART_EndTransmit_IT
                0x08002370       0x1a build/stm32f4xx_hal_uart.o
 .text.HAL_UART_ErrorCallback
                0x0800238a        0x2 build/stm32f4xx_hal_uart.o
                0x0800238a                HAL_UART_ErrorCallback
 .text.UART_DMAAbortOnError
                0x0800238c       0x10 build/stm32f4xx_hal_uart.o
 .text.HAL_UARTEx_RxEventCallback
                0x0800239c        0x2 build/stm32f4xx_hal_uart.o
                0x0800239c                HAL_UARTEx_RxEventCallback
 .text.UART_Receive_IT
                0x0800239e       0xe2 build/stm32f4xx_hal_uart.o
 .text.HAL_UART_IRQHandler
                0x08002480      0x280 build/stm32f4xx_hal_uart.o
                0x08002480                HAL_UART_IRQHandler
 .text.UART_Start_Receive_IT
                0x08002700       0x3a build/stm32f4xx_hal_uart.o
                0x08002700                UART_Start_Receive_IT
 .text.HAL_UART_Receive_IT
                0x0800273a       0x38 build/stm32f4xx_hal_uart.o
                0x0800273a                HAL_UART_Receive_IT
 *fill*         0x08002772        0x2 
 .text.HAL_RCC_OscConfig
                0x08002774      0x3f8 build/stm32f4xx_hal_rcc.o
                0x08002774                HAL_RCC_OscConfig
 .text.HAL_RCC_GetSysClockFreq
                0x08002b6c       0xa4 build/stm32f4xx_hal_rcc.o
                0x08002b6c                HAL_RCC_GetSysClockFreq
 .text.HAL_RCC_ClockConfig
                0x08002c10      0x160 build/stm32f4xx_hal_rcc.o
                0x08002c10                HAL_RCC_ClockConfig
 .text.HAL_RCC_GetHCLKFreq
                0x08002d70        0xc build/stm32f4xx_hal_rcc.o
                0x08002d70                HAL_RCC_GetHCLKFreq
 .text.HAL_RCC_GetPCLK1Freq
                0x08002d7c       0x20 build/stm32f4xx_hal_rcc.o
                0x08002d7c                HAL_RCC_GetPCLK1Freq
 .text.HAL_RCC_GetPCLK2Freq
                0x08002d9c       0x20 build/stm32f4xx_hal_rcc.o
                0x08002d9c                HAL_RCC_GetPCLK2Freq
 .text.HAL_GPIO_Init
                0x08002dbc      0x1e4 build/stm32f4xx_hal_gpio.o
                0x08002dbc                HAL_GPIO_Init
 .text.HAL_GPIO_ReadPin
                0x08002fa0        0xe build/stm32f4xx_hal_gpio.o
                0x08002fa0                HAL_GPIO_ReadPin
 .text.HAL_GPIO_WritePin
                0x08002fae        0xc build/stm32f4xx_hal_gpio.o
                0x08002fae                HAL_GPIO_WritePin
 .text.HAL_GPIO_TogglePin
                0x08002fba       0x12 build/stm32f4xx_hal_gpio.o
                0x08002fba                HAL_GPIO_TogglePin
 .text.HAL_DMA_Abort
                0x08002fcc       0x94 build/stm32f4xx_hal_dma.o
                0x08002fcc                HAL_DMA_Abort
 .text.HAL_DMA_Abort_IT
                0x08003060       0x26 build/stm32f4xx_hal_dma.o
                0x08003060                HAL_DMA_Abort_IT
 *fill*         0x08003086        0x2 
 .text.HAL_NVIC_SetPriorityGrouping
                0x08003088       0x24 build/stm32f4xx_hal_cortex.o
                0x08003088                HAL_NVIC_SetPriorityGrouping
 .text.HAL_NVIC_SetPriority
                0x080030ac       0x70 build/stm32f4xx_hal_cortex.o
                0x080030ac                HAL_NVIC_SetPriority
 .text.HAL_NVIC_EnableIRQ
                0x0800311c       0x1c build/stm32f4xx_hal_cortex.o
                0x0800311c                HAL_NVIC_EnableIRQ
 .text.HAL_SYSTICK_Config
                0x08003138       0x28 build/stm32f4xx_hal_cortex.o
                0x08003138                HAL_SYSTICK_Config
 .text.HAL_InitTick
                0x08003160       0x4c build/stm32f4xx_hal.o
                0x08003160                HAL_InitTick
 .text.HAL_Init
                0x080031ac       0x34 build/stm32f4xx_hal.o
                0x080031ac                HAL_Init
 .text.HAL_IncTick
                0x080031e0       0x18 build/stm32f4xx_hal.o
                0x080031e0                HAL_IncTick
 .text.HAL_GetTick
                0x080031f8        0xc build/stm32f4xx_hal.o
                0x080031f8                HAL_GetTick
 .text.HAL_Delay
                0x08003204       0x28 build/stm32f4xx_hal.o
                0x08003204                HAL_Delay
 .text.SPI_WaitFlagStateUntilTimeout
                0x0800322c       0xd4 build/stm32f4xx_hal_spi.o
 .text.SPI_EndRxTxTransaction
                0x08003300       0x68 build/stm32f4xx_hal_spi.o
 .text.SPI_EndRxTransaction
                0x08003368       0x8c build/stm32f4xx_hal_spi.o
 .text.HAL_SPI_Init
                0x080033f4       0xbe build/stm32f4xx_hal_spi.o
                0x080033f4                HAL_SPI_Init
 .text.HAL_SPI_Transmit
                0x080034b2      0x1b8 build/stm32f4xx_hal_spi.o
                0x080034b2                HAL_SPI_Transmit
 .text.HAL_SPI_TransmitReceive
                0x0800366a      0x238 build/stm32f4xx_hal_spi.o
                0x0800366a                HAL_SPI_TransmitReceive
 .text.HAL_SPI_Receive
                0x080038a2      0x180 build/stm32f4xx_hal_spi.o
                0x080038a2                HAL_SPI_Receive
 .text.HAL_SPI_ErrorCallback
                0x08003a22        0x2 build/stm32f4xx_hal_spi.o
                0x08003a22                HAL_SPI_ErrorCallback
 .text.HAL_SPI_IRQHandler
                0x08003a24      0x124 build/stm32f4xx_hal_spi.o
                0x08003a24                HAL_SPI_IRQHandler
 .text.SPI_DMAAbortOnError
                0x08003b48       0x10 build/stm32f4xx_hal_spi.o
 .text.SystemInit
                0x08003b58       0x14 build/system_stm32f4xx.o
                0x08003b58                SystemInit
 .text.i2c_read_sda
                0x08003b6c       0x18 build/soft_i2c.o
 .text.i2c_start
                0x08003b84       0x90 build/soft_i2c.o
                0x08003b84                i2c_start
 .text.i2c_stop
                0x08003c14       0x7c build/soft_i2c.o
                0x08003c14                i2c_stop
 .text.i2c_ack  0x08003c90       0x54 build/soft_i2c.o
                0x08003c90                i2c_ack
 .text.i2c_nack
                0x08003ce4       0x54 build/soft_i2c.o
                0x08003ce4                i2c_nack
 .text.i2c_wait_ack
                0x08003d38       0xa8 build/soft_i2c.o
                0x08003d38                i2c_wait_ack
 .text.i2c_send_byte
                0x08003de0       0x78 build/soft_i2c.o
                0x08003de0                i2c_send_byte
 .text.i2c_receive_byte
                0x08003e58       0xc0 build/soft_i2c.o
                0x08003e58                i2c_receive_byte
 .text.i2c_read_multi_bytes
                0x08003f18       0x78 build/soft_i2c.o
                0x08003f18                i2c_read_multi_bytes
 .text.rtc_read_sda
                0x08003f90       0x14 build/rtc_i2c.o
 .text.rtc_scl_init
                0x08003fa4       0x30 build/rtc_i2c.o
                0x08003fa4                rtc_scl_init
 .text.rtc_set_channel
                0x08003fd4      0x168 build/rtc_i2c.o
                0x08003fd4                rtc_set_channel
 .text.rtc_sda_h
                0x0800413c       0x30 build/rtc_i2c.o
                0x0800413c                rtc_sda_h
 .text.rtc_sda_l
                0x0800416c       0x30 build/rtc_i2c.o
                0x0800416c                rtc_sda_l
 .text.rtc_scl_h
                0x0800419c       0x14 build/rtc_i2c.o
                0x0800419c                rtc_scl_h
 .text.rtc_scl_l
                0x080041b0       0x14 build/rtc_i2c.o
                0x080041b0                rtc_scl_l
 .text.rtc_start
                0x080041c4       0x70 build/rtc_i2c.o
                0x080041c4                rtc_start
 .text.rtc_stop
                0x08004234       0x58 build/rtc_i2c.o
                0x08004234                rtc_stop
 .text.rtc_ack  0x0800428c       0x3c build/rtc_i2c.o
                0x0800428c                rtc_ack
 .text.rtc_nack
                0x080042c8       0x30 build/rtc_i2c.o
                0x080042c8                rtc_nack
 .text.rtc_wait_ack
                0x080042f8       0x84 build/rtc_i2c.o
                0x080042f8                rtc_wait_ack
 .text.rtc_send_byte
                0x0800437c       0x60 build/rtc_i2c.o
                0x0800437c                rtc_send_byte
 .text.rtc_receive_byte
                0x080043dc       0xa4 build/rtc_i2c.o
                0x080043dc                rtc_receive_byte
 .text.rtc_write_multi_bytes
                0x08004480       0x5c build/rtc_i2c.o
                0x08004480                rtc_write_multi_bytes
 .text.rtc_read_multi_bytes
                0x080044dc       0x78 build/rtc_i2c.o
                0x080044dc                rtc_read_multi_bytes
 .text.rtc_write_lock_on
                0x08004554       0x3a build/rtc_i2c.o
                0x08004554                rtc_write_lock_on
 .text.rtc_write_lock_off
                0x0800458e       0x3a build/rtc_i2c.o
                0x0800458e                rtc_write_lock_off
 .text.rtc_download_otp_data
                0x080045c8       0xb8 build/rtc_i2c.o
                0x080045c8                rtc_download_otp_data
 .text.adc_clk_h
                0x08004680       0x14 build/current.o
 .text.adc_clk_l
                0x08004694       0x14 build/current.o
 .text.adc_dout_l
                0x080046a8       0x14 build/current.o
 .text.adc_dout_h
                0x080046bc       0x14 build/current.o
 .text.adc_read_din
                0x080046d0       0x18 build/current.o
 .text.CS1237OneClock
                0x080046e8       0x20 build/current.o
                0x080046e8                CS1237OneClock
 .text.CS1237Voltage
                0x08004708       0x7c build/current.o
                0x08004708                CS1237Voltage
 .text.CS1237Current
                0x08004784       0xf0 build/current.o
                0x08004784                CS1237Current
 .text.CS1237ReadConfig
                0x08004874      0x128 build/current.o
                0x08004874                CS1237ReadConfig
 .text.CS1237WriteConfig
                0x0800499c       0xe8 build/current.o
                0x0800499c                CS1237WriteConfig
 .text.CS1237Init
                0x08004a84       0x1e build/current.o
                0x08004a84                CS1237Init
 *fill*         0x08004aa2        0x2 
 .text.CheckBusy
                0x08004aa4       0x70 build/flash.o
                0x08004aa4                CheckBusy
 .text.address_32_to_8
                0x08004b14       0x10 build/flash.o
                0x08004b14                address_32_to_8
 .text.flash_erase
                0x08004b24       0xc0 build/flash.o
                0x08004b24                flash_erase
 .text.flash_write_data
                0x08004be4       0xcc build/flash.o
                0x08004be4                flash_write_data
 .text.flash_read_data
                0x08004cb0       0x94 build/flash.o
                0x08004cb0                flash_read_data
 .text.float_to_uint8
                0x08004d44       0x12 build/flash.o
                0x08004d44                float_to_uint8
 .text.uint8_to_float
                0x08004d56       0x18 build/flash.o
                0x08004d56                uint8_to_float
 .text.flash_test_flag_manage
                0x08004d6e       0xa8 build/flash.o
                0x08004d6e                flash_test_flag_manage
 .text.flash_test_data_read
                0x08004e16      0x268 build/flash.o
                0x08004e16                flash_test_data_read
 .text.flash_test_data_write_add
                0x0800507e      0x238 build/flash.o
                0x0800507e                flash_test_data_write_add
 *fill*         0x080052b6        0x2 
 .text.flash_test_data_clear
                0x080052b8      0x140 build/flash.o
                0x080052b8                flash_test_data_clear
 .text.test_data_printf
                0x080053f8      0x1c8 build/flash.o
                0x080053f8                test_data_printf
 .text.rtc_read_temp
                0x080055c0       0x80 build/rtc.o
                0x080055c0                rtc_read_temp
 .text.rtc_set_bat_charge
                0x08005640       0x48 build/rtc.o
                0x08005640                rtc_set_bat_charge
 .text.rtc_read_vbat
                0x08005688       0x88 build/rtc.o
                0x08005688                rtc_read_vbat
 .text.rtc_read_date
                0x08005710       0xf0 build/rtc.o
                0x08005710                rtc_read_date
 .text.rtc_write_date
                0x08005800       0xd8 build/rtc.o
                0x08005800                rtc_write_date
 .text.rtc_out_4096
                0x080058d8       0x24 build/rtc.o
                0x080058d8                rtc_out_4096
 .text.rtc_disable_int
                0x080058fc       0x24 build/rtc.o
                0x080058fc                rtc_disable_int
 .text.rtc_set_testcap
                0x08005920       0x20 build/rtc.o
                0x08005920                rtc_set_testcap
 .text.rtc_set_testmode
                0x08005940        0x4 build/rtc.o
                0x08005940                rtc_set_testmode
 .text.rtc_1006_set_testmode
                0x08005944      0x11c build/rtc.o
                0x08005944                rtc_1006_set_testmode
 .text.rtc_1006_exit_testmode
                0x08005a60       0x58 build/rtc.o
                0x08005a60                rtc_1006_exit_testmode
 .text.rtc_exit_testmode
                0x08005ab8       0x32 build/rtc.o
                0x08005ab8                rtc_exit_testmode
 .text.rtc_set_int_channel
                0x08005aea        0x2 build/rtc.o
                0x08005aea                rtc_set_int_channel
 .text.rtc_read_otp_data
                0x08005aec       0x54 build/rtc.o
                0x08005aec                rtc_read_otp_data
 .text.rtc_convert_temp_offset
                0x08005b40       0x38 build/rtc.o
                0x08005b40                rtc_convert_temp_offset
 .text.rtc_init_test_cap
                0x08005b78       0xd4 build/rtc.o
                0x08005b78                rtc_init_test_cap
 .text.cap_list_to_uint
                0x08005c4c       0x1c build/rtc.o
                0x08005c4c                cap_list_to_uint
 .text.cap_list_number_convert
                0x08005c68      0x19c build/rtc.o
                0x08005c68                cap_list_number_convert
 *fill*         0x08005e04        0x4 
 .text.digtal_adj_convert
                0x08005e08       0x68 build/rtc.o
                0x08005e08                digtal_adj_convert
 .text.wave1006_read_temp_adc
                0x08005e70       0x84 build/rtc.o
                0x08005e70                wave1006_read_temp_adc
 .text.system_get_rtc_temp
                0x08005ef4       0x64 build/rtc.o
                0x08005ef4                system_get_rtc_temp
 .text.temp_read_value
                0x08005f58       0x84 build/temp.o
                0x08005f58                temp_read_value
 .text.rtc_vertical_open_one
                0x08005fdc       0x18 build/power.o
                0x08005fdc                rtc_vertical_open_one
 .text.rtc_vertical_close_one
                0x08005ff4       0x18 build/power.o
                0x08005ff4                rtc_vertical_close_one
 .text.rtc_vertical_control
                0x0800600c       0x6c build/power.o
                0x0800600c                rtc_vertical_control
 .text.rtc_horizontal_vdd_control
                0x08006078       0x78 build/power.o
                0x08006078                rtc_horizontal_vdd_control
 .text.rtc_horizontal_bat_control
                0x080060f0       0x70 build/power.o
                0x080060f0                rtc_horizontal_bat_control
 .text.rtc_otp_power
                0x08006160       0x58 build/power.o
                0x08006160                rtc_otp_power
 .text.rtc_group_power
                0x080061b8      0x1a8 build/power.o
                0x080061b8                rtc_group_power
 .text.ststem_voltage
                0x08006360       0x4c build/voltage.o
                0x08006360                ststem_voltage
 .text.get_device_addr
                0x080063ac       0x28 build/drv_wave1006.o
                0x080063ac                get_device_addr
 .text.drv_wave1006_read_reg
                0x080063d4       0x38 build/drv_wave1006.o
                0x080063d4                drv_wave1006_read_reg
 .text.drv_wave1006_write_reg
                0x0800640c       0x38 build/drv_wave1006.o
                0x0800640c                drv_wave1006_write_reg
 .text.wave1006_write_otp_single
                0x08006444       0x5e build/drv_wave1006.o
 .text.wave1006_read_otp_single
                0x080064a2       0x74 build/drv_wave1006.o
 *fill*         0x08006516        0x2 
 .text.wave1006_enter_test_mode
                0x08006518       0x88 build/drv_wave1006.o
                0x08006518                wave1006_enter_test_mode
 .text.wave1006_write_otp
                0x080065a0      0x6e8 build/drv_wave1006.o
                0x080065a0                wave1006_write_otp
 .text.sd8800_calcul_cap
                0x08006c88       0x4c build/drv_wave1006.o
                0x08006c88                sd8800_calcul_cap
 *fill*         0x08006cd4        0x4 
 .text.sd8800_write_otp
                0x08006cd8      0x220 build/drv_wave1006.o
                0x08006cd8                sd8800_write_otp
 .text.sd8800_ACEQ100
                0x08006ef8      0x2d4 build/drv_wave1006.o
                0x08006ef8                sd8800_ACEQ100
 .text.AT_RTCADJCAP_Handle
                0x080071cc        0xa build/command.o
                0x080071cc                AT_RTCADJCAP_Handle
 *fill*         0x080071d6        0x2 
 .text.UsbPrintf
                0x080071d8       0x50 build/command.o
                0x080071d8                UsbPrintf
 .text.AT_HELP_Handle
                0x08007228       0x40 build/command.o
                0x08007228                AT_HELP_Handle
 .text.AT_VERSION_Handle
                0x08007268       0x38 build/command.o
                0x08007268                AT_VERSION_Handle
 .text.AT_REALTIME_Handle
                0x080072a0       0x40 build/command.o
                0x080072a0                AT_REALTIME_Handle
 .text.AT_RTCCURRENT_Handle
                0x080072e0       0x20 build/command.o
                0x080072e0                AT_RTCCURRENT_Handle
 .text.AT_RTCVBAT_Handle
                0x08007300       0x2c build/command.o
                0x08007300                AT_RTCVBAT_Handle
 .text.AT_RTCOTP_Handle
                0x0800732c       0x10 build/command.o
                0x0800732c                AT_RTCOTP_Handle
 .text.AT_RTCMODE_Handle
                0x0800733c       0x54 build/command.o
                0x0800733c                AT_RTCMODE_Handle
 .text.AT_SYSTEMP_Handle
                0x08007390       0x2c build/command.o
                0x08007390                AT_SYSTEMP_Handle
 .text.AT_WRITEFLASH_Handle
                0x080073bc       0x28 build/command.o
                0x080073bc                AT_WRITEFLASH_Handle
 *fill*         0x080073e4        0x4 
 .text.AT_SYSVOLTAGE_Handle
                0x080073e8       0xe0 build/command.o
                0x080073e8                AT_SYSVOLTAGE_Handle
 .text.AT_TESTFLAG_Handle
                0x080074c8       0xc8 build/command.o
                0x080074c8                AT_TESTFLAG_Handle
 .text.AT_MACHINE_Handle
                0x08007590      0x120 build/command.o
                0x08007590                AT_MACHINE_Handle
 .text.AT_TEMPADC_Handle
                0x080076b0       0x28 build/command.o
                0x080076b0                AT_TEMPADC_Handle
 .text.AT_AECQ100_Handle
                0x080076d8       0x18 build/command.o
                0x080076d8                AT_AECQ100_Handle
 .text.DevicePrintf
                0x080076f0       0x50 build/command.o
                0x080076f0                DevicePrintf
 .text.AT_TESTMODE_Handle
                0x08007740       0x18 build/command.o
                0x08007740                AT_TESTMODE_Handle
 .text.UsartInit
                0x08007758      0x10c build/command.o
                0x08007758                UsartInit
 .text.strSearch
                0x08007864       0x4a build/command.o
                0x08007864                strSearch
 *fill*         0x080078ae        0x2 
 .text.AT_FREQTEST_Handle
                0x080078b0       0x58 build/command.o
                0x080078b0                AT_FREQTEST_Handle
 .text.AT_RESULT_Handle
                0x08007908      0x1b8 build/command.o
                0x08007908                AT_RESULT_Handle
 .text.CharToInt
                0x08007ac0       0xe0 build/command.o
                0x08007ac0                CharToInt
 .text.AT_READDATA_Handle
                0x08007ba0       0x70 build/command.o
                0x08007ba0                AT_READDATA_Handle
 .text.AT_SETTIME_Handle
                0x08007c10      0x194 build/command.o
                0x08007c10                AT_SETTIME_Handle
 .text.AT_RTC4096_Handle
                0x08007da4       0x48 build/command.o
                0x08007da4                AT_RTC4096_Handle
 .text.AT_READGROUP_Handle
                0x08007dec       0xac build/command.o
                0x08007dec                AT_READGROUP_Handle
 .text.AT_READFLASH_Handle
                0x08007e98       0xa4 build/command.o
                0x08007e98                AT_READFLASH_Handle
 .text.AT_ERASEFLASH_Handle
                0x08007f3c       0x88 build/command.o
                0x08007f3c                AT_ERASEFLASH_Handle
 .text.AT_SETCURRENT_Handle
                0x08007fc4       0x84 build/command.o
                0x08007fc4                AT_SETCURRENT_Handle
 .text.AT_SYSTEST_Handle
                0x08008048       0x38 build/command.o
                0x08008048                AT_SYSTEST_Handle
 .text.AT_TESTDATA_Handle
                0x08008080       0xd8 build/command.o
                0x08008080                AT_TESTDATA_Handle
 .text.AT_ATTEST_Handle
                0x08008158       0x94 build/command.o
                0x08008158                AT_ATTEST_Handle
 .text.AT_1006TMODE_Handle
                0x080081ec      0x158 build/command.o
                0x080081ec                AT_1006TMODE_Handle
 .text.AT_RTCLOAD_Handle
                0x08008344       0xb0 build/command.o
                0x08008344                AT_RTCLOAD_Handle
 *fill*         0x080083f4        0x4 
 .text.CharToFloat
                0x080083f8      0x10c build/command.o
                0x080083f8                CharToFloat
 *fill*         0x08008504        0x4 
 .text.AT_SD8800INT_Handle
                0x08008508      0x25c build/command.o
                0x08008508                AT_SD8800INT_Handle
 .text.AT_HOTVOLTAGE_Handle
                0x08008764       0x40 build/command.o
                0x08008764                AT_HOTVOLTAGE_Handle
 .text.CheckFreqValue
                0x080087a4       0x60 build/command.o
                0x080087a4                CheckFreqValue
 .text.HAL_UART_RxCpltCallback
                0x08008804      0x110 build/command.o
                0x08008804                HAL_UART_RxCpltCallback
 .text.CheckCommandList
                0x08008914       0xc4 build/command.o
                0x08008914                CheckCommandList
 .text.DeviceMassage
                0x080089d8       0xd8 build/command.o
                0x080089d8                DeviceMassage
 .text.manager_set_mode
                0x08008ab0        0xc build/manager.o
                0x08008ab0                manager_set_mode
 .text.system_manage_temp
                0x08008abc      0x1c0 build/manager.o
                0x08008abc                system_manage_temp
 .text.system_manage_download_cap
                0x08008c7c       0xa0 build/manager.o
                0x08008c7c                system_manage_download_cap
 .text.system_set_int
                0x08008d1c       0x58 build/manager.o
                0x08008d1c                system_set_int
 .text.check_system_temp
                0x08008d74       0xcc build/manager.o
                0x08008d74                check_system_temp
 .text.systm_cap_save_buffer
                0x08008e40       0x40 build/manager.o
                0x08008e40                systm_cap_save_buffer
 .text.system_check_test_dot
                0x08008e80       0x56 build/manager.o
                0x08008e80                system_check_test_dot
 *fill*         0x08008ed6        0x2 
 .text.system_cap_write_flash
                0x08008ed8       0x90 build/manager.o
                0x08008ed8                system_cap_write_flash
 .text.system_tool_calculate_sec
                0x08008f68       0xa4 build/manager.o
                0x08008f68                system_tool_calculate_sec
 .text.system_manage_test_mode
                0x0800900c      0x6e4 build/manager.o
                0x0800900c                system_manage_test_mode
 .text.log_list_init
                0x080096f0       0xb0 build/log.o
                0x080096f0                log_list_init
 .text.get_log_record_pages
                0x080097a0        0xc build/log.o
                0x080097a0                get_log_record_pages
 .text.log_list_write
                0x080097ac       0x1e build/log.o
                0x080097ac                log_list_write
 *fill*         0x080097ca        0x2 
 .text.log_buffer_write
                0x080097cc       0x68 build/log.o
                0x080097cc                log_buffer_write
 .text.log_printf
                0x08009834       0x3c build/log.o
                0x08009834                log_printf
 .text.LedHeart
                0x08009870       0x30 build/task.o
                0x08009870                LedHeart
 .text.system_time_update
                0x080098a0       0xa8 build/task.o
                0x080098a0                system_time_update
 .text.system_set_real_time
                0x08009948       0x4c build/task.o
                0x08009948                system_set_real_time
 .text.system_get_real_time
                0x08009994       0x20 build/task.o
                0x08009994                system_get_real_time
 .text.rtc_freq_save
                0x080099b4      0x1a8 build/task.o
                0x080099b4                rtc_freq_save
 .text.rtc_freq_test
                0x08009b5c      0x5c0 build/task.o
                0x08009b5c                rtc_freq_test
 *fill*         0x0800a11c        0x4 
 .text.system_machine_test_one
                0x0800a120      0x5ac build/task.o
                0x0800a120                system_machine_test_one
 .text.make_chip_ID
                0x0800a6cc       0x32 build/task.o
                0x0800a6cc                make_chip_ID
 *fill*         0x0800a6fe        0x2 
 .text.system_machine_write_one
                0x0800a700      0x888 build/task.o
                0x0800a700                system_machine_write_one
 .text.ClearControlMessage
                0x0800af88       0x40 build/task.o
                0x0800af88                ClearControlMessage
 .text.Aecq100Sample
                0x0800afc8      0xb2c build/task.o
                0x0800afc8                Aecq100Sample
 .text.system_manage
                0x0800baf4       0xd4 build/task.o
                0x0800baf4                system_manage
 .text.ControlPrintf
                0x0800bbc8       0x50 build/control.o
                0x0800bbc8                ControlPrintf
 .text.CTL_CONNECT_Handle
                0x0800bc18       0x20 build/control.o
                0x0800bc18                CTL_CONNECT_Handle
 .text.CTL_REALTIME_Handle
                0x0800bc38      0x198 build/control.o
                0x0800bc38                CTL_REALTIME_Handle
 .text.ControlInit
                0x0800bdd0       0x34 build/control.o
                0x0800bdd0                ControlInit
 .text.OPERATE_READ_FLASH_Handle
                0x0800be04       0xc0 build/control.o
                0x0800be04                OPERATE_READ_FLASH_Handle
 .text.OPERATE_ERASE_FLASH_Handle
                0x0800bec4       0x40 build/control.o
                0x0800bec4                OPERATE_ERASE_FLASH_Handle
 .text.CheckFlashEarse
                0x0800bf04       0xa8 build/control.o
                0x0800bf04                CheckFlashEarse
 .text.OPERATE_IIC_TEST_Handle
                0x0800bfac       0x5c build/control.o
                0x0800bfac                OPERATE_IIC_TEST_Handle
 .text.OPERATE_READ_TEMP_Handle
                0x0800c008       0x98 build/control.o
                0x0800c008                OPERATE_READ_TEMP_Handle
 .text.OPERATE_SHOW_CONFIG9_Handle
                0x0800c0a0       0x60 build/control.o
                0x0800c0a0                OPERATE_SHOW_CONFIG9_Handle
 .text.OPERATE_CAPADJUST_RESULT_Handle
                0x0800c100       0x84 build/control.o
                0x0800c100                OPERATE_CAPADJUST_RESULT_Handle
 .text.OPERATE_RESULT_Handle
                0x0800c184       0x50 build/control.o
                0x0800c184                OPERATE_RESULT_Handle
 .text.CTL_OPERATE_Handle
                0x0800c1d4      0x160 build/control.o
                0x0800c1d4                CTL_OPERATE_Handle
 .text.control_usart_receive
                0x0800c334       0x54 build/control.o
                0x0800c334                control_usart_receive
 .text.CheckControlList
                0x0800c388       0xb8 build/control.o
                0x0800c388                CheckControlList
 .text.calcul_read_data
                0x0800c440       0x88 build/calculate.o
                0x0800c440                calcul_read_data
 .text.find_crystal_center
                0x0800c4c8      0x17c build/calculate.o
                0x0800c4c8                find_crystal_center
 .text.copy_parameter
                0x0800c644       0x16 build/calculate.o
                0x0800c644                copy_parameter
 .text.chip_temp_function
                0x0800c65a       0xc4 build/calculate.o
                0x0800c65a                chip_temp_function
 *fill*         0x0800c71e        0x2 
 .text.init_para_5dot
                0x0800c720     0x106c build/calculate.o
                0x0800c720                init_para_5dot
 *fill*         0x0800d78c        0x4 
 .text.calculate_wave1006_temp_cap
                0x0800d790      0x218 build/calculate.o
                0x0800d790                calculate_wave1006_temp_cap
 .text.compensate_sd8825_left
                0x0800d9a8       0x74 build/calculate.o
                0x0800d9a8                compensate_sd8825_left
 *fill*         0x0800da1c        0x4 
 .text.compensate_sd8825_right
                0x0800da20       0x7c build/calculate.o
                0x0800da20                compensate_sd8825_right
 *fill*         0x0800da9c        0x4 
 .text.calculate_ACEQ100_temp_cap
                0x0800daa0      0x210 build/calculate.o
                0x0800daa0                calculate_ACEQ100_temp_cap
 .text.Reset_Handler
                0x0800dcb0       0x50 build/startup_stm32f407xx.o
                0x0800dcb0                Reset_Handler
 .text.Default_Handler
                0x0800dd00        0x2 build/startup_stm32f407xx.o
                0x0800dd00                RTC_Alarm_IRQHandler
                0x0800dd00                HASH_RNG_IRQHandler
                0x0800dd00                EXTI2_IRQHandler
                0x0800dd00                TIM8_CC_IRQHandler
                0x0800dd00                TIM1_CC_IRQHandler
                0x0800dd00                DMA2_Stream5_IRQHandler
                0x0800dd00                DMA1_Stream5_IRQHandler
                0x0800dd00                PVD_IRQHandler
                0x0800dd00                SDIO_IRQHandler
                0x0800dd00                TAMP_STAMP_IRQHandler
                0x0800dd00                CAN2_RX1_IRQHandler
                0x0800dd00                EXTI3_IRQHandler
                0x0800dd00                TIM8_TRG_COM_TIM14_IRQHandler
                0x0800dd00                TIM1_UP_TIM10_IRQHandler
                0x0800dd00                TIM8_UP_TIM13_IRQHandler
                0x0800dd00                I2C3_ER_IRQHandler
                0x0800dd00                EXTI0_IRQHandler
                0x0800dd00                I2C2_EV_IRQHandler
                0x0800dd00                DMA1_Stream2_IRQHandler
                0x0800dd00                CAN1_RX0_IRQHandler
                0x0800dd00                FPU_IRQHandler
                0x0800dd00                OTG_HS_WKUP_IRQHandler
                0x0800dd00                CAN2_SCE_IRQHandler
                0x0800dd00                DMA2_Stream2_IRQHandler
                0x0800dd00                TIM6_DAC_IRQHandler
                0x0800dd00                TIM1_BRK_TIM9_IRQHandler
                0x0800dd00                DCMI_IRQHandler
                0x0800dd00                CAN2_RX0_IRQHandler
                0x0800dd00                DMA2_Stream3_IRQHandler
                0x0800dd00                USART6_IRQHandler
                0x0800dd00                CAN1_RX1_IRQHandler
                0x0800dd00                UART5_IRQHandler
                0x0800dd00                DMA2_Stream0_IRQHandler
                0x0800dd00                TIM4_IRQHandler
                0x0800dd00                I2C1_EV_IRQHandler
                0x0800dd00                DMA1_Stream6_IRQHandler
                0x0800dd00                DMA1_Stream1_IRQHandler
                0x0800dd00                UART4_IRQHandler
                0x0800dd00                TIM3_IRQHandler
                0x0800dd00                RCC_IRQHandler
                0x0800dd00                TIM8_BRK_TIM12_IRQHandler
                0x0800dd00                Default_Handler
                0x0800dd00                EXTI15_10_IRQHandler
                0x0800dd00                ADC_IRQHandler
                0x0800dd00                DMA1_Stream7_IRQHandler
                0x0800dd00                TIM7_IRQHandler
                0x0800dd00                CAN2_TX_IRQHandler
                0x0800dd00                TIM5_IRQHandler
                0x0800dd00                DMA2_Stream7_IRQHandler
                0x0800dd00                I2C3_EV_IRQHandler
                0x0800dd00                EXTI9_5_IRQHandler
                0x0800dd00                RTC_WKUP_IRQHandler
                0x0800dd00                ETH_WKUP_IRQHandler
                0x0800dd00                SPI2_IRQHandler
                0x0800dd00                OTG_HS_EP1_IN_IRQHandler
                0x0800dd00                DMA1_Stream0_IRQHandler
                0x0800dd00                CAN1_TX_IRQHandler
                0x0800dd00                EXTI4_IRQHandler
                0x0800dd00                FSMC_IRQHandler
                0x0800dd00                ETH_IRQHandler
                0x0800dd00                OTG_HS_EP1_OUT_IRQHandler
                0x0800dd00                WWDG_IRQHandler
                0x0800dd00                TIM2_IRQHandler
                0x0800dd00                OTG_FS_WKUP_IRQHandler
                0x0800dd00                TIM1_TRG_COM_TIM11_IRQHandler
                0x0800dd00                OTG_HS_IRQHandler
                0x0800dd00                EXTI1_IRQHandler
                0x0800dd00                I2C2_ER_IRQHandler
                0x0800dd00                DMA2_Stream1_IRQHandler
                0x0800dd00                CAN1_SCE_IRQHandler
                0x0800dd00                FLASH_IRQHandler
                0x0800dd00                DMA2_Stream4_IRQHandler
                0x0800dd00                OTG_FS_IRQHandler
                0x0800dd00                SPI3_IRQHandler
                0x0800dd00                DMA1_Stream4_IRQHandler
                0x0800dd00                I2C1_ER_IRQHandler
                0x0800dd00                DMA2_Stream6_IRQHandler
                0x0800dd00                DMA1_Stream3_IRQHandler
 *fill*         0x0800dd02        0x2 
 .text.__libc_init_array
                0x0800dd04       0x48 e:/stm32-gcc/gcc-arm-none-eabi-10.3-2021.10/bin/../lib/gcc/arm-none-eabi/10.3.1/../../../../arm-none-eabi/lib/thumb/v7e-m+fp/hard\libc.a(lib_a-init.o)
                0x0800dd04                __libc_init_array
 .text.memset   0x0800dd4c       0xa4 e:/stm32-gcc/gcc-arm-none-eabi-10.3-2021.10/bin/../lib/gcc/arm-none-eabi/10.3.1/../../../../arm-none-eabi/lib/thumb/v7e-m+fp/hard\libc.a(lib_a-memset.o)
                0x0800dd4c                memset
 .text.strncpy  0x0800ddf0       0x64 e:/stm32-gcc/gcc-arm-none-eabi-10.3-2021.10/bin/../lib/gcc/arm-none-eabi/10.3.1/../../../../arm-none-eabi/lib/thumb/v7e-m+fp/hard\libc.a(lib_a-strncpy.o)
                0x0800ddf0                strncpy
 .text.vsnprintf
                0x0800de54       0x70 e:/stm32-gcc/gcc-arm-none-eabi-10.3-2021.10/bin/../lib/gcc/arm-none-eabi/10.3.1/../../../../arm-none-eabi/lib/thumb/v7e-m+fp/hard\libc.a(lib_a-vsnprintf.o)
                0x0800de54                vsnprintf
 .text.startup.register_fini
                0x0800dec4       0x14 e:/stm32-gcc/gcc-arm-none-eabi-10.3-2021.10/bin/../lib/gcc/arm-none-eabi/10.3.1/../../../../arm-none-eabi/lib/thumb/v7e-m+fp/hard\libc.a(lib_a-__call_atexit.o)
 .text.atexit   0x0800ded8        0xc e:/stm32-gcc/gcc-arm-none-eabi-10.3-2021.10/bin/../lib/gcc/arm-none-eabi/10.3.1/../../../../arm-none-eabi/lib/thumb/v7e-m+fp/hard\libc.a(lib_a-atexit.o)
                0x0800ded8                atexit
 .text.__libc_fini_array
                0x0800dee4       0x2c e:/stm32-gcc/gcc-arm-none-eabi-10.3-2021.10/bin/../lib/gcc/arm-none-eabi/10.3.1/../../../../arm-none-eabi/lib/thumb/v7e-m+fp/hard\libc.a(lib_a-fini.o)
                0x0800dee4                __libc_fini_array
 .text.__retarget_lock_init_recursive
                0x0800df10        0x4 e:/stm32-gcc/gcc-arm-none-eabi-10.3-2021.10/bin/../lib/gcc/arm-none-eabi/10.3.1/../../../../arm-none-eabi/lib/thumb/v7e-m+fp/hard\libc.a(lib_a-lock.o)
                0x0800df10                __retarget_lock_init_recursive
 .text.__retarget_lock_close_recursive
                0x0800df14        0x4 e:/stm32-gcc/gcc-arm-none-eabi-10.3-2021.10/bin/../lib/gcc/arm-none-eabi/10.3.1/../../../../arm-none-eabi/lib/thumb/v7e-m+fp/hard\libc.a(lib_a-lock.o)
                0x0800df14                __retarget_lock_close_recursive
 .text.__retarget_lock_acquire_recursive
                0x0800df18        0x4 e:/stm32-gcc/gcc-arm-none-eabi-10.3-2021.10/bin/../lib/gcc/arm-none-eabi/10.3.1/../../../../arm-none-eabi/lib/thumb/v7e-m+fp/hard\libc.a(lib_a-lock.o)
                0x0800df18                __retarget_lock_acquire_recursive
 .text.__retarget_lock_release_recursive
                0x0800df1c        0x4 e:/stm32-gcc/gcc-arm-none-eabi-10.3-2021.10/bin/../lib/gcc/arm-none-eabi/10.3.1/../../../../arm-none-eabi/lib/thumb/v7e-m+fp/hard\libc.a(lib_a-lock.o)
                0x0800df1c                __retarget_lock_release_recursive
 .text._svfprintf_r
                0x0800df20     0x1acc e:/stm32-gcc/gcc-arm-none-eabi-10.3-2021.10/bin/../lib/gcc/arm-none-eabi/10.3.1/../../../../arm-none-eabi/lib/thumb/v7e-m+fp/hard\libc.a(lib_a-svfprintf.o)
                0x0800df20                _svfprintf_r
 .text.__register_exitproc
                0x0800f9ec       0x8c e:/stm32-gcc/gcc-arm-none-eabi-10.3-2021.10/bin/../lib/gcc/arm-none-eabi/10.3.1/../../../../arm-none-eabi/lib/thumb/v7e-m+fp/hard\libc.a(lib_a-__atexit.o)
                0x0800f9ec                __register_exitproc
 .text.quorem   0x0800fa78      0x128 e:/stm32-gcc/gcc-arm-none-eabi-10.3-2021.10/bin/../lib/gcc/arm-none-eabi/10.3.1/../../../../arm-none-eabi/lib/thumb/v7e-m+fp/hard\libc.a(lib_a-dtoa.o)
 .text._dtoa_r  0x0800fba0      0xf3c e:/stm32-gcc/gcc-arm-none-eabi-10.3-2021.10/bin/../lib/gcc/arm-none-eabi/10.3.1/../../../../arm-none-eabi/lib/thumb/v7e-m+fp/hard\libc.a(lib_a-dtoa.o)
                0x0800fba0                _dtoa_r
 .text._malloc_trim_r
                0x08010adc       0xa0 e:/stm32-gcc/gcc-arm-none-eabi-10.3-2021.10/bin/../lib/gcc/arm-none-eabi/10.3.1/../../../../arm-none-eabi/lib/thumb/v7e-m+fp/hard\libc.a(lib_a-freer.o)
                0x08010adc                _malloc_trim_r
 .text._free_r  0x08010b7c      0x20c e:/stm32-gcc/gcc-arm-none-eabi-10.3-2021.10/bin/../lib/gcc/arm-none-eabi/10.3.1/../../../../arm-none-eabi/lib/thumb/v7e-m+fp/hard\libc.a(lib_a-freer.o)
                0x08010b7c                _free_r
 .text._localeconv_r
                0x08010d88        0x8 e:/stm32-gcc/gcc-arm-none-eabi-10.3-2021.10/bin/../lib/gcc/arm-none-eabi/10.3.1/../../../../arm-none-eabi/lib/thumb/v7e-m+fp/hard\libc.a(lib_a-localeconv.o)
                0x08010d88                _localeconv_r
 .text._malloc_r
                0x08010d90      0x560 e:/stm32-gcc/gcc-arm-none-eabi-10.3-2021.10/bin/../lib/gcc/arm-none-eabi/10.3.1/../../../../arm-none-eabi/lib/thumb/v7e-m+fp/hard\libc.a(lib_a-mallocr.o)
                0x08010d90                _malloc_r
 .text.__malloc_lock
                0x080112f0        0xc e:/stm32-gcc/gcc-arm-none-eabi-10.3-2021.10/bin/../lib/gcc/arm-none-eabi/10.3.1/../../../../arm-none-eabi/lib/thumb/v7e-m+fp/hard\libc.a(lib_a-mlock.o)
                0x080112f0                __malloc_lock
 .text.__malloc_unlock
                0x080112fc        0xc e:/stm32-gcc/gcc-arm-none-eabi-10.3-2021.10/bin/../lib/gcc/arm-none-eabi/10.3.1/../../../../arm-none-eabi/lib/thumb/v7e-m+fp/hard\libc.a(lib_a-mlock.o)
                0x080112fc                __malloc_unlock
 .text._Balloc  0x08011308       0x4c e:/stm32-gcc/gcc-arm-none-eabi-10.3-2021.10/bin/../lib/gcc/arm-none-eabi/10.3.1/../../../../arm-none-eabi/lib/thumb/v7e-m+fp/hard\libc.a(lib_a-mprec.o)
                0x08011308                _Balloc
 .text._Bfree   0x08011354       0x14 e:/stm32-gcc/gcc-arm-none-eabi-10.3-2021.10/bin/../lib/gcc/arm-none-eabi/10.3.1/../../../../arm-none-eabi/lib/thumb/v7e-m+fp/hard\libc.a(lib_a-mprec.o)
                0x08011354                _Bfree
 .text.__multadd
                0x08011368       0xa8 e:/stm32-gcc/gcc-arm-none-eabi-10.3-2021.10/bin/../lib/gcc/arm-none-eabi/10.3.1/../../../../arm-none-eabi/lib/thumb/v7e-m+fp/hard\libc.a(lib_a-mprec.o)
                0x08011368                __multadd
 .text.__hi0bits
                0x08011410       0x40 e:/stm32-gcc/gcc-arm-none-eabi-10.3-2021.10/bin/../lib/gcc/arm-none-eabi/10.3.1/../../../../arm-none-eabi/lib/thumb/v7e-m+fp/hard\libc.a(lib_a-mprec.o)
                0x08011410                __hi0bits
 .text.__lo0bits
                0x08011450       0x60 e:/stm32-gcc/gcc-arm-none-eabi-10.3-2021.10/bin/../lib/gcc/arm-none-eabi/10.3.1/../../../../arm-none-eabi/lib/thumb/v7e-m+fp/hard\libc.a(lib_a-mprec.o)
                0x08011450                __lo0bits
 .text.__i2b    0x080114b0       0x5c e:/stm32-gcc/gcc-arm-none-eabi-10.3-2021.10/bin/../lib/gcc/arm-none-eabi/10.3.1/../../../../arm-none-eabi/lib/thumb/v7e-m+fp/hard\libc.a(lib_a-mprec.o)
                0x080114b0                __i2b
 .text.__multiply
                0x0801150c      0x15c e:/stm32-gcc/gcc-arm-none-eabi-10.3-2021.10/bin/../lib/gcc/arm-none-eabi/10.3.1/../../../../arm-none-eabi/lib/thumb/v7e-m+fp/hard\libc.a(lib_a-mprec.o)
                0x0801150c                __multiply
 .text.__pow5mult
                0x08011668       0xc0 e:/stm32-gcc/gcc-arm-none-eabi-10.3-2021.10/bin/../lib/gcc/arm-none-eabi/10.3.1/../../../../arm-none-eabi/lib/thumb/v7e-m+fp/hard\libc.a(lib_a-mprec.o)
                0x08011668                __pow5mult
 .text.__lshift
                0x08011728       0xf0 e:/stm32-gcc/gcc-arm-none-eabi-10.3-2021.10/bin/../lib/gcc/arm-none-eabi/10.3.1/../../../../arm-none-eabi/lib/thumb/v7e-m+fp/hard\libc.a(lib_a-mprec.o)
                0x08011728                __lshift
 .text.__mcmp   0x08011818       0x44 e:/stm32-gcc/gcc-arm-none-eabi-10.3-2021.10/bin/../lib/gcc/arm-none-eabi/10.3.1/../../../../arm-none-eabi/lib/thumb/v7e-m+fp/hard\libc.a(lib_a-mprec.o)
                0x08011818                __mcmp
 .text.__mdiff  0x0801185c      0x14c e:/stm32-gcc/gcc-arm-none-eabi-10.3-2021.10/bin/../lib/gcc/arm-none-eabi/10.3.1/../../../../arm-none-eabi/lib/thumb/v7e-m+fp/hard\libc.a(lib_a-mprec.o)
                0x0801185c                __mdiff
 .text.__d2b    0x080119a8       0xd0 e:/stm32-gcc/gcc-arm-none-eabi-10.3-2021.10/bin/../lib/gcc/arm-none-eabi/10.3.1/../../../../arm-none-eabi/lib/thumb/v7e-m+fp/hard\libc.a(lib_a-mprec.o)
                0x080119a8                __d2b
 .text.frexp    0x08011a78       0x6c e:/stm32-gcc/gcc-arm-none-eabi-10.3-2021.10/bin/../lib/gcc/arm-none-eabi/10.3.1/../../../../arm-none-eabi/lib/thumb/v7e-m+fp/hard\libc.a(lib_a-s_frexp.o)
                0x08011a78                frexp
 .text._sbrk_r  0x08011ae4       0x24 e:/stm32-gcc/gcc-arm-none-eabi-10.3-2021.10/bin/../lib/gcc/arm-none-eabi/10.3.1/../../../../arm-none-eabi/lib/thumb/v7e-m+fp/hard\libc.a(lib_a-sbrkr.o)
                0x08011ae4                _sbrk_r
 .text.__ssprint_r
                0x08011b08       0xf8 e:/stm32-gcc/gcc-arm-none-eabi-10.3-2021.10/bin/../lib/gcc/arm-none-eabi/10.3.1/../../../../arm-none-eabi/lib/thumb/v7e-m+fp/hard\libc.a(lib_a-svfiprintf.o)
                0x08011b08                __ssprint_r
 .text.__assert_func
                0x08011c00       0x40 e:/stm32-gcc/gcc-arm-none-eabi-10.3-2021.10/bin/../lib/gcc/arm-none-eabi/10.3.1/../../../../arm-none-eabi/lib/thumb/v7e-m+fp/hard\libc.a(lib_a-assert.o)
                0x08011c00                __assert_func
 .text._calloc_r
                0x08011c40       0x78 e:/stm32-gcc/gcc-arm-none-eabi-10.3-2021.10/bin/../lib/gcc/arm-none-eabi/10.3.1/../../../../arm-none-eabi/lib/thumb/v7e-m+fp/hard\libc.a(lib_a-callocr.o)
                0x08011c40                _calloc_r
 .text.__errno  0x08011cb8        0xc e:/stm32-gcc/gcc-arm-none-eabi-10.3-2021.10/bin/../lib/gcc/arm-none-eabi/10.3.1/../../../../arm-none-eabi/lib/thumb/v7e-m+fp/hard\libc.a(lib_a-errno.o)
                0x08011cb8                __errno
 .text.fiprintf
                0x08011cc4       0x28 e:/stm32-gcc/gcc-arm-none-eabi-10.3-2021.10/bin/../lib/gcc/arm-none-eabi/10.3.1/../../../../arm-none-eabi/lib/thumb/v7e-m+fp/hard\libc.a(lib_a-fiprintf.o)
                0x08011cc4                fiprintf
 .text.__locale_mb_cur_max
                0x08011cec        0xc e:/stm32-gcc/gcc-arm-none-eabi-10.3-2021.10/bin/../lib/gcc/arm-none-eabi/10.3.1/../../../../arm-none-eabi/lib/thumb/v7e-m+fp/hard\libc.a(lib_a-locale.o)
                0x08011cec                __locale_mb_cur_max
 .text.__ascii_mbtowc
                0x08011cf8       0x2c e:/stm32-gcc/gcc-arm-none-eabi-10.3-2021.10/bin/../lib/gcc/arm-none-eabi/10.3.1/../../../../arm-none-eabi/lib/thumb/v7e-m+fp/hard\libc.a(lib_a-mbtowc_r.o)
                0x08011cf8                __ascii_mbtowc
 .text.memmove  0x08011d24       0xf8 e:/stm32-gcc/gcc-arm-none-eabi-10.3-2021.10/bin/../lib/gcc/arm-none-eabi/10.3.1/../../../../arm-none-eabi/lib/thumb/v7e-m+fp/hard\libc.a(lib_a-memmove.o)
                0x08011d24                memmove
 .text._realloc_r
                0x08011e1c      0x3d8 e:/stm32-gcc/gcc-arm-none-eabi-10.3-2021.10/bin/../lib/gcc/arm-none-eabi/10.3.1/../../../../arm-none-eabi/lib/thumb/v7e-m+fp/hard\libc.a(lib_a-reallocr.o)
                0x08011e1c                _realloc_r
 .text.__sprint_r.part.0
                0x080121f4       0x78 e:/stm32-gcc/gcc-arm-none-eabi-10.3-2021.10/bin/../lib/gcc/arm-none-eabi/10.3.1/../../../../arm-none-eabi/lib/thumb/v7e-m+fp/hard\libc.a(lib_a-vfiprintf.o)
 .text._vfiprintf_r
                0x0801226c      0xdfc e:/stm32-gcc/gcc-arm-none-eabi-10.3-2021.10/bin/../lib/gcc/arm-none-eabi/10.3.1/../../../../arm-none-eabi/lib/thumb/v7e-m+fp/hard\libc.a(lib_a-vfiprintf.o)
                0x0801226c                _vfiprintf_r
 .text.__sbprintf
                0x08013068       0x80 e:/stm32-gcc/gcc-arm-none-eabi-10.3-2021.10/bin/../lib/gcc/arm-none-eabi/10.3.1/../../../../arm-none-eabi/lib/thumb/v7e-m+fp/hard\libc.a(lib_a-vfiprintf.o)
 .text.__ascii_wctomb
                0x080130e8       0x1c e:/stm32-gcc/gcc-arm-none-eabi-10.3-2021.10/bin/../lib/gcc/arm-none-eabi/10.3.1/../../../../arm-none-eabi/lib/thumb/v7e-m+fp/hard\libc.a(lib_a-wctomb_r.o)
                0x080130e8                __ascii_wctomb
 .text.__swsetup_r
                0x08013104       0xd4 e:/stm32-gcc/gcc-arm-none-eabi-10.3-2021.10/bin/../lib/gcc/arm-none-eabi/10.3.1/../../../../arm-none-eabi/lib/thumb/v7e-m+fp/hard\libc.a(lib_a-wsetup.o)
                0x08013104                __swsetup_r
 .text.abort    0x080131d8       0x10 e:/stm32-gcc/gcc-arm-none-eabi-10.3-2021.10/bin/../lib/gcc/arm-none-eabi/10.3.1/../../../../arm-none-eabi/lib/thumb/v7e-m+fp/hard\libc.a(lib_a-abort.o)
                0x080131d8                abort
 .text.__sflush_r
                0x080131e8      0x130 e:/stm32-gcc/gcc-arm-none-eabi-10.3-2021.10/bin/../lib/gcc/arm-none-eabi/10.3.1/../../../../arm-none-eabi/lib/thumb/v7e-m+fp/hard\libc.a(lib_a-fflush.o)
                0x080131e8                __sflush_r
 .text._fflush_r
                0x08013318       0x5c e:/stm32-gcc/gcc-arm-none-eabi-10.3-2021.10/bin/../lib/gcc/arm-none-eabi/10.3.1/../../../../arm-none-eabi/lib/thumb/v7e-m+fp/hard\libc.a(lib_a-fflush.o)
                0x08013318                _fflush_r
 .text._cleanup_r
                0x08013374        0xc e:/stm32-gcc/gcc-arm-none-eabi-10.3-2021.10/bin/../lib/gcc/arm-none-eabi/10.3.1/../../../../arm-none-eabi/lib/thumb/v7e-m+fp/hard\libc.a(lib_a-findfp.o)
                0x08013374                _cleanup_r
 .text.__sinit  0x08013380      0x10c e:/stm32-gcc/gcc-arm-none-eabi-10.3-2021.10/bin/../lib/gcc/arm-none-eabi/10.3.1/../../../../arm-none-eabi/lib/thumb/v7e-m+fp/hard\libc.a(lib_a-findfp.o)
                0x08013380                __sinit
 .text.__sfp_lock_acquire
                0x0801348c        0xc e:/stm32-gcc/gcc-arm-none-eabi-10.3-2021.10/bin/../lib/gcc/arm-none-eabi/10.3.1/../../../../arm-none-eabi/lib/thumb/v7e-m+fp/hard\libc.a(lib_a-findfp.o)
                0x0801348c                __sfp_lock_acquire
 .text.__sfp_lock_release
                0x08013498        0xc e:/stm32-gcc/gcc-arm-none-eabi-10.3-2021.10/bin/../lib/gcc/arm-none-eabi/10.3.1/../../../../arm-none-eabi/lib/thumb/v7e-m+fp/hard\libc.a(lib_a-findfp.o)
                0x08013498                __sfp_lock_release
 .text.__fputwc
                0x080134a4       0xa8 e:/stm32-gcc/gcc-arm-none-eabi-10.3-2021.10/bin/../lib/gcc/arm-none-eabi/10.3.1/../../../../arm-none-eabi/lib/thumb/v7e-m+fp/hard\libc.a(lib_a-fputwc.o)
                0x080134a4                __fputwc
 .text._fputwc_r
                0x0801354c       0x68 e:/stm32-gcc/gcc-arm-none-eabi-10.3-2021.10/bin/../lib/gcc/arm-none-eabi/10.3.1/../../../../arm-none-eabi/lib/thumb/v7e-m+fp/hard\libc.a(lib_a-fputwc.o)
                0x0801354c                _fputwc_r
 .text.__sfvwrite_r
                0x080135b4      0x2f0 e:/stm32-gcc/gcc-arm-none-eabi-10.3-2021.10/bin/../lib/gcc/arm-none-eabi/10.3.1/../../../../arm-none-eabi/lib/thumb/v7e-m+fp/hard\libc.a(lib_a-fvwrite.o)
                0x080135b4                __sfvwrite_r
 .text._fwalk_reent
                0x080138a4       0x48 e:/stm32-gcc/gcc-arm-none-eabi-10.3-2021.10/bin/../lib/gcc/arm-none-eabi/10.3.1/../../../../arm-none-eabi/lib/thumb/v7e-m+fp/hard\libc.a(lib_a-fwalk.o)
                0x080138a4                _fwalk_reent
 .text.__smakebuf_r
                0x080138ec       0xe0 e:/stm32-gcc/gcc-arm-none-eabi-10.3-2021.10/bin/../lib/gcc/arm-none-eabi/10.3.1/../../../../arm-none-eabi/lib/thumb/v7e-m+fp/hard\libc.a(lib_a-makebuf.o)
                0x080138ec                __smakebuf_r
 .text.raise    0x080139cc       0x5c e:/stm32-gcc/gcc-arm-none-eabi-10.3-2021.10/bin/../lib/gcc/arm-none-eabi/10.3.1/../../../../arm-none-eabi/lib/thumb/v7e-m+fp/hard\libc.a(lib_a-signal.o)
                0x080139cc                raise
 .text._kill_r  0x08013a28       0x2c e:/stm32-gcc/gcc-arm-none-eabi-10.3-2021.10/bin/../lib/gcc/arm-none-eabi/10.3.1/../../../../arm-none-eabi/lib/thumb/v7e-m+fp/hard\libc.a(lib_a-signalr.o)
                0x08013a28                _kill_r
 .text._getpid_r
                0x08013a54        0x4 e:/stm32-gcc/gcc-arm-none-eabi-10.3-2021.10/bin/../lib/gcc/arm-none-eabi/10.3.1/../../../../arm-none-eabi/lib/thumb/v7e-m+fp/hard\libc.a(lib_a-signalr.o)
                0x08013a54                _getpid_r
 .text.__sread  0x08013a58       0x24 e:/stm32-gcc/gcc-arm-none-eabi-10.3-2021.10/bin/../lib/gcc/arm-none-eabi/10.3.1/../../../../arm-none-eabi/lib/thumb/v7e-m+fp/hard\libc.a(lib_a-stdio.o)
                0x08013a58                __sread
 .text.__swrite
                0x08013a7c       0x40 e:/stm32-gcc/gcc-arm-none-eabi-10.3-2021.10/bin/../lib/gcc/arm-none-eabi/10.3.1/../../../../arm-none-eabi/lib/thumb/v7e-m+fp/hard\libc.a(lib_a-stdio.o)
                0x08013a7c                __swrite
 .text.__sseek  0x08013abc       0x20 e:/stm32-gcc/gcc-arm-none-eabi-10.3-2021.10/bin/../lib/gcc/arm-none-eabi/10.3.1/../../../../arm-none-eabi/lib/thumb/v7e-m+fp/hard\libc.a(lib_a-stdio.o)
                0x08013abc                __sseek
 .text.__sclose
                0x08013adc        0x8 e:/stm32-gcc/gcc-arm-none-eabi-10.3-2021.10/bin/../lib/gcc/arm-none-eabi/10.3.1/../../../../arm-none-eabi/lib/thumb/v7e-m+fp/hard\libc.a(lib_a-stdio.o)
                0x08013adc                __sclose
 .text.__swbuf_r
                0x08013ae4       0xb0 e:/stm32-gcc/gcc-arm-none-eabi-10.3-2021.10/bin/../lib/gcc/arm-none-eabi/10.3.1/../../../../arm-none-eabi/lib/thumb/v7e-m+fp/hard\libc.a(lib_a-wbuf.o)
                0x08013ae4                __swbuf_r
 .text._wcrtomb_r
                0x08013b94       0x3c e:/stm32-gcc/gcc-arm-none-eabi-10.3-2021.10/bin/../lib/gcc/arm-none-eabi/10.3.1/../../../../arm-none-eabi/lib/thumb/v7e-m+fp/hard\libc.a(lib_a-wcrtomb.o)
                0x08013b94                _wcrtomb_r
 .text._write_r
                0x08013bd0       0x2c e:/stm32-gcc/gcc-arm-none-eabi-10.3-2021.10/bin/../lib/gcc/arm-none-eabi/10.3.1/../../../../arm-none-eabi/lib/thumb/v7e-m+fp/hard\libc.a(lib_a-writer.o)
                0x08013bd0                _write_r
 .text._close_r
                0x08013bfc       0x24 e:/stm32-gcc/gcc-arm-none-eabi-10.3-2021.10/bin/../lib/gcc/arm-none-eabi/10.3.1/../../../../arm-none-eabi/lib/thumb/v7e-m+fp/hard\libc.a(lib_a-closer.o)
                0x08013bfc                _close_r
 .text._fclose_r
                0x08013c20       0xcc e:/stm32-gcc/gcc-arm-none-eabi-10.3-2021.10/bin/../lib/gcc/arm-none-eabi/10.3.1/../../../../arm-none-eabi/lib/thumb/v7e-m+fp/hard\libc.a(lib_a-fclose.o)
                0x08013c20                _fclose_r
 .text._fstat_r
                0x08013cec       0x2c e:/stm32-gcc/gcc-arm-none-eabi-10.3-2021.10/bin/../lib/gcc/arm-none-eabi/10.3.1/../../../../arm-none-eabi/lib/thumb/v7e-m+fp/hard\libc.a(lib_a-fstatr.o)
                0x08013cec                _fstat_r
 .text._isatty_r
                0x08013d18       0x24 e:/stm32-gcc/gcc-arm-none-eabi-10.3-2021.10/bin/../lib/gcc/arm-none-eabi/10.3.1/../../../../arm-none-eabi/lib/thumb/v7e-m+fp/hard\libc.a(lib_a-isattyr.o)
                0x08013d18                _isatty_r
 .text._lseek_r
                0x08013d3c       0x2c e:/stm32-gcc/gcc-arm-none-eabi-10.3-2021.10/bin/../lib/gcc/arm-none-eabi/10.3.1/../../../../arm-none-eabi/lib/thumb/v7e-m+fp/hard\libc.a(lib_a-lseekr.o)
                0x08013d3c                _lseek_r
 .text._read_r  0x08013d68       0x2c e:/stm32-gcc/gcc-arm-none-eabi-10.3-2021.10/bin/../lib/gcc/arm-none-eabi/10.3.1/../../../../arm-none-eabi/lib/thumb/v7e-m+fp/hard\libc.a(lib_a-readr.o)
                0x08013d68                _read_r
 *fill*         0x08013d94        0x4 
 .text.cosh     0x08013d98       0x78 e:/stm32-gcc/gcc-arm-none-eabi-10.3-2021.10/bin/../lib/gcc/arm-none-eabi/10.3.1/../../../../arm-none-eabi/lib/thumb/v7e-m+fp/hard\libm.a(lib_a-w_cosh.o)
                0x08013d98                cosh
 .text.log      0x08013e10       0x84 e:/stm32-gcc/gcc-arm-none-eabi-10.3-2021.10/bin/../lib/gcc/arm-none-eabi/10.3.1/../../../../arm-none-eabi/lib/thumb/v7e-m+fp/hard\libm.a(lib_a-w_log.o)
                0x08013e10                log
 .text.sqrt     0x08013e94       0x68 e:/stm32-gcc/gcc-arm-none-eabi-10.3-2021.10/bin/../lib/gcc/arm-none-eabi/10.3.1/../../../../arm-none-eabi/lib/thumb/v7e-m+fp/hard\libm.a(lib_a-w_sqrt.o)
                0x08013e94                sqrt
 .text.__ieee754_cosh
                0x08013efc      0x174 e:/stm32-gcc/gcc-arm-none-eabi-10.3-2021.10/bin/../lib/gcc/arm-none-eabi/10.3.1/../../../../arm-none-eabi/lib/thumb/v7e-m+fp/hard\libm.a(lib_a-e_cosh.o)
                0x08013efc                __ieee754_cosh
 .text.__ieee754_exp
                0x08014070      0x3dc e:/stm32-gcc/gcc-arm-none-eabi-10.3-2021.10/bin/../lib/gcc/arm-none-eabi/10.3.1/../../../../arm-none-eabi/lib/thumb/v7e-m+fp/hard\libm.a(lib_a-e_exp.o)
                0x08014070                __ieee754_exp
 *fill*         0x0801444c        0x4 
 .text.__ieee754_log
                0x08014450      0x438 e:/stm32-gcc/gcc-arm-none-eabi-10.3-2021.10/bin/../lib/gcc/arm-none-eabi/10.3.1/../../../../arm-none-eabi/lib/thumb/v7e-m+fp/hard\libm.a(lib_a-e_log.o)
                0x08014450                __ieee754_log
 .text.__ieee754_sqrt
                0x08014888      0x198 e:/stm32-gcc/gcc-arm-none-eabi-10.3-2021.10/bin/../lib/gcc/arm-none-eabi/10.3.1/../../../../arm-none-eabi/lib/thumb/v7e-m+fp/hard\libm.a(lib_a-e_sqrt.o)
                0x08014888                __ieee754_sqrt
 .text.with_errno
                0x08014a20       0x18 e:/stm32-gcc/gcc-arm-none-eabi-10.3-2021.10/bin/../lib/gcc/arm-none-eabi/10.3.1/../../../../arm-none-eabi/lib/thumb/v7e-m+fp/hard\libm.a(lib_a-math_err.o)
 .text.xflow    0x08014a38       0x2c e:/stm32-gcc/gcc-arm-none-eabi-10.3-2021.10/bin/../lib/gcc/arm-none-eabi/10.3.1/../../../../arm-none-eabi/lib/thumb/v7e-m+fp/hard\libm.a(lib_a-math_err.o)
 .text.__math_uflow
                0x08014a64       0x14 e:/stm32-gcc/gcc-arm-none-eabi-10.3-2021.10/bin/../lib/gcc/arm-none-eabi/10.3.1/../../../../arm-none-eabi/lib/thumb/v7e-m+fp/hard\libm.a(lib_a-math_err.o)
                0x08014a64                __math_uflow
 .text.__math_oflow
                0x08014a78       0x14 e:/stm32-gcc/gcc-arm-none-eabi-10.3-2021.10/bin/../lib/gcc/arm-none-eabi/10.3.1/../../../../arm-none-eabi/lib/thumb/v7e-m+fp/hard\libm.a(lib_a-math_err.o)
                0x08014a78                __math_oflow
 *fill*         0x08014a8c        0x4 
 .text.expm1    0x08014a90      0x4c0 e:/stm32-gcc/gcc-arm-none-eabi-10.3-2021.10/bin/../lib/gcc/arm-none-eabi/10.3.1/../../../../arm-none-eabi/lib/thumb/v7e-m+fp/hard\libm.a(lib_a-s_expm1.o)
                0x08014a90                expm1
 .text.fabs     0x08014f50       0x14 e:/stm32-gcc/gcc-arm-none-eabi-10.3-2021.10/bin/../lib/gcc/arm-none-eabi/10.3.1/../../../../arm-none-eabi/lib/thumb/v7e-m+fp/hard\libm.a(lib_a-s_fabs.o)
                0x08014f50                fabs
 *fill*         0x08014f64        0x4 
 .text.nan      0x08014f68       0x10 e:/stm32-gcc/gcc-arm-none-eabi-10.3-2021.10/bin/../lib/gcc/arm-none-eabi/10.3.1/../../../../arm-none-eabi/lib/thumb/v7e-m+fp/hard\libm.a(lib_a-s_nan.o)
                0x08014f68                nan
 .text._close   0x08014f78       0x10 e:/stm32-gcc/gcc-arm-none-eabi-10.3-2021.10/bin/../lib/gcc/arm-none-eabi/10.3.1/../../../../arm-none-eabi/lib/thumb/v7e-m+fp/hard\libnosys.a(close.o)
                0x08014f78                _close
 .text._fstat   0x08014f88       0x10 e:/stm32-gcc/gcc-arm-none-eabi-10.3-2021.10/bin/../lib/gcc/arm-none-eabi/10.3.1/../../../../arm-none-eabi/lib/thumb/v7e-m+fp/hard\libnosys.a(fstat.o)
                0x08014f88                _fstat
 .text._getpid  0x08014f98       0x10 e:/stm32-gcc/gcc-arm-none-eabi-10.3-2021.10/bin/../lib/gcc/arm-none-eabi/10.3.1/../../../../arm-none-eabi/lib/thumb/v7e-m+fp/hard\libnosys.a(getpid.o)
                0x08014f98                _getpid
 .text._isatty  0x08014fa8       0x10 e:/stm32-gcc/gcc-arm-none-eabi-10.3-2021.10/bin/../lib/gcc/arm-none-eabi/10.3.1/../../../../arm-none-eabi/lib/thumb/v7e-m+fp/hard\libnosys.a(isatty.o)
                0x08014fa8                _isatty
 .text._kill    0x08014fb8       0x10 e:/stm32-gcc/gcc-arm-none-eabi-10.3-2021.10/bin/../lib/gcc/arm-none-eabi/10.3.1/../../../../arm-none-eabi/lib/thumb/v7e-m+fp/hard\libnosys.a(kill.o)
                0x08014fb8                _kill
 .text._lseek   0x08014fc8       0x10 e:/stm32-gcc/gcc-arm-none-eabi-10.3-2021.10/bin/../lib/gcc/arm-none-eabi/10.3.1/../../../../arm-none-eabi/lib/thumb/v7e-m+fp/hard\libnosys.a(lseek.o)
                0x08014fc8                _lseek
 .text._read    0x08014fd8       0x10 e:/stm32-gcc/gcc-arm-none-eabi-10.3-2021.10/bin/../lib/gcc/arm-none-eabi/10.3.1/../../../../arm-none-eabi/lib/thumb/v7e-m+fp/hard\libnosys.a(read.o)
                0x08014fd8                _read
 .text._sbrk    0x08014fe8       0x1c e:/stm32-gcc/gcc-arm-none-eabi-10.3-2021.10/bin/../lib/gcc/arm-none-eabi/10.3.1/../../../../arm-none-eabi/lib/thumb/v7e-m+fp/hard\libnosys.a(sbrk.o)
                0x08014fe8                _sbrk
 .text._write   0x08015004       0x10 e:/stm32-gcc/gcc-arm-none-eabi-10.3-2021.10/bin/../lib/gcc/arm-none-eabi/10.3.1/../../../../arm-none-eabi/lib/thumb/v7e-m+fp/hard\libnosys.a(write.o)
                0x08015004                _write
 .text._exit    0x08015014        0x4 e:/stm32-gcc/gcc-arm-none-eabi-10.3-2021.10/bin/../lib/gcc/arm-none-eabi/10.3.1/../../../../arm-none-eabi/lib/thumb/v7e-m+fp/hard\libnosys.a(_exit.o)
                0x08015014                _exit
 *(.glue_7)
 .glue_7        0x08015018        0x0 linker stubs
 *(.glue_7t)
 .glue_7t       0x08015018        0x0 linker stubs
 *(.eh_frame)
 .eh_frame      0x08015018        0x0 e:/stm32-gcc/gcc-arm-none-eabi-10.3-2021.10/bin/../lib/gcc/arm-none-eabi/10.3.1/thumb/v7e-m+fp/hard/crtbegin.o
 *(.init)
 .init          0x08015018        0x4 e:/stm32-gcc/gcc-arm-none-eabi-10.3-2021.10/bin/../lib/gcc/arm-none-eabi/10.3.1/thumb/v7e-m+fp/hard/crti.o
                0x08015018                _init
 .init          0x0801501c        0x8 e:/stm32-gcc/gcc-arm-none-eabi-10.3-2021.10/bin/../lib/gcc/arm-none-eabi/10.3.1/thumb/v7e-m+fp/hard/crtn.o
 *(.fini)
 .fini          0x08015024        0x4 e:/stm32-gcc/gcc-arm-none-eabi-10.3-2021.10/bin/../lib/gcc/arm-none-eabi/10.3.1/thumb/v7e-m+fp/hard/crti.o
                0x08015024                _fini
 .fini          0x08015028        0x8 e:/stm32-gcc/gcc-arm-none-eabi-10.3-2021.10/bin/../lib/gcc/arm-none-eabi/10.3.1/thumb/v7e-m+fp/hard/crtn.o
                0x08015030                . = ALIGN (0x4)
                0x08015030                _etext = .

.vfp11_veneer   0x08015030        0x0
 .vfp11_veneer  0x08015030        0x0 linker stubs

.v4_bx          0x08015030        0x0
 .v4_bx         0x08015030        0x0 linker stubs

.iplt           0x08015030        0x0
 .iplt          0x08015030        0x0 e:/stm32-gcc/gcc-arm-none-eabi-10.3-2021.10/bin/../lib/gcc/arm-none-eabi/10.3.1/thumb/v7e-m+fp/hard/crtbegin.o

.rodata         0x08015030     0x2200
                0x08015030                . = ALIGN (0x4)
 *(.rodata)
 .rodata        0x08015030        0xb build/flash.o
 *fill*         0x0801503b        0x1 
 .rodata        0x0801503c        0x5 build/drv_wave1006.o
 *fill*         0x08015041        0x3 
 .rodata        0x08015044        0x5 build/command.o
 *fill*         0x08015049        0x3 
 .rodata        0x0801504c       0xe1 build/task.o
 *fill*         0x0801512d        0x3 
 .rodata        0x08015130       0x8c build/control.o
 .rodata        0x080151bc        0xa build/calculate.o
 *(.rodata*)
 *fill*         0x080151c6        0x2 
 .rodata.AHBPrescTable
                0x080151c8       0x10 build/system_stm32f4xx.o
                0x080151c8                AHBPrescTable
 .rodata.APBPrescTable
                0x080151d8        0x8 build/system_stm32f4xx.o
                0x080151d8                APBPrescTable
 .rodata.test_data_printf.str1.4
                0x080151e0      0x152 build/flash.o
                                0x156 (size before relaxing)
 *fill*         0x08015332        0x2 
 .rodata.rtc_set_testcap.str1.4
                0x08015334       0x16 build/rtc.o
 *fill*         0x0801534a        0x2 
 .rodata.rtc_1006_set_testmode.str1.4
                0x0801534c       0x2a build/rtc.o
 *fill*         0x08015376        0x2 
 .rodata.rtc_1006_exit_testmode.str1.4
                0x08015378       0x16 build/rtc.o
                                 0x2f (size before relaxing)
 *fill*         0x0801538e        0x2 
 .rodata.wave1006_enter_test_mode.str1.4
                0x08015390       0x1b build/drv_wave1006.o
 *fill*         0x080153ab        0x1 
 .rodata.wave1006_write_otp.str1.4
                0x080153ac      0x233 build/drv_wave1006.o
 *fill*         0x080155df        0x1 
 .rodata.sd8800_calcul_cap.str1.4
                0x080155e0       0x15 build/drv_wave1006.o
 *fill*         0x080155f5        0x3 
 .rodata.sd8800_write_otp.str1.4
                0x080155f8       0x48 build/drv_wave1006.o
 .rodata.sd8800_ACEQ100.str1.4
                0x08015640       0x55 build/drv_wave1006.o
 *fill*         0x08015695        0x3 
 .rodata.AT_HELP_Handle.str1.4
                0x08015698       0x1c build/command.o
 .rodata.AT_VERSION_Handle.str1.4
                0x080156b4       0x5d build/command.o
 *fill*         0x08015711        0x3 
 .rodata.AT_REALTIME_Handle.str1.4
                0x08015714       0x16 build/command.o
 *fill*         0x0801572a        0x2 
 .rodata.AT_RTCCURRENT_Handle.str1.4
                0x0801572c       0x1a build/command.o
 *fill*         0x08015746        0x2 
 .rodata.AT_RTCVBAT_Handle.str1.4
                0x08015748        0xe build/command.o
                                 0x1a (size before relaxing)
 *fill*         0x08015756        0x2 
 .rodata.AT_RTCMODE_Handle.str1.4
                0x08015758       0x1b build/command.o
                                 0x20 (size before relaxing)
 *fill*         0x08015773        0x1 
 .rodata.AT_SYSTEMP_Handle.str1.4
                0x08015774       0x17 build/command.o
 *fill*         0x0801578b        0x1 
 .rodata.AT_WRITEFLASH_Handle.str1.4
                0x0801578c       0x3a build/command.o
 *fill*         0x080157c6        0x2 
 .rodata.AT_SYSVOLTAGE_Handle.str1.4
                0x080157c8       0x33 build/command.o
 *fill*         0x080157fb        0x1 
 .rodata.AT_TESTFLAG_Handle.str1.4
                0x080157fc       0x65 build/command.o
                                 0x6d (size before relaxing)
 *fill*         0x08015861        0x3 
 .rodata.AT_MACHINE_Handle.str1.4
                0x08015864       0x5b build/command.o
                                 0x5f (size before relaxing)
 *fill*         0x080158bf        0x1 
 .rodata.AT_TEMPADC_Handle.str1.4
                0x080158c0       0x16 build/command.o
 *fill*         0x080158d6        0x2 
 .rodata.AT_TESTMODE_Handle.str1.4
                0x080158d8        0x8 build/command.o
 .rodata.UsartInit.str1.4
                0x080158e0       0x9f build/command.o
 *fill*         0x0801597f        0x1 
 .rodata.AT_FREQTEST_Handle.str1.4
                0x08015980       0x20 build/command.o
                                 0x24 (size before relaxing)
 .rodata.AT_RESULT_Handle.str1.4
                0x080159a0       0x89 build/command.o
 *fill*         0x08015a29        0x3 
 .rodata.AT_READDATA_Handle.str1.4
                0x08015a2c       0x26 build/command.o
 *fill*         0x08015a52        0x2 
 .rodata.AT_SETTIME_Handle.str1.4
                0x08015a54       0x48 build/command.o
 .rodata.AT_RTC4096_Handle.str1.4
                0x08015a9c        0xc build/command.o
 .rodata.AT_READGROUP_Handle.str1.4
                0x08015aa8       0x24 build/command.o
 .rodata.AT_READFLASH_Handle.str1.4
                0x08015acc       0x63 build/command.o
 *fill*         0x08015b2f        0x1 
 .rodata.AT_ERASEFLASH_Handle.str1.4
                0x08015b30       0x46 build/command.o
 *fill*         0x08015b76        0x2 
 .rodata.AT_SETCURRENT_Handle.str1.4
                0x08015b78       0x2b build/command.o
 *fill*         0x08015ba3        0x1 
 .rodata.AT_SYSTEST_Handle.str1.4
                0x08015ba4       0x14 build/command.o
 .rodata.AT_TESTDATA_Handle.str1.4
                0x08015bb8       0x18 build/command.o
 .rodata.AT_ATTEST_Handle.str1.4
                0x08015bd0        0xd build/command.o
 *fill*         0x08015bdd        0x3 
 .rodata.AT_1006TMODE_Handle.str1.4
                0x08015be0       0x1b build/command.o
                                 0x47 (size before relaxing)
 *fill*         0x08015bfb        0x1 
 .rodata.AT_RTCLOAD_Handle.str1.4
                0x08015bfc        0xa build/command.o
 *fill*         0x08015c06        0x2 
 .rodata.AT_SD8800INT_Handle.str1.4
                0x08015c08       0x5b build/command.o
                                 0x66 (size before relaxing)
 *fill*         0x08015c63        0x1 
 .rodata.CheckCommandList.str1.4
                0x08015c64       0x14 build/command.o
 .rodata.DeviceMassage.str1.4
                0x08015c78        0xd build/command.o
 *fill*         0x08015c85        0x3 
 .rodata.system_manage_temp.str1.4
                0x08015c88       0xd7 build/manager.o
 *fill*         0x08015d5f        0x1 
 .rodata.system_manage_download_cap.str1.4
                0x08015d60       0x6e build/manager.o
 *fill*         0x08015dce        0x2 
 .rodata.system_set_int.str1.4
                0x08015dd0        0xe build/manager.o
 *fill*         0x08015dde        0x2 
 .rodata.system_tool_calculate_sec.str1.4
                0x08015de0        0xd build/manager.o
 *fill*         0x08015ded        0x3 
 .rodata.system_manage_test_mode.str1.4
                0x08015df0      0x2f0 build/manager.o
                                0x332 (size before relaxing)
 .rodata.log_list_init.str1.4
                0x080160e0       0x29 build/log.o
 *fill*         0x08016109        0x3 
 .rodata.system_set_real_time.str1.4
                0x0801610c       0x28 build/task.o
 .rodata.rtc_freq_save.str1.4
                0x08016134       0x8c build/task.o
 .rodata.rtc_freq_test.str1.4
                0x080161c0       0xa2 build/task.o
                                 0xaa (size before relaxing)
 *fill*         0x08016262        0x2 
 .rodata.system_machine_test_one.str1.4
                0x08016264       0xfe build/task.o
                                0x11e (size before relaxing)
 *fill*         0x08016362        0x2 
 .rodata.system_machine_write_one.str1.4
                0x08016364      0x116 build/task.o
 .rodata.ClearControlMessage.str1.4
                0x0801647a        0x4 build/task.o
 *fill*         0x0801647a        0x2 
 .rodata.Aecq100Sample.str1.4
                0x0801647c      0x2b2 build/task.o
                                0x2fe (size before relaxing)
 *fill*         0x0801672e        0x2 
 .rodata.system_manage.str1.4
                0x08016730       0x16 build/task.o
 *fill*         0x08016746        0x2 
 .rodata.CTL_CONNECT_Handle.str1.4
                0x08016748       0x1d build/control.o
 *fill*         0x08016765        0x3 
 .rodata.CTL_REALTIME_Handle.str1.4
                0x08016768       0x22 build/control.o
                                 0x52 (size before relaxing)
 *fill*         0x0801678a        0x2 
 .rodata.OPERATE_READ_FLASH_Handle.str1.4
                0x0801678c       0x40 build/control.o
 .rodata.OPERATE_ERASE_FLASH_Handle.str1.4
                0x080167cc       0x32 build/control.o
                                 0x55 (size before relaxing)
 *fill*         0x080167fe        0x2 
 .rodata.CheckFlashEarse.str1.4
                0x08016800       0x4a build/control.o
                                 0x5e (size before relaxing)
 *fill*         0x0801684a        0x2 
 .rodata.OPERATE_IIC_TEST_Handle.str1.4
                0x0801684c       0x56 build/control.o
 *fill*         0x080168a2        0x2 
 .rodata.OPERATE_READ_TEMP_Handle.str1.4
                0x080168a4       0x5d build/control.o
 *fill*         0x08016901        0x3 
 .rodata.OPERATE_SHOW_CONFIG9_Handle.str1.4
                0x08016904       0x56 build/control.o
 *fill*         0x0801695a        0x2 
 .rodata.OPERATE_CAPADJUST_RESULT_Handle.str1.4
                0x0801695c       0x31 build/control.o
 *fill*         0x0801698d        0x3 
 .rodata.CTL_OPERATE_Handle.str1.4
                0x08016990      0x179 build/control.o
 *fill*         0x08016b09        0x3 
 .rodata.calcul_read_data.str1.4
                0x08016b0c       0x14 build/calculate.o
 .rodata.find_crystal_center.str1.4
                0x08016b20       0x69 build/calculate.o
 *fill*         0x08016b89        0x3 
 .rodata.init_para_5dot.str1.4
                0x08016b8c      0x1fd build/calculate.o
 *fill*         0x08016d89        0x3 
 .rodata.calculate_wave1006_temp_cap.str1.4
                0x08016d8c       0x61 build/calculate.o
                                 0x75 (size before relaxing)
 *fill*         0x08016ded        0x3 
 .rodata.calculate_ACEQ100_temp_cap.str1.4
                0x08016df0        0xe build/calculate.o
                                 0x12 (size before relaxing)
 *fill*         0x08016dfe        0x2 
 .rodata._global_impure_ptr
                0x08016e00        0x4 e:/stm32-gcc/gcc-arm-none-eabi-10.3-2021.10/bin/../lib/gcc/arm-none-eabi/10.3.1/../../../../arm-none-eabi/lib/thumb/v7e-m+fp/hard\libc.a(lib_a-impure.o)
                0x08016e00                _global_impure_ptr
 .rodata._svfprintf_r.str1.4
                0x08016e04       0x42 e:/stm32-gcc/gcc-arm-none-eabi-10.3-2021.10/bin/../lib/gcc/arm-none-eabi/10.3.1/../../../../arm-none-eabi/lib/thumb/v7e-m+fp/hard\libc.a(lib_a-svfprintf.o)
 *fill*         0x08016e46        0x2 
 .rodata.blanks.1
                0x08016e48       0x10 e:/stm32-gcc/gcc-arm-none-eabi-10.3-2021.10/bin/../lib/gcc/arm-none-eabi/10.3.1/../../../../arm-none-eabi/lib/thumb/v7e-m+fp/hard\libc.a(lib_a-svfprintf.o)
 .rodata.zeroes.0
                0x08016e58       0x10 e:/stm32-gcc/gcc-arm-none-eabi-10.3-2021.10/bin/../lib/gcc/arm-none-eabi/10.3.1/../../../../arm-none-eabi/lib/thumb/v7e-m+fp/hard\libc.a(lib_a-svfprintf.o)
 .rodata._dtoa_r.str1.4
                0x08016e68       0xa2 e:/stm32-gcc/gcc-arm-none-eabi-10.3-2021.10/bin/../lib/gcc/arm-none-eabi/10.3.1/../../../../arm-none-eabi/lib/thumb/v7e-m+fp/hard\libc.a(lib_a-dtoa.o)
                                 0xa6 (size before relaxing)
 *fill*         0x08016f0a        0x2 
 .rodata.__multadd.str1.4
                0x08016f0c       0x7f e:/stm32-gcc/gcc-arm-none-eabi-10.3-2021.10/bin/../lib/gcc/arm-none-eabi/10.3.1/../../../../arm-none-eabi/lib/thumb/v7e-m+fp/hard\libc.a(lib_a-mprec.o)
                                 0x93 (size before relaxing)
 *fill*         0x08016f8b        0x5 
 .rodata.__mprec_bigtens
                0x08016f90       0x28 e:/stm32-gcc/gcc-arm-none-eabi-10.3-2021.10/bin/../lib/gcc/arm-none-eabi/10.3.1/../../../../arm-none-eabi/lib/thumb/v7e-m+fp/hard\libc.a(lib_a-mprec.o)
                0x08016f90                __mprec_bigtens
 .rodata.__mprec_tens
                0x08016fb8       0xc8 e:/stm32-gcc/gcc-arm-none-eabi-10.3-2021.10/bin/../lib/gcc/arm-none-eabi/10.3.1/../../../../arm-none-eabi/lib/thumb/v7e-m+fp/hard\libc.a(lib_a-mprec.o)
                0x08016fb8                __mprec_tens
 .rodata.p05.0  0x08017080        0xc e:/stm32-gcc/gcc-arm-none-eabi-10.3-2021.10/bin/../lib/gcc/arm-none-eabi/10.3.1/../../../../arm-none-eabi/lib/thumb/v7e-m+fp/hard\libc.a(lib_a-mprec.o)
 .rodata.__assert_func.str1.4
                0x0801708c       0x3f e:/stm32-gcc/gcc-arm-none-eabi-10.3-2021.10/bin/../lib/gcc/arm-none-eabi/10.3.1/../../../../arm-none-eabi/lib/thumb/v7e-m+fp/hard\libc.a(lib_a-assert.o)
                                 0x43 (size before relaxing)
 *fill*         0x080170cb        0x1 
 .rodata._setlocale_r.str1.4
                0x080170cc        0xa e:/stm32-gcc/gcc-arm-none-eabi-10.3-2021.10/bin/../lib/gcc/arm-none-eabi/10.3.1/../../../../arm-none-eabi/lib/thumb/v7e-m+fp/hard\libc.a(lib_a-locale.o)
                                  0xd (size before relaxing)
 *fill*         0x080170d6        0x2 
 .rodata.str1.4
                0x080170d8        0x2 e:/stm32-gcc/gcc-arm-none-eabi-10.3-2021.10/bin/../lib/gcc/arm-none-eabi/10.3.1/../../../../arm-none-eabi/lib/thumb/v7e-m+fp/hard\libc.a(lib_a-locale.o)
 .rodata._vfiprintf_r.str1.4
                0x080170da       0x2f e:/stm32-gcc/gcc-arm-none-eabi-10.3-2021.10/bin/../lib/gcc/arm-none-eabi/10.3.1/../../../../arm-none-eabi/lib/thumb/v7e-m+fp/hard\libc.a(lib_a-vfiprintf.o)
 *fill*         0x080170da        0x2 
 .rodata.blanks.1
                0x080170dc       0x10 e:/stm32-gcc/gcc-arm-none-eabi-10.3-2021.10/bin/../lib/gcc/arm-none-eabi/10.3.1/../../../../arm-none-eabi/lib/thumb/v7e-m+fp/hard\libc.a(lib_a-vfiprintf.o)
 .rodata.zeroes.0
                0x080170ec       0x10 e:/stm32-gcc/gcc-arm-none-eabi-10.3-2021.10/bin/../lib/gcc/arm-none-eabi/10.3.1/../../../../arm-none-eabi/lib/thumb/v7e-m+fp/hard\libc.a(lib_a-vfiprintf.o)
 .rodata._ctype_
                0x080170fc      0x101 e:/stm32-gcc/gcc-arm-none-eabi-10.3-2021.10/bin/../lib/gcc/arm-none-eabi/10.3.1/../../../../arm-none-eabi/lib/thumb/v7e-m+fp/hard\libc.a(lib_a-ctype_.o)
                0x080170fc                _ctype_
 .rodata.log.str1.4
                0x080171fd        0x1 e:/stm32-gcc/gcc-arm-none-eabi-10.3-2021.10/bin/../lib/gcc/arm-none-eabi/10.3.1/../../../../arm-none-eabi/lib/thumb/v7e-m+fp/hard\libm.a(lib_a-w_log.o)
 *fill*         0x080171fd        0x3 
 .rodata.halF   0x08017200       0x10 e:/stm32-gcc/gcc-arm-none-eabi-10.3-2021.10/bin/../lib/gcc/arm-none-eabi/10.3.1/../../../../arm-none-eabi/lib/thumb/v7e-m+fp/hard\libm.a(lib_a-e_exp.o)
 .rodata.ln2HI  0x08017210       0x10 e:/stm32-gcc/gcc-arm-none-eabi-10.3-2021.10/bin/../lib/gcc/arm-none-eabi/10.3.1/../../../../arm-none-eabi/lib/thumb/v7e-m+fp/hard\libm.a(lib_a-e_exp.o)
 .rodata.ln2LO  0x08017220       0x10 e:/stm32-gcc/gcc-arm-none-eabi-10.3-2021.10/bin/../lib/gcc/arm-none-eabi/10.3.1/../../../../arm-none-eabi/lib/thumb/v7e-m+fp/hard\libm.a(lib_a-e_exp.o)
                0x08017230                . = ALIGN (0x4)

.ARM.extab
 *(.ARM.extab* .gnu.linkonce.armextab.*)

.ARM            0x08017230        0x8
                0x08017230                __exidx_start = .
 *(.ARM.exidx*)
 .ARM.exidx     0x08017230        0x8 e:/stm32-gcc/gcc-arm-none-eabi-10.3-2021.10/bin/../lib/gcc/arm-none-eabi/10.3.1/thumb/v7e-m+fp/hard\libgcc.a(_udivmoddi4.o)
                0x08017238                __exidx_end = .

.rel.dyn        0x08017238        0x0
 .rel.iplt      0x08017238        0x0 e:/stm32-gcc/gcc-arm-none-eabi-10.3-2021.10/bin/../lib/gcc/arm-none-eabi/10.3.1/thumb/v7e-m+fp/hard/crtbegin.o

.preinit_array  0x08017238        0x0
                0x08017238                PROVIDE (__preinit_array_start = .)
 *(.preinit_array*)
                0x08017238                PROVIDE (__preinit_array_end = .)

.init_array     0x08017238        0x8
                0x08017238                PROVIDE (__init_array_start = .)
 *(SORT_BY_NAME(.init_array.*))
 .init_array.00000
                0x08017238        0x4 e:/stm32-gcc/gcc-arm-none-eabi-10.3-2021.10/bin/../lib/gcc/arm-none-eabi/10.3.1/../../../../arm-none-eabi/lib/thumb/v7e-m+fp/hard\libc.a(lib_a-__call_atexit.o)
 *(.init_array*)
 .init_array    0x0801723c        0x4 e:/stm32-gcc/gcc-arm-none-eabi-10.3-2021.10/bin/../lib/gcc/arm-none-eabi/10.3.1/thumb/v7e-m+fp/hard/crtbegin.o
                0x08017240                PROVIDE (__init_array_end = .)

.fini_array     0x08017240        0x4
                0x08017240                PROVIDE (__fini_array_start = .)
 *(SORT_BY_NAME(.fini_array.*))
 *(.fini_array*)
 .fini_array    0x08017240        0x4 e:/stm32-gcc/gcc-arm-none-eabi-10.3-2021.10/bin/../lib/gcc/arm-none-eabi/10.3.1/thumb/v7e-m+fp/hard/crtbegin.o
                0x08017244                PROVIDE (__fini_array_end = .)